[2026-08-05T13:07:08+08:00] DRIVER START pid=1986659 host=h3c
[2026-08-05T13:07:08+08:00] MODE=two_segment SPLITS='train' GPUS='0' batch=128 max_new=512
[2026-08-05T13:07:08+08:00] checkpoint=/home/bc/data/runs/q3vl_base_sft_20260804/checkpoint-4976
[2026-08-05T13:07:08+08:00] checkpoint weight shards: 2
[2026-08-05T13:07:08+08:00] split train: 159215 samples, 8 shards, final -> /mnt/nfs/bc/data/datasets/where_b-20260805/genwhere/train
[2026-08-05T13:07:08+08:00] GPU 0: 4 MiB in use
[2026-08-05T13:07:08+08:00] PROBE-OK genctx_dual ready: interpreter, checkpoint, train indexes, free GPUs, stage root
[2026-08-05T13:07:08+08:00] TASK SLICE 0/2: 4 of 8 shard jobs
[2026-08-05T13:07:08+08:00]   (the other slice belongs to another driver; DO_MERGE must be 0 on both)
[2026-08-05T13:07:08+08:00] PLAN: 4 shard jobs over 1 card(s)
[2026-08-05T13:07:08+08:00]   GPU 0 <- train:0:8 train:2:8 train:4:8 train:6:8
[2026-08-05T13:07:08+08:00] workers: 1986694
[2026-08-05T13:07:08+08:00] [gpu0] two_segment_train_shard00of08: START -> /mnt/nfs/bc/data/datasets/where_b-20260805/genwhere/_shards/two_segment/train/shard00of08/train
1986700       00:05 /home/bc/envs/q3vl_sft/bin/python /home/bc/VeraRetouch/experiments/Q3VL_metacanvas_where_what_20260804/where_b/genctx_jobs/genctx_shard.py --split train --shard 0 --num-shards 8 --shard-mode interleave --out-root /mnt/nfs/bc/data/datasets/where_b-20260805/genwhere/_shards/two_segment/train --report-dir /home/bc/VeraRetouch/experiments/Q3VL_metacanvas_where_what_20260804/where_b/genctx_jobs/reports/two_segment/train --checkpoint /home/bc/data/runs/q3vl_base_sft_20260804/checkpoint-4976 --batch-size 128 --max-new-tokens 512
[2026-08-05T13:07:23+08:00] [gpu0] two_segment_train_shard00of08: RUNNING pid=1986700 (setup JSON after 10s)
[2026-08-05T14:32:56+08:00] [gpu0] two_segment_train_shard00of08: END rc=0
[2026-08-05T14:32:56+08:00] [gpu0] two_segment_train_shard02of08: START -> /mnt/nfs/bc/data/datasets/where_b-20260805/genwhere/_shards/two_segment/train/shard02of08/train
2118658       00:05 /home/bc/envs/q3vl_sft/bin/python /home/bc/VeraRetouch/experiments/Q3VL_metacanvas_where_what_20260804/where_b/genctx_jobs/genctx_shard.py --split train --shard 2 --num-shards 8 --shard-mode interleave --out-root /mnt/nfs/bc/data/datasets/where_b-20260805/genwhere/_shards/two_segment/train --report-dir /home/bc/VeraRetouch/experiments/Q3VL_metacanvas_where_what_20260804/where_b/genctx_jobs/reports/two_segment/train --checkpoint /home/bc/data/runs/q3vl_base_sft_20260804/checkpoint-4976 --batch-size 128 --max-new-tokens 512
[2026-08-05T14:33:21+08:00] [gpu0] two_segment_train_shard02of08: RUNNING pid=2118658 (setup JSON after 20s)
[2026-08-05T15:58:24+08:00] [gpu0] two_segment_train_shard02of08: END rc=0
[2026-08-05T15:58:24+08:00] [gpu0] two_segment_train_shard04of08: START -> /mnt/nfs/bc/data/datasets/where_b-20260805/genwhere/_shards/two_segment/train/shard04of08/train
2293710       00:05 /home/bc/envs/q3vl_sft/bin/python /home/bc/VeraRetouch/experiments/Q3VL_metacanvas_where_what_20260804/where_b/genctx_jobs/genctx_shard.py --split train --shard 4 --num-shards 8 --shard-mode interleave --out-root /mnt/nfs/bc/data/datasets/where_b-20260805/genwhere/_shards/two_segment/train --report-dir /home/bc/VeraRetouch/experiments/Q3VL_metacanvas_where_what_20260804/where_b/genctx_jobs/reports/two_segment/train --checkpoint /home/bc/data/runs/q3vl_base_sft_20260804/checkpoint-4976 --batch-size 128 --max-new-tokens 512
[2026-08-05T15:58:39+08:00] [gpu0] two_segment_train_shard04of08: RUNNING pid=2293710 (setup JSON after 10s)
[2026-08-05T17:22:52+08:00] [gpu0] two_segment_train_shard04of08: END rc=0
[2026-08-05T17:22:52+08:00] [gpu0] two_segment_train_shard06of08: START -> /mnt/nfs/bc/data/datasets/where_b-20260805/genwhere/_shards/two_segment/train/shard06of08/train
2442567       00:05 /home/bc/envs/q3vl_sft/bin/python /home/bc/VeraRetouch/experiments/Q3VL_metacanvas_where_what_20260804/where_b/genctx_jobs/genctx_shard.py --split train --shard 6 --num-shards 8 --shard-mode interleave --out-root /mnt/nfs/bc/data/datasets/where_b-20260805/genwhere/_shards/two_segment/train --report-dir /home/bc/VeraRetouch/experiments/Q3VL_metacanvas_where_what_20260804/where_b/genctx_jobs/reports/two_segment/train --checkpoint /home/bc/data/runs/q3vl_base_sft_20260804/checkpoint-4976 --batch-size 128 --max-new-tokens 512
[2026-08-05T17:23:57+08:00] [gpu0] two_segment_train_shard06of08: RUNNING pid=2442567 (setup JSON after 60s)
[2026-08-05T18:47:46+08:00] [gpu0] two_segment_train_shard06of08: END rc=0
[2026-08-05T18:47:46+08:00] [gpu0] worker done rc=0
[2026-08-05T18:47:46+08:00] all workers finished; worst worker rc=0
[2026-08-05T18:47:46+08:00] DRIVER EXIT rc=0
