[waiter] 2026-08-05T13:07:21+08:00 waiting for Where-A bench_calibration pid=1983301 (ps -p, never pgrep)
[waiter] 2026-08-05T13:07:21+08:00 bench pid=1983301 has exited
[waiter] 2026-08-05T13:07:21+08:00 GPU1 at 4 MiB -- handing it to task slice 1/2 at B=128
[2026-08-05T13:07:21+08:00] DRIVER START pid=1987066 host=h3c
[2026-08-05T13:07:21+08:00] MODE=two_segment SPLITS='train' GPUS='1' batch=128 max_new=512
[2026-08-05T13:07:21+08:00] checkpoint=/home/bc/data/runs/q3vl_base_sft_20260804/checkpoint-4976
[2026-08-05T13:07:21+08:00] checkpoint weight shards: 2
[2026-08-05T13:07:21+08:00] split train: 159215 samples, 8 shards, final -> /mnt/nfs/bc/data/datasets/where_b-20260805/genwhere/train
[2026-08-05T13:07:21+08:00] GPU 1: 4 MiB in use
[2026-08-05T13:07:21+08:00] PROBE-OK genctx_dual ready: interpreter, checkpoint, train indexes, free GPUs, stage root
[2026-08-05T13:07:21+08:00] TASK SLICE 1/2: 4 of 8 shard jobs
[2026-08-05T13:07:21+08:00]   (the other slice belongs to another driver; DO_MERGE must be 0 on both)
[2026-08-05T13:07:21+08:00] PLAN: 4 shard jobs over 1 card(s)
[2026-08-05T13:07:21+08:00]   GPU 1 <- train:1:8 train:3:8 train:5:8 train:7:8
[2026-08-05T13:07:21+08:00] workers: 1987129
[2026-08-05T13:07:21+08:00] [gpu1] two_segment_train_shard01of08: START -> /mnt/nfs/bc/data/datasets/where_b-20260805/genwhere/_shards/two_segment/train/shard01of08/train
1987135       00:05 /home/bc/envs/q3vl_sft/bin/python /home/bc/VeraRetouch/experiments/Q3VL_metacanvas_where_what_20260804/where_b/genctx_jobs/genctx_shard.py --split train --shard 1 --num-shards 8 --shard-mode interleave --out-root /mnt/nfs/bc/data/datasets/where_b-20260805/genwhere/_shards/two_segment/train --report-dir /home/bc/VeraRetouch/experiments/Q3VL_metacanvas_where_what_20260804/where_b/genctx_jobs/reports/two_segment/train --checkpoint /home/bc/data/runs/q3vl_base_sft_20260804/checkpoint-4976 --batch-size 128 --max-new-tokens 512
[2026-08-05T13:07:36+08:00] [gpu1] two_segment_train_shard01of08: RUNNING pid=1987135 (setup JSON after 10s)
[2026-08-05T14:34:03+08:00] [gpu1] two_segment_train_shard01of08: END rc=0
[2026-08-05T14:34:03+08:00] [gpu1] two_segment_train_shard03of08: START -> /mnt/nfs/bc/data/datasets/where_b-20260805/genwhere/_shards/two_segment/train/shard03of08/train
2120967       00:05 /home/bc/envs/q3vl_sft/bin/python /home/bc/VeraRetouch/experiments/Q3VL_metacanvas_where_what_20260804/where_b/genctx_jobs/genctx_shard.py --split train --shard 3 --num-shards 8 --shard-mode interleave --out-root /mnt/nfs/bc/data/datasets/where_b-20260805/genwhere/_shards/two_segment/train --report-dir /home/bc/VeraRetouch/experiments/Q3VL_metacanvas_where_what_20260804/where_b/genctx_jobs/reports/two_segment/train --checkpoint /home/bc/data/runs/q3vl_base_sft_20260804/checkpoint-4976 --batch-size 128 --max-new-tokens 512
[2026-08-05T14:34:18+08:00] [gpu1] two_segment_train_shard03of08: RUNNING pid=2120967 (setup JSON after 10s)
[2026-08-05T16:00:10+08:00] [gpu1] two_segment_train_shard03of08: END rc=0
[2026-08-05T16:00:10+08:00] [gpu1] two_segment_train_shard05of08: START -> /mnt/nfs/bc/data/datasets/where_b-20260805/genwhere/_shards/two_segment/train/shard05of08/train
2298328       00:05 /home/bc/envs/q3vl_sft/bin/python /home/bc/VeraRetouch/experiments/Q3VL_metacanvas_where_what_20260804/where_b/genctx_jobs/genctx_shard.py --split train --shard 5 --num-shards 8 --shard-mode interleave --out-root /mnt/nfs/bc/data/datasets/where_b-20260805/genwhere/_shards/two_segment/train --report-dir /home/bc/VeraRetouch/experiments/Q3VL_metacanvas_where_what_20260804/where_b/genctx_jobs/reports/two_segment/train --checkpoint /home/bc/data/runs/q3vl_base_sft_20260804/checkpoint-4976 --batch-size 128 --max-new-tokens 512
[2026-08-05T16:00:25+08:00] [gpu1] two_segment_train_shard05of08: RUNNING pid=2298328 (setup JSON after 10s)
[2026-08-05T17:25:53+08:00] [gpu1] two_segment_train_shard05of08: END rc=0
[2026-08-05T17:25:53+08:00] [gpu1] two_segment_train_shard07of08: START -> /mnt/nfs/bc/data/datasets/where_b-20260805/genwhere/_shards/two_segment/train/shard07of08/train
2445961       00:05 /home/bc/envs/q3vl_sft/bin/python /home/bc/VeraRetouch/experiments/Q3VL_metacanvas_where_what_20260804/where_b/genctx_jobs/genctx_shard.py --split train --shard 7 --num-shards 8 --shard-mode interleave --out-root /mnt/nfs/bc/data/datasets/where_b-20260805/genwhere/_shards/two_segment/train --report-dir /home/bc/VeraRetouch/experiments/Q3VL_metacanvas_where_what_20260804/where_b/genctx_jobs/reports/two_segment/train --checkpoint /home/bc/data/runs/q3vl_base_sft_20260804/checkpoint-4976 --batch-size 128 --max-new-tokens 512
[2026-08-05T17:26:08+08:00] [gpu1] two_segment_train_shard07of08: RUNNING pid=2445961 (setup JSON after 10s)
[2026-08-05T18:49:52+08:00] [gpu1] two_segment_train_shard07of08: END rc=0
[2026-08-05T18:49:52+08:00] [gpu1] worker done rc=0
[2026-08-05T18:49:52+08:00] all workers finished; worst worker rc=0
[2026-08-05T18:49:52+08:00] DRIVER EXIT rc=0
