Loading checkpoint shards:   0%|          | 0/2 [00:00<?, ?it/s]Loading checkpoint shards: 100%|██████████| 2/2 [00:00<00:00, 14.22it/s]Loading checkpoint shards: 100%|██████████| 2/2 [00:00<00:00, 14.19it/s]
{"shard_plan": {"shard": 5, "num_shards": 8, "shard_mode": "interleave", "shard_tag": "shard05of08", "n_samples_before_shard": 159215, "n_samples": 19902, "shard_first_sample_id": "sft_00020ed17b2d48660f64d9066934b92d", "shard_last_sample_id": "sft_fffedc18e9c16c4d2b2d6c446723b825"}}
{
  "split": "train",
  "mode": "forced_color",
  "checkpoint": "/home/bc/data/runs/q3vl_base_sft_20260804/checkpoint-4976",
  "env": {
    "git_commit": "af99fa3ac64af6ef42a4f3856b5d7a428aafaf7d",
    "python": "3.12.12",
    "torch": "2.10.0+cu128",
    "cuda_available": true
  },
  "special_token_ids": {
    "<where>": 151669,
    "</where>": 151670,
    "<color>": 151671,
    "</color>": 151672
  },
  "vlm": {
    "layer": -1,
    "final_norm": true,
    "use_hook": true,
    "text_hidden": 2560,
    "n_text_layers": 36,
    "n_vision_blocks": 24,
    "dtype": "torch.bfloat16",
    "device": "cuda",
    "any_param_requires_grad": false
  },
  "dataset": {
    "split": "train",
    "need_mask": false,
    "mask_source": null,
    "n_samples": 19902,
    "shard": 5,
    "num_shards": 8,
    "shard_mode": "interleave",
    "shard_tag": "shard05of08",
    "n_samples_before_shard": 159215,
    "shard_first_sample_id": "sft_00020ed17b2d48660f64d9066934b92d",
    "shard_last_sample_id": "sft_fffedc18e9c16c4d2b2d6c446723b825"
  },
  "n_samples": 19902,
  "batch_size": 128,
  "max_new_tokens": 512,
  "max_context_tokens": 96,
  "where_max_tokens": 96,
  "color_max_tokens": 384,
  "schema_version": "q3vl.where_b.genwhere/2",
  "out_root": "/mnt/nfs/bc/data/datasets/where_b-20260805/genwhere/_shards/forced_color/train/shard05of08/train-forced_color"
}
The following generation flags are not valid and may be ignored: ['temperature', 'top_p', 'top_k']. Set `TRANSFORMERS_VERBOSITY=info` for more details.
{"done": 256, "of": 19902, "samples_per_s": 3.08, "eta_s": 6373}
{"done": 512, "of": 19902, "samples_per_s": 3.07, "eta_s": 6323}
{"done": 640, "of": 19902, "samples_per_s": 2.94, "eta_s": 6548}
{"done": 896, "of": 19902, "samples_per_s": 2.98, "eta_s": 6379}
{"done": 1024, "of": 19902, "samples_per_s": 2.97, "eta_s": 6351}
{"done": 1280, "of": 19902, "samples_per_s": 2.94, "eta_s": 6324}
{"done": 1408, "of": 19902, "samples_per_s": 2.92, "eta_s": 6337}
{"done": 1664, "of": 19902, "samples_per_s": 2.91, "eta_s": 6277}
{"done": 1920, "of": 19902, "samples_per_s": 2.92, "eta_s": 6160}
{"done": 2048, "of": 19902, "samples_per_s": 2.92, "eta_s": 6107}
{"done": 2304, "of": 19902, "samples_per_s": 2.92, "eta_s": 6036}
{"done": 2432, "of": 19902, "samples_per_s": 2.91, "eta_s": 6000}
{"done": 2688, "of": 19902, "samples_per_s": 2.92, "eta_s": 5904}
{"done": 2816, "of": 19902, "samples_per_s": 2.94, "eta_s": 5817}
{"done": 3072, "of": 19902, "samples_per_s": 2.95, "eta_s": 5709}
{"done": 3200, "of": 19902, "samples_per_s": 2.95, "eta_s": 5661}
{"done": 3456, "of": 19902, "samples_per_s": 2.98, "eta_s": 5512}
{"done": 3712, "of": 19902, "samples_per_s": 2.98, "eta_s": 5434}
{"done": 3840, "of": 19902, "samples_per_s": 3.0, "eta_s": 5361}
{"done": 4096, "of": 19902, "samples_per_s": 3.0, "eta_s": 5277}
{"done": 4224, "of": 19902, "samples_per_s": 3.0, "eta_s": 5224}
{"done": 4480, "of": 19902, "samples_per_s": 2.99, "eta_s": 5160}
{"done": 4608, "of": 19902, "samples_per_s": 3.0, "eta_s": 5090}
{"done": 4864, "of": 19902, "samples_per_s": 3.0, "eta_s": 5017}
{"done": 5120, "of": 19902, "samples_per_s": 2.99, "eta_s": 4952}
{"done": 5248, "of": 19902, "samples_per_s": 2.99, "eta_s": 4899}
{"done": 5504, "of": 19902, "samples_per_s": 2.99, "eta_s": 4811}
{"done": 5632, "of": 19902, "samples_per_s": 2.98, "eta_s": 4794}
{"done": 5888, "of": 19902, "samples_per_s": 2.96, "eta_s": 4741}
{"done": 6016, "of": 19902, "samples_per_s": 2.96, "eta_s": 4699}
{"done": 6272, "of": 19902, "samples_per_s": 2.96, "eta_s": 4602}
{"done": 6400, "of": 19902, "samples_per_s": 2.95, "eta_s": 4575}
{"done": 6656, "of": 19902, "samples_per_s": 2.96, "eta_s": 4483}
{"done": 6912, "of": 19902, "samples_per_s": 2.95, "eta_s": 4410}
{"done": 7040, "of": 19902, "samples_per_s": 2.94, "eta_s": 4370}
{"done": 7296, "of": 19902, "samples_per_s": 2.94, "eta_s": 4293}
{"done": 7424, "of": 19902, "samples_per_s": 2.95, "eta_s": 4237}
{"done": 7680, "of": 19902, "samples_per_s": 2.94, "eta_s": 4158}
{"done": 7808, "of": 19902, "samples_per_s": 2.93, "eta_s": 4124}
{"done": 8064, "of": 19902, "samples_per_s": 2.94, "eta_s": 4030}
{"done": 8320, "of": 19902, "samples_per_s": 2.93, "eta_s": 3959}
{"done": 8448, "of": 19902, "samples_per_s": 2.92, "eta_s": 3920}
{"done": 8704, "of": 19902, "samples_per_s": 2.92, "eta_s": 3837}
{"done": 8832, "of": 19902, "samples_per_s": 2.92, "eta_s": 3793}
{"done": 9088, "of": 19902, "samples_per_s": 2.92, "eta_s": 3707}
{"done": 9216, "of": 19902, "samples_per_s": 2.92, "eta_s": 3659}
{"done": 9472, "of": 19902, "samples_per_s": 2.92, "eta_s": 3567}
{"done": 9600, "of": 19902, "samples_per_s": 2.93, "eta_s": 3514}
{"done": 9856, "of": 19902, "samples_per_s": 2.93, "eta_s": 3430}
{"done": 10112, "of": 19902, "samples_per_s": 2.93, "eta_s": 3343}
{"done": 10240, "of": 19902, "samples_per_s": 2.93, "eta_s": 3301}
{"done": 10496, "of": 19902, "samples_per_s": 2.93, "eta_s": 3215}
{"done": 10624, "of": 19902, "samples_per_s": 2.93, "eta_s": 3168}
{"done": 10880, "of": 19902, "samples_per_s": 2.93, "eta_s": 3076}
{"done": 11008, "of": 19902, "samples_per_s": 2.93, "eta_s": 3034}
{"done": 11264, "of": 19902, "samples_per_s": 2.94, "eta_s": 2942}
{"done": 11520, "of": 19902, "samples_per_s": 2.93, "eta_s": 2859}
{"done": 11648, "of": 19902, "samples_per_s": 2.92, "eta_s": 2822}
{"done": 11904, "of": 19902, "samples_per_s": 2.93, "eta_s": 2733}
{"done": 12032, "of": 19902, "samples_per_s": 2.93, "eta_s": 2688}
{"done": 12288, "of": 19902, "samples_per_s": 2.93, "eta_s": 2599}
{"done": 12416, "of": 19902, "samples_per_s": 2.93, "eta_s": 2554}
{"done": 12672, "of": 19902, "samples_per_s": 2.93, "eta_s": 2470}
{"done": 12800, "of": 19902, "samples_per_s": 2.92, "eta_s": 2429}
{"done": 13056, "of": 19902, "samples_per_s": 2.93, "eta_s": 2339}
{"done": 13312, "of": 19902, "samples_per_s": 2.93, "eta_s": 2247}
{"done": 13440, "of": 19902, "samples_per_s": 2.93, "eta_s": 2205}
{"done": 13696, "of": 19902, "samples_per_s": 2.93, "eta_s": 2121}
{"done": 13824, "of": 19902, "samples_per_s": 2.93, "eta_s": 2077}
{"done": 14080, "of": 19902, "samples_per_s": 2.93, "eta_s": 1987}
{"done": 14208, "of": 19902, "samples_per_s": 2.93, "eta_s": 1943}
{"done": 14464, "of": 19902, "samples_per_s": 2.93, "eta_s": 1854}
{"done": 14720, "of": 19902, "samples_per_s": 2.94, "eta_s": 1763}
{"done": 14848, "of": 19902, "samples_per_s": 2.94, "eta_s": 1719}
{"done": 15104, "of": 19902, "samples_per_s": 2.94, "eta_s": 1630}
{"done": 15232, "of": 19902, "samples_per_s": 2.95, "eta_s": 1585}
{"done": 15488, "of": 19902, "samples_per_s": 2.95, "eta_s": 1498}
{"done": 15616, "of": 19902, "samples_per_s": 2.95, "eta_s": 1455}
{"done": 15872, "of": 19902, "samples_per_s": 2.94, "eta_s": 1371}
{"done": 16000, "of": 19902, "samples_per_s": 2.94, "eta_s": 1328}
{"done": 16256, "of": 19902, "samples_per_s": 2.93, "eta_s": 1242}
{"done": 16512, "of": 19902, "samples_per_s": 2.93, "eta_s": 1156}
{"done": 16640, "of": 19902, "samples_per_s": 2.93, "eta_s": 1113}
{"done": 16896, "of": 19902, "samples_per_s": 2.93, "eta_s": 1026}
{"done": 17024, "of": 19902, "samples_per_s": 2.93, "eta_s": 983}
{"done": 17280, "of": 19902, "samples_per_s": 2.92, "eta_s": 897}
{"done": 17408, "of": 19902, "samples_per_s": 2.92, "eta_s": 854}
{"done": 17664, "of": 19902, "samples_per_s": 2.92, "eta_s": 767}
{"done": 17920, "of": 19902, "samples_per_s": 2.91, "eta_s": 680}
{"done": 18048, "of": 19902, "samples_per_s": 2.91, "eta_s": 636}
{"done": 18304, "of": 19902, "samples_per_s": 2.91, "eta_s": 548}
{"done": 18432, "of": 19902, "samples_per_s": 2.91, "eta_s": 505}
{"done": 18688, "of": 19902, "samples_per_s": 2.91, "eta_s": 417}
{"done": 18816, "of": 19902, "samples_per_s": 2.91, "eta_s": 373}
{"done": 19072, "of": 19902, "samples_per_s": 2.92, "eta_s": 285}
{"done": 19200, "of": 19902, "samples_per_s": 2.91, "eta_s": 241}
{"done": 19456, "of": 19902, "samples_per_s": 2.91, "eta_s": 153}
{"done": 19712, "of": 19902, "samples_per_s": 2.9, "eta_s": 65}
{"done": 19840, "of": 19902, "samples_per_s": 2.9, "eta_s": 21}
{"done": 19902, "of": 19902, "samples_per_s": 2.89, "eta_s": 0}
{
  "generation_seconds": 6881.1,
  "samples_per_second": 2.892,
  "summary": {
    "n": 19902,
    "modes": [
      "forced_color"
    ],
    "schema_versions": [
      "q3vl.where_b.genwhere/2"
    ],
    "format_failure_rate": 0.0,
    "truncation_rate": 0.0,
    "starts_with_where_open_rate": 0.0,
    "stop_reasons": {
      "suppressed_by_mode": 19902
    },
    "where_tokens": {
      "min": 0,
      "p50": 0,
      "p95": 0,
      "max": 0
    },
    "generated_tokens": {
      "min": 246,
      "p50": 269,
      "p95": 301,
      "max": 320
    },
    "segments_overlap_rate": 0.0,
    "color": {
      "n": 19902,
      "format_failure_rate": 0.0,
      "truncation_rate": 0.0,
      "starts_with_color_open_rate": 1.0,
      "stop_reasons": {
        "closed": 19902
      },
      "color_tokens": {
        "min": 121,
        "p50": 194,
        "p95": 237,
        "max": 319
      }
    },
    "both_segments_well_formed_rate": 1.0
  },
  "manifest": {
    "status": "complete",
    "member_count": 19902,
    "sample_count": 19902,
    "shard_count": 1
  },
  "store": {
    "n": 19902,
    "modes": [
      "forced_color"
    ],
    "schema_versions": [
      "q3vl.where_b.genwhere/2"
    ],
    "format_failure_rate": 0.0,
    "truncation_rate": 0.0,
    "starts_with_where_open_rate": 0.0,
    "stop_reasons": {
      "suppressed_by_mode": 19902
    },
    "where_tokens": {
      "min": 0,
      "p50": 0,
      "p95": 0,
      "max": 0
    },
    "generated_tokens": {
      "min": 246,
      "p50": 269,
      "p95": 301,
      "max": 320
    },
    "segments_overlap_rate": 0.0,
    "color": {
      "n": 19902,
      "format_failure_rate": 0.0,
      "truncation_rate": 0.0,
      "starts_with_color_open_rate": 1.0,
      "stop_reasons": {
        "closed": 19902
      },
      "color_tokens": {
        "min": 121,
        "p50": 194,
        "p95": 237,
        "max": 319
      }
    },
    "both_segments_well_formed_rate": 1.0,
    "root": "/mnt/nfs/bc/data/datasets/where_b-20260805/genwhere/_shards/forced_color/train/shard05of08/train-forced_color",
    "status": "complete",
    "member_count": 19902,
    "sample_count": 19902,
    "shard_count": 1,
    "index_rows": 19902
  },
  "peak_memory_gib": 32.88
}
