Loading checkpoint shards:   0%|          | 0/2 [00:00<?, ?it/s]Loading checkpoint shards:  50%|█████     | 1/2 [00:00<00:00,  1.09it/s]Loading checkpoint shards: 100%|██████████| 2/2 [00:01<00:00,  1.13it/s]Loading checkpoint shards: 100%|██████████| 2/2 [00:01<00:00,  1.13it/s]
{"shard_plan": {"shard": 0, "num_shards": 2, "shard_mode": "interleave", "shard_tag": "shard00of02", "n_samples_before_shard": 897, "n_samples": 449, "shard_first_sample_id": "sft_002170cf2d81b95329b29ac1a3ef284f", "shard_last_sample_id": "sft_ffa0ff124b351e234afda87526361c5b"}}
{
  "split": "V_what",
  "mode": "forced_color",
  "checkpoint": "/home/bc/data/runs/q3vl_base_sft_20260804/checkpoint-4976",
  "env": {
    "git_commit": "08992d26c7dbdb8629d4dd3b8ea9a3a102ab0dae",
    "python": "3.12.12",
    "torch": "2.10.0+cu128",
    "cuda_available": true
  },
  "special_token_ids": {
    "<where>": 151669,
    "</where>": 151670,
    "<color>": 151671,
    "</color>": 151672
  },
  "vlm": {
    "layer": -1,
    "final_norm": true,
    "use_hook": true,
    "text_hidden": 2560,
    "n_text_layers": 36,
    "n_vision_blocks": 24,
    "dtype": "torch.bfloat16",
    "device": "cuda",
    "any_param_requires_grad": false
  },
  "dataset": {
    "split": "V_what",
    "need_mask": false,
    "mask_source": null,
    "n_samples": 449,
    "shard": 0,
    "num_shards": 2,
    "shard_mode": "interleave",
    "shard_tag": "shard00of02",
    "n_samples_before_shard": 897,
    "shard_first_sample_id": "sft_002170cf2d81b95329b29ac1a3ef284f",
    "shard_last_sample_id": "sft_ffa0ff124b351e234afda87526361c5b"
  },
  "n_samples": 449,
  "batch_size": 128,
  "max_new_tokens": 512,
  "max_context_tokens": 96,
  "where_max_tokens": 96,
  "color_max_tokens": 384,
  "schema_version": "q3vl.where_b.genwhere/2",
  "out_root": "/mnt/nfs/bc/data/datasets/where_b-20260805/genwhere/_shards/forced_color/V_what/shard00of02/V_what-forced_color"
}
The following generation flags are not valid and may be ignored: ['temperature', 'top_p', 'top_k']. Set `TRANSFORMERS_VERBOSITY=info` for more details.
{"done": 256, "of": 449, "samples_per_s": 3.55, "eta_s": 54}
{"done": 449, "of": 449, "samples_per_s": 3.2, "eta_s": 0}
{
  "generation_seconds": 140.2,
  "samples_per_second": 3.204,
  "summary": {
    "n": 449,
    "modes": [
      "forced_color"
    ],
    "schema_versions": [
      "q3vl.where_b.genwhere/2"
    ],
    "format_failure_rate": 0.0,
    "truncation_rate": 0.0,
    "starts_with_where_open_rate": 0.0,
    "stop_reasons": {
      "suppressed_by_mode": 449
    },
    "where_tokens": {
      "min": 0,
      "p50": 0,
      "p95": 0,
      "max": 0
    },
    "generated_tokens": {
      "min": 257,
      "p50": 268,
      "p95": 291,
      "max": 291
    },
    "segments_overlap_rate": 0.0,
    "color": {
      "n": 449,
      "format_failure_rate": 0.0,
      "truncation_rate": 0.0,
      "starts_with_color_open_rate": 1.0,
      "stop_reasons": {
        "closed": 449
      },
      "color_tokens": {
        "min": 141,
        "p50": 194,
        "p95": 232,
        "max": 290
      }
    },
    "both_segments_well_formed_rate": 1.0
  },
  "manifest": {
    "status": "complete",
    "member_count": 449,
    "sample_count": 449,
    "shard_count": 1
  },
  "store": {
    "n": 449,
    "modes": [
      "forced_color"
    ],
    "schema_versions": [
      "q3vl.where_b.genwhere/2"
    ],
    "format_failure_rate": 0.0,
    "truncation_rate": 0.0,
    "starts_with_where_open_rate": 0.0,
    "stop_reasons": {
      "suppressed_by_mode": 449
    },
    "where_tokens": {
      "min": 0,
      "p50": 0,
      "p95": 0,
      "max": 0
    },
    "generated_tokens": {
      "min": 257,
      "p50": 268,
      "p95": 291,
      "max": 291
    },
    "segments_overlap_rate": 0.0,
    "color": {
      "n": 449,
      "format_failure_rate": 0.0,
      "truncation_rate": 0.0,
      "starts_with_color_open_rate": 1.0,
      "stop_reasons": {
        "closed": 449
      },
      "color_tokens": {
        "min": 141,
        "p50": 194,
        "p95": 232,
        "max": 290
      }
    },
    "both_segments_well_formed_rate": 1.0,
    "root": "/mnt/nfs/bc/data/datasets/where_b-20260805/genwhere/_shards/forced_color/V_what/shard00of02/V_what-forced_color",
    "status": "complete",
    "member_count": 449,
    "sample_count": 449,
    "shard_count": 1,
    "index_rows": 449
  },
  "peak_memory_gib": 32.68
}
