Loading checkpoint shards:   0%|          | 0/2 [00:00<?, ?it/s]Loading checkpoint shards: 100%|██████████| 2/2 [00:00<00:00, 14.41it/s]Loading checkpoint shards: 100%|██████████| 2/2 [00:00<00:00, 14.37it/s]
{"shard_plan": {"shard": 7, "num_shards": 8, "shard_mode": "interleave", "shard_tag": "shard07of08", "n_samples_before_shard": 159215, "n_samples": 19901, "shard_first_sample_id": "sft_00038350c4e378de4553fc95915072c7", "shard_last_sample_id": "sft_fffb24768d1315be1b9d372d8a418446"}}
{
  "split": "train",
  "mode": "forced_color",
  "checkpoint": "/home/bc/data/runs/q3vl_base_sft_20260804/checkpoint-4976",
  "env": {
    "git_commit": "af99fa3ac64af6ef42a4f3856b5d7a428aafaf7d",
    "python": "3.12.12",
    "torch": "2.10.0+cu128",
    "cuda_available": true
  },
  "special_token_ids": {
    "<where>": 151669,
    "</where>": 151670,
    "<color>": 151671,
    "</color>": 151672
  },
  "vlm": {
    "layer": -1,
    "final_norm": true,
    "use_hook": true,
    "text_hidden": 2560,
    "n_text_layers": 36,
    "n_vision_blocks": 24,
    "dtype": "torch.bfloat16",
    "device": "cuda",
    "any_param_requires_grad": false
  },
  "dataset": {
    "split": "train",
    "need_mask": false,
    "mask_source": null,
    "n_samples": 19901,
    "shard": 7,
    "num_shards": 8,
    "shard_mode": "interleave",
    "shard_tag": "shard07of08",
    "n_samples_before_shard": 159215,
    "shard_first_sample_id": "sft_00038350c4e378de4553fc95915072c7",
    "shard_last_sample_id": "sft_fffb24768d1315be1b9d372d8a418446"
  },
  "n_samples": 19901,
  "batch_size": 128,
  "max_new_tokens": 512,
  "max_context_tokens": 96,
  "where_max_tokens": 96,
  "color_max_tokens": 384,
  "schema_version": "q3vl.where_b.genwhere/2",
  "out_root": "/mnt/nfs/bc/data/datasets/where_b-20260805/genwhere/_shards/forced_color/train/shard07of08/train-forced_color"
}
The following generation flags are not valid and may be ignored: ['temperature', 'top_p', 'top_k']. Set `TRANSFORMERS_VERBOSITY=info` for more details.
{"done": 256, "of": 19901, "samples_per_s": 2.81, "eta_s": 6990}
{"done": 512, "of": 19901, "samples_per_s": 3.0, "eta_s": 6458}
{"done": 640, "of": 19901, "samples_per_s": 3.0, "eta_s": 6420}
{"done": 896, "of": 19901, "samples_per_s": 2.93, "eta_s": 6488}
{"done": 1024, "of": 19901, "samples_per_s": 2.94, "eta_s": 6413}
{"done": 1280, "of": 19901, "samples_per_s": 2.93, "eta_s": 6354}
{"done": 1408, "of": 19901, "samples_per_s": 2.93, "eta_s": 6310}
{"done": 1664, "of": 19901, "samples_per_s": 2.96, "eta_s": 6170}
{"done": 1920, "of": 19901, "samples_per_s": 2.93, "eta_s": 6138}
{"done": 2048, "of": 19901, "samples_per_s": 2.95, "eta_s": 6055}
{"done": 2304, "of": 19901, "samples_per_s": 2.91, "eta_s": 6046}
{"done": 2432, "of": 19901, "samples_per_s": 2.9, "eta_s": 6024}
{"done": 2688, "of": 19901, "samples_per_s": 2.9, "eta_s": 5938}
{"done": 2816, "of": 19901, "samples_per_s": 2.89, "eta_s": 5910}
{"done": 3072, "of": 19901, "samples_per_s": 2.89, "eta_s": 5826}
{"done": 3200, "of": 19901, "samples_per_s": 2.88, "eta_s": 5798}
{"done": 3456, "of": 19901, "samples_per_s": 2.88, "eta_s": 5709}
{"done": 3712, "of": 19901, "samples_per_s": 2.88, "eta_s": 5615}
{"done": 3840, "of": 19901, "samples_per_s": 2.89, "eta_s": 5565}
{"done": 4096, "of": 19901, "samples_per_s": 2.89, "eta_s": 5469}
{"done": 4224, "of": 19901, "samples_per_s": 2.89, "eta_s": 5430}
{"done": 4480, "of": 19901, "samples_per_s": 2.89, "eta_s": 5345}
{"done": 4608, "of": 19901, "samples_per_s": 2.86, "eta_s": 5343}
{"done": 4864, "of": 19901, "samples_per_s": 2.81, "eta_s": 5346}
{"done": 5120, "of": 19901, "samples_per_s": 2.81, "eta_s": 5253}
{"done": 5248, "of": 19901, "samples_per_s": 2.82, "eta_s": 5204}
{"done": 5504, "of": 19901, "samples_per_s": 2.79, "eta_s": 5154}
{"done": 5632, "of": 19901, "samples_per_s": 2.79, "eta_s": 5110}
{"done": 5888, "of": 19901, "samples_per_s": 2.8, "eta_s": 5000}
{"done": 6016, "of": 19901, "samples_per_s": 2.8, "eta_s": 4951}
{"done": 6272, "of": 19901, "samples_per_s": 2.81, "eta_s": 4845}
{"done": 6400, "of": 19901, "samples_per_s": 2.82, "eta_s": 4795}
{"done": 6656, "of": 19901, "samples_per_s": 2.81, "eta_s": 4718}
{"done": 6912, "of": 19901, "samples_per_s": 2.81, "eta_s": 4620}
{"done": 7040, "of": 19901, "samples_per_s": 2.8, "eta_s": 4586}
{"done": 7296, "of": 19901, "samples_per_s": 2.8, "eta_s": 4504}
{"done": 7424, "of": 19901, "samples_per_s": 2.8, "eta_s": 4463}
{"done": 7680, "of": 19901, "samples_per_s": 2.79, "eta_s": 4383}
{"done": 7808, "of": 19901, "samples_per_s": 2.78, "eta_s": 4358}
{"done": 8064, "of": 19901, "samples_per_s": 2.78, "eta_s": 4252}
{"done": 8320, "of": 19901, "samples_per_s": 2.77, "eta_s": 4173}
{"done": 8448, "of": 19901, "samples_per_s": 2.78, "eta_s": 4127}
{"done": 8704, "of": 19901, "samples_per_s": 2.78, "eta_s": 4032}
{"done": 8832, "of": 19901, "samples_per_s": 2.78, "eta_s": 3983}
{"done": 9088, "of": 19901, "samples_per_s": 2.77, "eta_s": 3904}
{"done": 9216, "of": 19901, "samples_per_s": 2.77, "eta_s": 3859}
{"done": 9472, "of": 19901, "samples_per_s": 2.78, "eta_s": 3756}
{"done": 9600, "of": 19901, "samples_per_s": 2.78, "eta_s": 3710}
{"done": 9856, "of": 19901, "samples_per_s": 2.78, "eta_s": 3616}
{"done": 10112, "of": 19901, "samples_per_s": 2.78, "eta_s": 3526}
{"done": 10240, "of": 19901, "samples_per_s": 2.78, "eta_s": 3481}
{"done": 10496, "of": 19901, "samples_per_s": 2.78, "eta_s": 3379}
{"done": 10624, "of": 19901, "samples_per_s": 2.79, "eta_s": 3330}
{"done": 10880, "of": 19901, "samples_per_s": 2.79, "eta_s": 3229}
{"done": 11008, "of": 19901, "samples_per_s": 2.79, "eta_s": 3185}
{"done": 11264, "of": 19901, "samples_per_s": 2.8, "eta_s": 3087}
{"done": 11520, "of": 19901, "samples_per_s": 2.81, "eta_s": 2983}
{"done": 11648, "of": 19901, "samples_per_s": 2.8, "eta_s": 2943}
{"done": 11904, "of": 19901, "samples_per_s": 2.8, "eta_s": 2852}
{"done": 12032, "of": 19901, "samples_per_s": 2.8, "eta_s": 2810}
{"done": 12288, "of": 19901, "samples_per_s": 2.8, "eta_s": 2719}
{"done": 12416, "of": 19901, "samples_per_s": 2.8, "eta_s": 2671}
{"done": 12672, "of": 19901, "samples_per_s": 2.8, "eta_s": 2578}
{"done": 12800, "of": 19901, "samples_per_s": 2.81, "eta_s": 2530}
{"done": 13056, "of": 19901, "samples_per_s": 2.81, "eta_s": 2438}
{"done": 13312, "of": 19901, "samples_per_s": 2.81, "eta_s": 2343}
{"done": 13440, "of": 19901, "samples_per_s": 2.82, "eta_s": 2294}
{"done": 13696, "of": 19901, "samples_per_s": 2.82, "eta_s": 2201}
{"done": 13824, "of": 19901, "samples_per_s": 2.82, "eta_s": 2157}
{"done": 14080, "of": 19901, "samples_per_s": 2.82, "eta_s": 2064}
{"done": 14208, "of": 19901, "samples_per_s": 2.81, "eta_s": 2023}
{"done": 14464, "of": 19901, "samples_per_s": 2.82, "eta_s": 1931}
{"done": 14720, "of": 19901, "samples_per_s": 2.82, "eta_s": 1838}
{"done": 14848, "of": 19901, "samples_per_s": 2.82, "eta_s": 1791}
{"done": 15104, "of": 19901, "samples_per_s": 2.82, "eta_s": 1699}
{"done": 15232, "of": 19901, "samples_per_s": 2.82, "eta_s": 1653}
{"done": 15488, "of": 19901, "samples_per_s": 2.83, "eta_s": 1561}
{"done": 15616, "of": 19901, "samples_per_s": 2.83, "eta_s": 1515}
{"done": 15872, "of": 19901, "samples_per_s": 2.83, "eta_s": 1424}
{"done": 16000, "of": 19901, "samples_per_s": 2.83, "eta_s": 1378}
{"done": 16256, "of": 19901, "samples_per_s": 2.84, "eta_s": 1284}
{"done": 16512, "of": 19901, "samples_per_s": 2.84, "eta_s": 1192}
{"done": 16640, "of": 19901, "samples_per_s": 2.84, "eta_s": 1147}
{"done": 16896, "of": 19901, "samples_per_s": 2.85, "eta_s": 1056}
{"done": 17024, "of": 19901, "samples_per_s": 2.84, "eta_s": 1012}
{"done": 17280, "of": 19901, "samples_per_s": 2.85, "eta_s": 920}
{"done": 17408, "of": 19901, "samples_per_s": 2.85, "eta_s": 875}
{"done": 17664, "of": 19901, "samples_per_s": 2.85, "eta_s": 785}
{"done": 17920, "of": 19901, "samples_per_s": 2.85, "eta_s": 695}
{"done": 18048, "of": 19901, "samples_per_s": 2.85, "eta_s": 650}
{"done": 18304, "of": 19901, "samples_per_s": 2.85, "eta_s": 561}
{"done": 18432, "of": 19901, "samples_per_s": 2.85, "eta_s": 515}
{"done": 18688, "of": 19901, "samples_per_s": 2.85, "eta_s": 426}
{"done": 18816, "of": 19901, "samples_per_s": 2.85, "eta_s": 381}
{"done": 19072, "of": 19901, "samples_per_s": 2.85, "eta_s": 291}
{"done": 19200, "of": 19901, "samples_per_s": 2.84, "eta_s": 247}
{"done": 19456, "of": 19901, "samples_per_s": 2.84, "eta_s": 157}
{"done": 19712, "of": 19901, "samples_per_s": 2.84, "eta_s": 67}
{"done": 19840, "of": 19901, "samples_per_s": 2.84, "eta_s": 22}
{"done": 19901, "of": 19901, "samples_per_s": 2.83, "eta_s": 0}
{
  "generation_seconds": 7027.0,
  "samples_per_second": 2.832,
  "summary": {
    "n": 19901,
    "modes": [
      "forced_color"
    ],
    "schema_versions": [
      "q3vl.where_b.genwhere/2"
    ],
    "format_failure_rate": 0.0,
    "truncation_rate": 0.0,
    "starts_with_where_open_rate": 0.0,
    "stop_reasons": {
      "suppressed_by_mode": 19901
    },
    "where_tokens": {
      "min": 0,
      "p50": 0,
      "p95": 0,
      "max": 0
    },
    "generated_tokens": {
      "min": 236,
      "p50": 271,
      "p95": 311,
      "max": 325
    },
    "segments_overlap_rate": 0.0,
    "color": {
      "n": 19901,
      "format_failure_rate": 0.0,
      "truncation_rate": 0.0,
      "starts_with_color_open_rate": 1.0,
      "stop_reasons": {
        "closed": 19901
      },
      "color_tokens": {
        "min": 121,
        "p50": 194,
        "p95": 237,
        "max": 324
      }
    },
    "both_segments_well_formed_rate": 1.0
  },
  "manifest": {
    "status": "complete",
    "member_count": 19901,
    "sample_count": 19901,
    "shard_count": 1
  },
  "store": {
    "n": 19901,
    "modes": [
      "forced_color"
    ],
    "schema_versions": [
      "q3vl.where_b.genwhere/2"
    ],
    "format_failure_rate": 0.0,
    "truncation_rate": 0.0,
    "starts_with_where_open_rate": 0.0,
    "stop_reasons": {
      "suppressed_by_mode": 19901
    },
    "where_tokens": {
      "min": 0,
      "p50": 0,
      "p95": 0,
      "max": 0
    },
    "generated_tokens": {
      "min": 236,
      "p50": 271,
      "p95": 311,
      "max": 325
    },
    "segments_overlap_rate": 0.0,
    "color": {
      "n": 19901,
      "format_failure_rate": 0.0,
      "truncation_rate": 0.0,
      "starts_with_color_open_rate": 1.0,
      "stop_reasons": {
        "closed": 19901
      },
      "color_tokens": {
        "min": 121,
        "p50": 194,
        "p95": 237,
        "max": 324
      }
    },
    "both_segments_well_formed_rate": 1.0,
    "root": "/mnt/nfs/bc/data/datasets/where_b-20260805/genwhere/_shards/forced_color/train/shard07of08/train-forced_color",
    "status": "complete",
    "member_count": 19901,
    "sample_count": 19901,
    "shard_count": 1,
    "index_rows": 19901
  },
  "peak_memory_gib": 34.1
}
