Loading checkpoint shards:   0%|          | 0/2 [00:00<?, ?it/s]Loading checkpoint shards: 100%|██████████| 2/2 [00:00<00:00, 14.24it/s]Loading checkpoint shards: 100%|██████████| 2/2 [00:00<00:00, 14.19it/s]
{"shard_plan": {"shard": 1, "num_shards": 2, "shard_mode": "interleave", "shard_tag": "shard01of02", "n_samples_before_shard": 897, "n_samples": 448, "shard_first_sample_id": "sft_00786b6fe987be1b349739ffa235db06", "shard_last_sample_id": "sft_ff3eead449dacfd0f32dbf0e260d075e"}}
{
  "split": "V_what",
  "mode": "forced_color",
  "checkpoint": "/home/bc/data/runs/q3vl_base_sft_20260804/checkpoint-4976",
  "env": {
    "git_commit": "08992d26c7dbdb8629d4dd3b8ea9a3a102ab0dae",
    "python": "3.12.12",
    "torch": "2.10.0+cu128",
    "cuda_available": true
  },
  "special_token_ids": {
    "<where>": 151669,
    "</where>": 151670,
    "<color>": 151671,
    "</color>": 151672
  },
  "vlm": {
    "layer": -1,
    "final_norm": true,
    "use_hook": true,
    "text_hidden": 2560,
    "n_text_layers": 36,
    "n_vision_blocks": 24,
    "dtype": "torch.bfloat16",
    "device": "cuda",
    "any_param_requires_grad": false
  },
  "dataset": {
    "split": "V_what",
    "need_mask": false,
    "mask_source": null,
    "n_samples": 448,
    "shard": 1,
    "num_shards": 2,
    "shard_mode": "interleave",
    "shard_tag": "shard01of02",
    "n_samples_before_shard": 897,
    "shard_first_sample_id": "sft_00786b6fe987be1b349739ffa235db06",
    "shard_last_sample_id": "sft_ff3eead449dacfd0f32dbf0e260d075e"
  },
  "n_samples": 448,
  "batch_size": 128,
  "max_new_tokens": 512,
  "max_context_tokens": 96,
  "where_max_tokens": 96,
  "color_max_tokens": 384,
  "schema_version": "q3vl.where_b.genwhere/2",
  "out_root": "/mnt/nfs/bc/data/datasets/where_b-20260805/genwhere/_shards/forced_color/V_what/shard01of02/V_what-forced_color"
}
The following generation flags are not valid and may be ignored: ['temperature', 'top_p', 'top_k']. Set `TRANSFORMERS_VERBOSITY=info` for more details.
{"done": 256, "of": 448, "samples_per_s": 3.54, "eta_s": 54}
{"done": 448, "of": 448, "samples_per_s": 3.31, "eta_s": 0}
{
  "generation_seconds": 135.4,
  "samples_per_second": 3.308,
  "summary": {
    "n": 448,
    "modes": [
      "forced_color"
    ],
    "schema_versions": [
      "q3vl.where_b.genwhere/2"
    ],
    "format_failure_rate": 0.0,
    "truncation_rate": 0.0,
    "starts_with_where_open_rate": 0.0,
    "stop_reasons": {
      "suppressed_by_mode": 448
    },
    "where_tokens": {
      "min": 0,
      "p50": 0,
      "p95": 0,
      "max": 0
    },
    "generated_tokens": {
      "min": 260,
      "p50": 273,
      "p95": 279,
      "max": 279
    },
    "segments_overlap_rate": 0.0,
    "color": {
      "n": 448,
      "format_failure_rate": 0.0,
      "truncation_rate": 0.0,
      "starts_with_color_open_rate": 1.0,
      "stop_reasons": {
        "closed": 448
      },
      "color_tokens": {
        "min": 141,
        "p50": 194,
        "p95": 238,
        "max": 278
      }
    },
    "both_segments_well_formed_rate": 1.0
  },
  "manifest": {
    "status": "complete",
    "member_count": 448,
    "sample_count": 448,
    "shard_count": 1
  },
  "store": {
    "n": 448,
    "modes": [
      "forced_color"
    ],
    "schema_versions": [
      "q3vl.where_b.genwhere/2"
    ],
    "format_failure_rate": 0.0,
    "truncation_rate": 0.0,
    "starts_with_where_open_rate": 0.0,
    "stop_reasons": {
      "suppressed_by_mode": 448
    },
    "where_tokens": {
      "min": 0,
      "p50": 0,
      "p95": 0,
      "max": 0
    },
    "generated_tokens": {
      "min": 260,
      "p50": 273,
      "p95": 279,
      "max": 279
    },
    "segments_overlap_rate": 0.0,
    "color": {
      "n": 448,
      "format_failure_rate": 0.0,
      "truncation_rate": 0.0,
      "starts_with_color_open_rate": 1.0,
      "stop_reasons": {
        "closed": 448
      },
      "color_tokens": {
        "min": 141,
        "p50": 194,
        "p95": 238,
        "max": 278
      }
    },
    "both_segments_well_formed_rate": 1.0,
    "root": "/mnt/nfs/bc/data/datasets/where_b-20260805/genwhere/_shards/forced_color/V_what/shard01of02/V_what-forced_color",
    "status": "complete",
    "member_count": 448,
    "sample_count": 448,
    "shard_count": 1,
    "index_rows": 448
  },
  "peak_memory_gib": 32.72
}
