{"split": "V_what", "mode": "forced_color", "leaf": "V_what-forced_color", "n_samples_expected": 897, "dataset": {"split": "V_what", "need_mask": false, "mask_source": null, "n_samples": 897}}
{"shard_ok": "shard00of02", "n": 449}
{"shard_ok": "shard01of02", "n": 448}
{"read_mirror_visible": 2, "waited_s": 0.0}
{"compat_symlink": {"link": "/mnt/nfs/bc/data/datasets/where_b-20260805/genwhere/V_what/two_segment", "target": "../V_what", "status": "ok_already"}}
{"compat_symlink": {"link": "/mnt/nfs/bc/data/datasets/where_b-20260805/genwhere/V_what/forced_color", "target": "../V_what-forced_color", "status": "created"}}
{
  "kind": "genctx_merge",
  "split": "V_what",
  "mode": "forced_color",
  "leaf": "V_what-forced_color",
  "out_root": "/mnt/nfs/bc/data/datasets/where_b-20260805/genwhere/V_what-forced_color",
  "checkpoint": "/home/bc/data/runs/q3vl_base_sft_20260804/checkpoint-4976",
  "schema_version": "q3vl.where_b.genwhere/2",
  "num_shards": 2,
  "shard_mode": "interleave",
  "shard_root": "/mnt/nfs-ro/bc/data/datasets/where_b-20260805/genwhere/_shards/forced_color/V_what",
  "n_samples": 897,
  "n_samples_expected": 897,
  "coverage": 1.0,
  "manifest": {
    "status": "complete",
    "member_count": 897,
    "sample_count": 897,
    "shard_count": 1,
    "payload_bytes": 6593870,
    "dataset_id": "indexed_tar_9defd21782fb062cfbdf2302972d4225",
    "created_at": "2026-08-10T11:55:32.737961+00:00"
  },
  "store": {
    "root": "/mnt/nfs/bc/data/datasets/where_b-20260805/genwhere/V_what-forced_color",
    "status": "complete",
    "member_count": 897,
    "sample_count": 897,
    "shard_count": 1,
    "index_rows": 897
  },
  "summary": {
    "n": 897,
    "modes": [
      "forced_color"
    ],
    "schema_versions": [
      "q3vl.where_b.genwhere/2"
    ],
    "format_failure_rate": 0.0,
    "truncation_rate": 0.0,
    "starts_with_where_open_rate": 0.0,
    "stop_reasons": {
      "suppressed_by_mode": 897
    },
    "where_tokens": {
      "min": 0,
      "p50": 0,
      "p95": 0,
      "max": 0
    },
    "generated_tokens": {
      "min": 257,
      "p50": 268,
      "p95": 291,
      "max": 291
    },
    "segments_overlap_rate": 0.0,
    "color": {
      "n": 897,
      "format_failure_rate": 0.0,
      "truncation_rate": 0.0,
      "starts_with_color_open_rate": 1.0,
      "stop_reasons": {
        "closed": 897
      },
      "color_tokens": {
        "min": 141,
        "p50": 194,
        "p95": 235,
        "max": 290
      }
    },
    "both_segments_well_formed_rate": 1.0
  },
  "compat_symlinks": [
    {
      "link": "/mnt/nfs/bc/data/datasets/where_b-20260805/genwhere/V_what/two_segment",
      "target": "../V_what",
      "status": "ok_already"
    },
    {
      "link": "/mnt/nfs/bc/data/datasets/where_b-20260805/genwhere/V_what/forced_color",
      "target": "../V_what-forced_color",
      "status": "created"
    }
  ],
  "merge_seconds": 1.0,
  "git_commit": "5cac26d7c416a5dfb28e2cb913800a48af13024e",
  "merged_at": "2026-08-10T19:55:32+0800"
}
MERGE-OK V_what-forced_color -> /mnt/nfs/bc/data/datasets/where_b-20260805/genwhere/V_what-forced_color  report=/home/bc/VeraRetouch/experiments/Q3VL_metacanvas_where_what_20260804/where_b/genctx_V_what-forced_color.json
