===== merge V_where (2 shards) 2026-08-05T20:09:52+08:00 =====
{"split": "V_where", "mode": "two_segment", "leaf": "V_where", "n_samples_expected": 896, "dataset": {"split": "V_where", "need_mask": false, "mask_source": null, "n_samples": 896}}
{"shard_ok": "shard00of02", "n": 448}
{"shard_ok": "shard01of02", "n": 448}
{"compat_symlink": {"link": "/mnt/nfs/bc/data/datasets/where_b-20260805/genwhere/V_where/two_segment", "target": "../V_where", "status": "created"}}
{"compat_symlink": {"link": "/mnt/nfs/bc/data/datasets/where_b-20260805/genwhere/V_where/forced_color", "target": "../V_where-forced_color", "status": "skipped_target_missing"}}
{
  "kind": "genctx_merge",
  "split": "V_where",
  "mode": "two_segment",
  "leaf": "V_where",
  "out_root": "/mnt/nfs/bc/data/datasets/where_b-20260805/genwhere/V_where",
  "checkpoint": "/home/bc/data/runs/q3vl_base_sft_20260804/checkpoint-4976",
  "schema_version": "q3vl.where_b.genwhere/2",
  "num_shards": 2,
  "shard_mode": "interleave",
  "shard_root": "/mnt/nfs/bc/data/datasets/where_b-20260805/genwhere/_shards/two_segment/V_where",
  "n_samples": 896,
  "n_samples_expected": 896,
  "coverage": 1.0,
  "manifest": {
    "status": "complete",
    "member_count": 896,
    "sample_count": 896,
    "shard_count": 1,
    "payload_bytes": 6466430,
    "dataset_id": "indexed_tar_6ff6e5a853e4d43ea52b60071fb2acb2",
    "created_at": "2026-08-05T12:10:05.700072+00:00"
  },
  "store": {
    "root": "/mnt/nfs/bc/data/datasets/where_b-20260805/genwhere/V_where",
    "status": "complete",
    "member_count": 896,
    "sample_count": 896,
    "shard_count": 1,
    "index_rows": 896
  },
  "summary": {
    "n": 896,
    "modes": [
      "two_segment"
    ],
    "schema_versions": [
      "q3vl.where_b.genwhere/2"
    ],
    "format_failure_rate": 0.0,
    "truncation_rate": 0.0,
    "starts_with_where_open_rate": 1.0,
    "stop_reasons": {
      "closed": 896
    },
    "where_tokens": {
      "min": 8,
      "p50": 8,
      "p95": 52,
      "max": 62
    },
    "generated_tokens": {
      "min": 231,
      "p50": 264,
      "p95": 301,
      "max": 301
    },
    "segments_overlap_rate": 0.0,
    "color": {
      "n": 896,
      "format_failure_rate": 0.0,
      "truncation_rate": 0.0,
      "starts_with_color_open_rate": 1.0,
      "stop_reasons": {
        "closed": 896
      },
      "color_tokens": {
        "min": 115,
        "p50": 172,
        "p95": 220,
        "max": 292
      }
    },
    "both_segments_well_formed_rate": 1.0
  },
  "compat_symlinks": [
    {
      "link": "/mnt/nfs/bc/data/datasets/where_b-20260805/genwhere/V_where/two_segment",
      "target": "../V_where",
      "status": "created"
    },
    {
      "link": "/mnt/nfs/bc/data/datasets/where_b-20260805/genwhere/V_where/forced_color",
      "target": "../V_where-forced_color",
      "status": "skipped_target_missing"
    }
  ],
  "merge_seconds": 21.1,
  "git_commit": "04e6a0698ce8424452cb5a926ca7a242cd3e70aa",
  "merged_at": "2026-08-05T20:10:16+0800"
}
MERGE-OK V_where -> /mnt/nfs/bc/data/datasets/where_b-20260805/genwhere/V_where  report=/home/bc/VeraRetouch/experiments/Q3VL_metacanvas_where_what_20260804/where_b/genctx_V_where.json
===== merge V_where rc=0 2026-08-05T20:10:17+08:00 =====
===== merge V_what (2 shards) 2026-08-05T20:10:17+08:00 =====
{"split": "V_what", "mode": "two_segment", "leaf": "V_what", "n_samples_expected": 897, "dataset": {"split": "V_what", "need_mask": false, "mask_source": null, "n_samples": 897}}
{"shard_ok": "shard00of02", "n": 449}
{"shard_ok": "shard01of02", "n": 448}
{"compat_symlink": {"link": "/mnt/nfs/bc/data/datasets/where_b-20260805/genwhere/V_what/two_segment", "target": "../V_what", "status": "created"}}
{"compat_symlink": {"link": "/mnt/nfs/bc/data/datasets/where_b-20260805/genwhere/V_what/forced_color", "target": "../V_what-forced_color", "status": "skipped_target_missing"}}
{
  "kind": "genctx_merge",
  "split": "V_what",
  "mode": "two_segment",
  "leaf": "V_what",
  "out_root": "/mnt/nfs/bc/data/datasets/where_b-20260805/genwhere/V_what",
  "checkpoint": "/home/bc/data/runs/q3vl_base_sft_20260804/checkpoint-4976",
  "schema_version": "q3vl.where_b.genwhere/2",
  "num_shards": 2,
  "shard_mode": "interleave",
  "shard_root": "/mnt/nfs/bc/data/datasets/where_b-20260805/genwhere/_shards/two_segment/V_what",
  "n_samples": 897,
  "n_samples_expected": 897,
  "coverage": 1.0,
  "manifest": {
    "status": "complete",
    "member_count": 897,
    "sample_count": 897,
    "shard_count": 1,
    "payload_bytes": 6460620,
    "dataset_id": "indexed_tar_8ce3cb272c73db1ea97cea9f3191a9a0",
    "created_at": "2026-08-05T12:10:30.150296+00:00"
  },
  "store": {
    "root": "/mnt/nfs/bc/data/datasets/where_b-20260805/genwhere/V_what",
    "status": "complete",
    "member_count": 897,
    "sample_count": 897,
    "shard_count": 1,
    "index_rows": 897
  },
  "summary": {
    "n": 897,
    "modes": [
      "two_segment"
    ],
    "schema_versions": [
      "q3vl.where_b.genwhere/2"
    ],
    "format_failure_rate": 0.0,
    "truncation_rate": 0.0,
    "starts_with_where_open_rate": 1.0,
    "stop_reasons": {
      "closed": 897
    },
    "where_tokens": {
      "min": 8,
      "p50": 8,
      "p95": 52,
      "max": 67
    },
    "generated_tokens": {
      "min": 141,
      "p50": 263,
      "p95": 302,
      "max": 302
    },
    "segments_overlap_rate": 0.0,
    "color": {
      "n": 897,
      "format_failure_rate": 0.0,
      "truncation_rate": 0.0,
      "starts_with_color_open_rate": 1.0,
      "stop_reasons": {
        "closed": 897
      },
      "color_tokens": {
        "min": 117,
        "p50": 172,
        "p95": 223,
        "max": 293
      }
    },
    "both_segments_well_formed_rate": 1.0
  },
  "compat_symlinks": [
    {
      "link": "/mnt/nfs/bc/data/datasets/where_b-20260805/genwhere/V_what/two_segment",
      "target": "../V_what",
      "status": "created"
    },
    {
      "link": "/mnt/nfs/bc/data/datasets/where_b-20260805/genwhere/V_what/forced_color",
      "target": "../V_what-forced_color",
      "status": "skipped_target_missing"
    }
  ],
  "merge_seconds": 13.3,
  "git_commit": "04e6a0698ce8424452cb5a926ca7a242cd3e70aa",
  "merged_at": "2026-08-05T20:10:32+0800"
}
MERGE-OK V_what -> /mnt/nfs/bc/data/datasets/where_b-20260805/genwhere/V_what  report=/home/bc/VeraRetouch/experiments/Q3VL_metacanvas_where_what_20260804/where_b/genctx_V_what.json
===== merge V_what rc=0 2026-08-05T20:10:33+08:00 =====
===== merge train (8 shards) 2026-08-05T20:10:33+08:00 =====
{"split": "train", "mode": "two_segment", "leaf": "train", "n_samples_expected": 159215, "dataset": {"split": "train", "need_mask": false, "mask_source": null, "n_samples": 159215}}
{"shard_ok": "shard00of08", "n": 19902}
{"shard_ok": "shard01of08", "n": 19902}
{"shard_ok": "shard02of08", "n": 19902}
{"shard_ok": "shard03of08", "n": 19902}
{"shard_ok": "shard04of08", "n": 19902}
{"shard_ok": "shard05of08", "n": 19902}
{"shard_ok": "shard06of08", "n": 19902}
{"shard_ok": "shard07of08", "n": 19901}
{"compat_symlink": {"link": "/mnt/nfs/bc/data/datasets/where_b-20260805/genwhere/train/two_segment", "target": "../train", "status": "created"}}
{"compat_symlink": {"link": "/mnt/nfs/bc/data/datasets/where_b-20260805/genwhere/train/forced_color", "target": "../train-forced_color", "status": "skipped_target_missing"}}
{
  "kind": "genctx_merge",
  "split": "train",
  "mode": "two_segment",
  "leaf": "train",
  "out_root": "/mnt/nfs/bc/data/datasets/where_b-20260805/genwhere/train",
  "checkpoint": "/home/bc/data/runs/q3vl_base_sft_20260804/checkpoint-4976",
  "schema_version": "q3vl.where_b.genwhere/2",
  "num_shards": 8,
  "shard_mode": "interleave",
  "shard_root": "/mnt/nfs/bc/data/datasets/where_b-20260805/genwhere/_shards/two_segment/train",
  "n_samples": 159215,
  "n_samples_expected": 159215,
  "coverage": 1.0,
  "manifest": {
    "status": "complete",
    "member_count": 159215,
    "sample_count": 159215,
    "shard_count": 2,
    "payload_bytes": 1169965591,
    "dataset_id": "indexed_tar_bb52e1d346f7972fb3879de317f3e5e7",
    "created_at": "2026-08-05T12:21:00.405427+00:00"
  },
  "store": {
    "root": "/mnt/nfs/bc/data/datasets/where_b-20260805/genwhere/train",
    "status": "complete",
    "member_count": 159215,
    "sample_count": 159215,
    "shard_count": 2,
    "index_rows": 159215
  },
  "summary": {
    "n": 159215,
    "modes": [
      "two_segment"
    ],
    "schema_versions": [
      "q3vl.where_b.genwhere/2"
    ],
    "format_failure_rate": 0.0,
    "truncation_rate": 0.0,
    "starts_with_where_open_rate": 1.0,
    "stop_reasons": {
      "closed": 159215
    },
    "where_tokens": {
      "min": 8,
      "p50": 8,
      "p95": 52,
      "max": 72
    },
    "generated_tokens": {
      "min": 236,
      "p50": 270,
      "p95": 300,
      "max": 334
    },
    "segments_overlap_rate": 0.0,
    "color": {
      "n": 159215,
      "format_failure_rate": 0.0,
      "truncation_rate": 0.0,
      "starts_with_color_open_rate": 1.0,
      "stop_reasons": {
        "closed": 159215
      },
      "color_tokens": {
        "min": 97,
        "p50": 171,
        "p95": 222,
        "max": 325
      }
    },
    "both_segments_well_formed_rate": 1.0
  },
  "compat_symlinks": [
    {
      "link": "/mnt/nfs/bc/data/datasets/where_b-20260805/genwhere/train/two_segment",
      "target": "../train",
      "status": "created"
    },
    {
      "link": "/mnt/nfs/bc/data/datasets/where_b-20260805/genwhere/train/forced_color",
      "target": "../train-forced_color",
      "status": "skipped_target_missing"
    }
  ],
  "merge_seconds": 1076.6,
  "git_commit": "08992d26c7dbdb8629d4dd3b8ea9a3a102ab0dae",
  "merged_at": "2026-08-05T20:28:31+0800"
}
MERGE-OK train -> /mnt/nfs/bc/data/datasets/where_b-20260805/genwhere/train  report=/home/bc/VeraRetouch/experiments/Q3VL_metacanvas_where_what_20260804/where_b/genctx_train.json
===== merge train rc=0 2026-08-05T20:28:32+08:00 =====
MERGE-ALL-DONE
