Loading checkpoint shards:   0%|          | 0/2 [00:00<?, ?it/s]Loading checkpoint shards: 100%|██████████| 2/2 [00:00<00:00, 28.21it/s]
{"shard_plan": {"shard": 2, "num_shards": 8, "shard_mode": "interleave", "shard_tag": "shard02of08", "n_samples_before_shard": 159215, "n_samples": 19902, "shard_first_sample_id": "sft_00018be2765b8db9a34e6ecf9c6f9211", "shard_last_sample_id": "sft_fffd446863350a992a393a7e67a1b0d0"}}
{
  "split": "train",
  "mode": "two_segment",
  "checkpoint": "/home/bc/data/runs/q3vl_base_sft_20260804/checkpoint-4976",
  "env": {
    "git_commit": "a8d10a6460c8be0748dd6aea1e17cdb7a96f1add",
    "python": "3.12.12",
    "torch": "2.10.0+cu128",
    "cuda_available": true
  },
  "special_token_ids": {
    "<where>": 151669,
    "</where>": 151670,
    "<color>": 151671,
    "</color>": 151672
  },
  "vlm": {
    "layer": -1,
    "final_norm": true,
    "use_hook": true,
    "text_hidden": 2560,
    "n_text_layers": 36,
    "n_vision_blocks": 24,
    "dtype": "torch.bfloat16",
    "device": "cuda",
    "any_param_requires_grad": false
  },
  "dataset": {
    "split": "train",
    "need_mask": false,
    "mask_source": null,
    "n_samples": 19902,
    "shard": 2,
    "num_shards": 8,
    "shard_mode": "interleave",
    "shard_tag": "shard02of08",
    "n_samples_before_shard": 159215,
    "shard_first_sample_id": "sft_00018be2765b8db9a34e6ecf9c6f9211",
    "shard_last_sample_id": "sft_fffd446863350a992a393a7e67a1b0d0"
  },
  "n_samples": 19902,
  "batch_size": 128,
  "max_new_tokens": 512,
  "max_context_tokens": 96,
  "where_max_tokens": 96,
  "color_max_tokens": 384,
  "schema_version": "q3vl.where_b.genwhere/2",
  "out_root": "/mnt/nfs/bc/data/datasets/where_b-20260805/genwhere/_shards/two_segment/train/shard02of08/train"
}
The following generation flags are not valid and may be ignored: ['temperature', 'top_p', 'top_k']. Set `TRANSFORMERS_VERBOSITY=info` for more details.
{"done": 256, "of": 19902, "samples_per_s": 4.34, "eta_s": 4526}
{"done": 512, "of": 19902, "samples_per_s": 4.12, "eta_s": 4708}
{"done": 640, "of": 19902, "samples_per_s": 4.1, "eta_s": 4702}
{"done": 896, "of": 19902, "samples_per_s": 4.01, "eta_s": 4745}
{"done": 1024, "of": 19902, "samples_per_s": 4.03, "eta_s": 4682}
{"done": 1280, "of": 19902, "samples_per_s": 4.02, "eta_s": 4631}
{"done": 1408, "of": 19902, "samples_per_s": 4.03, "eta_s": 4594}
{"done": 1664, "of": 19902, "samples_per_s": 4.05, "eta_s": 4508}
{"done": 1920, "of": 19902, "samples_per_s": 4.04, "eta_s": 4452}
{"done": 2048, "of": 19902, "samples_per_s": 4.04, "eta_s": 4419}
{"done": 2304, "of": 19902, "samples_per_s": 4.05, "eta_s": 4343}
{"done": 2432, "of": 19902, "samples_per_s": 4.05, "eta_s": 4310}
{"done": 2688, "of": 19902, "samples_per_s": 4.05, "eta_s": 4246}
{"done": 2816, "of": 19902, "samples_per_s": 4.04, "eta_s": 4230}
{"done": 3072, "of": 19902, "samples_per_s": 4.02, "eta_s": 4184}
{"done": 3200, "of": 19902, "samples_per_s": 4.02, "eta_s": 4159}
{"done": 3456, "of": 19902, "samples_per_s": 4.01, "eta_s": 4098}
{"done": 3712, "of": 19902, "samples_per_s": 4.01, "eta_s": 4033}
{"done": 3840, "of": 19902, "samples_per_s": 4.02, "eta_s": 3997}
{"done": 4096, "of": 19902, "samples_per_s": 4.02, "eta_s": 3933}
{"done": 4224, "of": 19902, "samples_per_s": 4.02, "eta_s": 3898}
{"done": 4480, "of": 19902, "samples_per_s": 4.04, "eta_s": 3822}
{"done": 4608, "of": 19902, "samples_per_s": 4.03, "eta_s": 3799}
{"done": 4864, "of": 19902, "samples_per_s": 4.01, "eta_s": 3746}
{"done": 5120, "of": 19902, "samples_per_s": 4.0, "eta_s": 3692}
{"done": 5248, "of": 19902, "samples_per_s": 4.01, "eta_s": 3655}
{"done": 5504, "of": 19902, "samples_per_s": 4.0, "eta_s": 3597}
{"done": 5632, "of": 19902, "samples_per_s": 4.0, "eta_s": 3566}
{"done": 5888, "of": 19902, "samples_per_s": 4.0, "eta_s": 3506}
{"done": 6016, "of": 19902, "samples_per_s": 4.0, "eta_s": 3476}
{"done": 6272, "of": 19902, "samples_per_s": 4.0, "eta_s": 3408}
{"done": 6400, "of": 19902, "samples_per_s": 4.0, "eta_s": 3376}
{"done": 6656, "of": 19902, "samples_per_s": 4.01, "eta_s": 3304}
{"done": 6912, "of": 19902, "samples_per_s": 4.01, "eta_s": 3237}
{"done": 7040, "of": 19902, "samples_per_s": 4.01, "eta_s": 3207}
{"done": 7296, "of": 19902, "samples_per_s": 4.01, "eta_s": 3143}
{"done": 7424, "of": 19902, "samples_per_s": 4.01, "eta_s": 3111}
{"done": 7680, "of": 19902, "samples_per_s": 4.0, "eta_s": 3052}
{"done": 7808, "of": 19902, "samples_per_s": 4.0, "eta_s": 3025}
{"done": 8064, "of": 19902, "samples_per_s": 3.98, "eta_s": 2974}
{"done": 8320, "of": 19902, "samples_per_s": 3.98, "eta_s": 2907}
{"done": 8448, "of": 19902, "samples_per_s": 3.99, "eta_s": 2874}
{"done": 8704, "of": 19902, "samples_per_s": 3.98, "eta_s": 2811}
{"done": 8832, "of": 19902, "samples_per_s": 3.99, "eta_s": 2777}
{"done": 9088, "of": 19902, "samples_per_s": 3.98, "eta_s": 2720}
{"done": 9216, "of": 19902, "samples_per_s": 3.97, "eta_s": 2690}
{"done": 9472, "of": 19902, "samples_per_s": 3.97, "eta_s": 2630}
{"done": 9600, "of": 19902, "samples_per_s": 3.97, "eta_s": 2597}
{"done": 9856, "of": 19902, "samples_per_s": 3.97, "eta_s": 2533}
{"done": 10112, "of": 19902, "samples_per_s": 3.97, "eta_s": 2468}
{"done": 10240, "of": 19902, "samples_per_s": 3.97, "eta_s": 2436}
{"done": 10496, "of": 19902, "samples_per_s": 3.96, "eta_s": 2375}
{"done": 10624, "of": 19902, "samples_per_s": 3.96, "eta_s": 2343}
{"done": 10880, "of": 19902, "samples_per_s": 3.96, "eta_s": 2278}
{"done": 11008, "of": 19902, "samples_per_s": 3.96, "eta_s": 2244}
{"done": 11264, "of": 19902, "samples_per_s": 3.96, "eta_s": 2181}
{"done": 11520, "of": 19902, "samples_per_s": 3.96, "eta_s": 2115}
{"done": 11648, "of": 19902, "samples_per_s": 3.96, "eta_s": 2082}
{"done": 11904, "of": 19902, "samples_per_s": 3.97, "eta_s": 2017}
{"done": 12032, "of": 19902, "samples_per_s": 3.96, "eta_s": 1987}
{"done": 12288, "of": 19902, "samples_per_s": 3.96, "eta_s": 1922}
{"done": 12416, "of": 19902, "samples_per_s": 3.96, "eta_s": 1891}
{"done": 12672, "of": 19902, "samples_per_s": 3.96, "eta_s": 1827}
{"done": 12800, "of": 19902, "samples_per_s": 3.96, "eta_s": 1794}
{"done": 13056, "of": 19902, "samples_per_s": 3.95, "eta_s": 1733}
{"done": 13312, "of": 19902, "samples_per_s": 3.95, "eta_s": 1668}
{"done": 13440, "of": 19902, "samples_per_s": 3.95, "eta_s": 1637}
{"done": 13696, "of": 19902, "samples_per_s": 3.95, "eta_s": 1572}
{"done": 13824, "of": 19902, "samples_per_s": 3.95, "eta_s": 1541}
{"done": 14080, "of": 19902, "samples_per_s": 3.94, "eta_s": 1478}
{"done": 14208, "of": 19902, "samples_per_s": 3.94, "eta_s": 1444}
{"done": 14464, "of": 19902, "samples_per_s": 3.94, "eta_s": 1381}
{"done": 14720, "of": 19902, "samples_per_s": 3.94, "eta_s": 1315}
{"done": 14848, "of": 19902, "samples_per_s": 3.94, "eta_s": 1283}
{"done": 15104, "of": 19902, "samples_per_s": 3.93, "eta_s": 1219}
{"done": 15232, "of": 19902, "samples_per_s": 3.94, "eta_s": 1187}
{"done": 15488, "of": 19902, "samples_per_s": 3.94, "eta_s": 1121}
{"done": 15616, "of": 19902, "samples_per_s": 3.94, "eta_s": 1088}
{"done": 15872, "of": 19902, "samples_per_s": 3.94, "eta_s": 1022}
{"done": 16000, "of": 19902, "samples_per_s": 3.94, "eta_s": 990}
{"done": 16256, "of": 19902, "samples_per_s": 3.94, "eta_s": 925}
{"done": 16512, "of": 19902, "samples_per_s": 3.93, "eta_s": 862}
{"done": 16640, "of": 19902, "samples_per_s": 3.93, "eta_s": 829}
{"done": 16896, "of": 19902, "samples_per_s": 3.93, "eta_s": 765}
{"done": 17024, "of": 19902, "samples_per_s": 3.93, "eta_s": 733}
{"done": 17280, "of": 19902, "samples_per_s": 3.93, "eta_s": 668}
{"done": 17408, "of": 19902, "samples_per_s": 3.93, "eta_s": 635}
{"done": 17664, "of": 19902, "samples_per_s": 3.93, "eta_s": 569}
{"done": 17920, "of": 19902, "samples_per_s": 3.93, "eta_s": 504}
{"done": 18048, "of": 19902, "samples_per_s": 3.93, "eta_s": 471}
{"done": 18304, "of": 19902, "samples_per_s": 3.94, "eta_s": 406}
{"done": 18432, "of": 19902, "samples_per_s": 3.94, "eta_s": 373}
{"done": 18688, "of": 19902, "samples_per_s": 3.94, "eta_s": 308}
{"done": 18816, "of": 19902, "samples_per_s": 3.94, "eta_s": 275}
{"done": 19072, "of": 19902, "samples_per_s": 3.95, "eta_s": 210}
{"done": 19200, "of": 19902, "samples_per_s": 3.94, "eta_s": 178}
{"done": 19456, "of": 19902, "samples_per_s": 3.95, "eta_s": 113}
{"done": 19712, "of": 19902, "samples_per_s": 3.95, "eta_s": 48}
{"done": 19840, "of": 19902, "samples_per_s": 3.95, "eta_s": 16}
{"done": 19902, "of": 19902, "samples_per_s": 3.94, "eta_s": 0}
{
  "generation_seconds": 5046.6,
  "samples_per_second": 3.944,
  "summary": {
    "n": 19902,
    "modes": [
      "two_segment"
    ],
    "schema_versions": [
      "q3vl.where_b.genwhere/2"
    ],
    "format_failure_rate": 0.0,
    "truncation_rate": 0.0,
    "starts_with_where_open_rate": 1.0,
    "stop_reasons": {
      "closed": 19902
    },
    "where_tokens": {
      "min": 8,
      "p50": 8,
      "p95": 52,
      "max": 67
    },
    "generated_tokens": {
      "min": 240,
      "p50": 270,
      "p95": 296,
      "max": 323
    },
    "segments_overlap_rate": 0.0,
    "color": {
      "n": 19902,
      "format_failure_rate": 0.0,
      "truncation_rate": 0.0,
      "starts_with_color_open_rate": 1.0,
      "stop_reasons": {
        "closed": 19902
      },
      "color_tokens": {
        "min": 103,
        "p50": 171,
        "p95": 222,
        "max": 314
      }
    },
    "both_segments_well_formed_rate": 1.0
  },
  "manifest": {
    "status": "complete",
    "member_count": 19902,
    "sample_count": 19902,
    "shard_count": 1
  },
  "store": {
    "n": 19902,
    "modes": [
      "two_segment"
    ],
    "schema_versions": [
      "q3vl.where_b.genwhere/2"
    ],
    "format_failure_rate": 0.0,
    "truncation_rate": 0.0,
    "starts_with_where_open_rate": 1.0,
    "stop_reasons": {
      "closed": 19902
    },
    "where_tokens": {
      "min": 8,
      "p50": 8,
      "p95": 52,
      "max": 67
    },
    "generated_tokens": {
      "min": 240,
      "p50": 270,
      "p95": 296,
      "max": 323
    },
    "segments_overlap_rate": 0.0,
    "color": {
      "n": 19902,
      "format_failure_rate": 0.0,
      "truncation_rate": 0.0,
      "starts_with_color_open_rate": 1.0,
      "stop_reasons": {
        "closed": 19902
      },
      "color_tokens": {
        "min": 103,
        "p50": 171,
        "p95": 222,
        "max": 314
      }
    },
    "both_segments_well_formed_rate": 1.0,
    "root": "/mnt/nfs/bc/data/datasets/where_b-20260805/genwhere/_shards/two_segment/train/shard02of08/train",
    "status": "complete",
    "member_count": 19902,
    "sample_count": 19902,
    "shard_count": 1,
    "index_rows": 19902
  },
  "peak_memory_gib": 34.08
}
