[tok] AutoTokenizer(/home/bc/data/models/VeraRetouch)
[data] stacks=1388
[region] 25/214
[region] 50/214
[region] 75/214
[region] 100/214
[region] 125/214
[region] 150/214
[region] 175/214
[region] 200/214
[region] used 212 / 214
{
 "verdict": {
  "rule": {
   "auc_target_min": 0.65,
   "rho_region_opp_max": 0.3,
   "white_noise_moran_max": 0.1,
   "white_noise_erank_ratio_min": 0.8,
   "note": "救回 = ∃L: AUC_target(L) ≥ 0.65 ∧ ρ_region_opp(L) < 0.30 ∧ ¬白噪声(L)；白噪声(L) = Moran's I 中位 ≤ 0.10 且 erank/erank_null ≥ 0.80"
  },
  "rescue_layers": [],
  "n_layers_rho_below_0.3": 2,
  "layers_rho_below_0.3": [
   0,
   4
  ],
  "auc_target_bg_at_low_rho_layers": {
   "0": 0.487,
   "4": 0.495
  },
  "auc_target_all_at_low_rho_layers": {
   "0": 0.486,
   "4": 0.497
  },
  "white_noise_at_low_rho_layers": {
   "0": false,
   "4": false
  },
  "best_auc_target_layer": 20,
  "best_auc_target_value_bg": 0.5259192834623869,
  "best_auc_target_ci95_bg": [
   0.390387417646954,
   0.6296803404859894
  ],
  "max_abs_delta_auc_paired_light": 0.025522186147186182,
  "max_sep_syn_minus_region": 0.0023820608987668024,
  "verdict": "DEAD",
  "recommended_layers": null,
  "early_band_summary": [
   {
    "layer": 0,
    "auc_target_light_bg": 0.48748729656441303,
    "auc_target_light_all": 0.4861867877492877,
    "delta_auc_paired_light": -0.013683236808236798,
    "rho_region_opp": 0.04498739536899781,
    "rho_syn": 0.024947281842315892,
    "sep_syn_minus_region": -0.02004011352668192,
    "morans_i": 0.44585365154328993,
    "morans_i_null": -0.006574962817671434,
    "erank": 5.990363121032715,
    "erank_null": 8.979078650474548,
    "erank_ratio": 0.6671467479256484,
    "is_white_noise": false,
    "spearman_rho_vs_dlen": -0.03623834742410176,
    "rescue": false
   },
   {
    "layer": 1,
    "auc_target_light_bg": 0.4927345807468183,
    "auc_target_light_all": 0.4922318871105933,
    "delta_auc_paired_light": -0.01272897487907626,
    "rho_region_opp": 0.3302602085015247,
    "rho_syn": 0.2143386468968128,
    "sep_syn_minus_region": -0.1159215616047119,
    "morans_i": 0.17330791538241502,
    "morans_i_null": -0.0061210401142135435,
    "erank": 7.825627565383911,
    "erank_null": 8.982811763882637,
    "erank_ratio": 0.8711779530824147,
    "is_white_noise": false,
    "spearman_rho_vs_dlen": 0.005603658308637577,
    "rescue": false
   },
   {
    "layer": 2,
    "auc_target_light_bg": 0.49047070353888533,
    "auc_target_light_all": 0.5017221674876847,
    "delta_auc_paired_light": 0.0004290617848969891,
    "rho_region_opp": 0.8303493720637624,
    "rho_syn": 0.7810983124821218,
    "sep_syn_minus_region": -0.049251059581640555,
    "morans_i": 0.40492285712902687,
    "morans_i_null": -0.005515682788273315,
    "erank": 8.366617679595947,
    "erank_null": 8.97996461391449,
    "erank_ratio": 0.9316982905068291,
    "is_white_noise": false,
    "spearman_rho_vs_dlen": -0.02678642023783341,
    "rescue": false
   },
   {
    "layer": 3,
    "auc_target_light_bg": 0.4836792676481235,
    "auc_target_light_all": 0.48785382196089155,
    "delta_auc_paired_light": -0.021314183520012076,
    "rho_region_opp": 0.42562230842562593,
    "rho_syn": 0.3521553391028608,
    "sep_syn_minus_region": -0.07346696932276514,
    "morans_i": 0.39396614186565043,
    "morans_i_null": -0.005189455360018452,
    "erank": 8.034811019897461,
    "erank_null": 8.972853004932404,
    "erank_ratio": 0.8954577786441728,
    "is_white_noise": false,
    "spearman_rho_vs_dlen": -0.014178819801875743,
    "rescue": false
   },
   {
    "layer": 4,
    "auc_target_light_bg": 0.49523809523809526,
    "auc_target_light_all": 0.4970489682054494,
    "delta_auc_paired_light": -0.01106216045167413,
    "rho_region_opp": 0.2697671221203215,
    "rho_syn": 0.22897028519850116,
    "sep_syn_minus_region": -0.040796836921820345,
    "morans_i": 0.23193626536130843,
    "morans_i_null": -0.007780141250792709,
    "erank": 7.921676158905029,
    "erank_null": 8.987569436430931,
    "erank_ratio": 0.8814036113918269,
    "is_white_noise": false,
    "spearman_rho_vs_dlen": -0.028251041421158092,
    "rescue": false
   },
   {
    "layer": 5,
    "auc_target_light_bg": 0.48357413113145914,
    "auc_target_light_all": 0.48467201263035337,
    "delta_auc_paired_light": -0.022715941776344506,
    "rho_region_opp": 0.6082463623485088,
    "rho_syn": 0.5806963405949659,
    "sep_syn_minus_region": -0.02755002175354293,
    "morans_i": 0.39752057692138687,
    "morans_i_null": -0.004196289597931679,
    "erank": 8.166128158569336,
    "erank_null": 8.978089079260826,
    "erank_ratio": 0.9095619442485706,
    "is_white_noise": false,
    "spearman_rho_vs_dlen": -0.013476785617103837,
    "rescue": false
   }
  ]
 },
 "canonical": {
  "auc_target_light_all": 0.506730248917749,
  "auc_target_light_bg": 0.5038411972374237,
  "auc_rega_subject_light": 0.6477738685868248,
  "auc_regb_subject_light": 0.6419197424610659,
  "delta_auc_paired_light": 0.0005051675842751013,
  "rho_region_opp": 0.8844939439151144
 },
 "d22_token_auc": {
  "light": {
   "auc_rega_subject": 0.6477738685868248,
   "auc_regb_subject": 0.6419197424610659,
   "auc_target": 0.506730248917749,
   "delta_auc_paired": 0.0005051675842751013
  },
  "colortemp": {
   "auc_rega_subject": 0.6492244493546577,
   "auc_regb_subject": 0.6387852089182826,
   "auc_target": 0.5097095221541426,
   "delta_auc_paired": 0.009442363902082529
  },
  "colormixer": {
   "auc_rega_subject": 0.6063903052528885,
   "auc_regb_subject": 0.6162775658954149,
   "auc_target": 0.5037476058276481,
   "delta_auc_paired": 0.0
  }
 },
 "d22_cross_token": {
  "light~colortemp": 0.9362808446227059,
  "light~colormixer": 0.8103164676408943,
  "colortemp~colormixer": 0.9002207785341445
 }
}
viz -> experiments/RO9_layer_verdict_20260804/viz (16 figs)
