Loading checkpoint shards:   0%|          | 0/2 [00:00<?, ?it/s]Loading checkpoint shards: 100%|██████████| 2/2 [00:00<00:00, 27.07it/s]
tie_word_embeddings=True  embedding (151936, 2560)
local samples with parsed nouns + GT: 400
distinct subject nouns: 292  e.g. ['aisle', 'alcove', 'arch', 'arm', 'arms', 'around', 'arrangement', 'artwork', 'athletic', 'attire', 'baby', 'backdrop', 'background', 'backpack', 'balloon']
  [50/400] 9s
  [100/400] 11s
  [150/400] 13s
  [200/400] 15s
  [250/400] 17s
  [300/400] 20s
  [350/400] 22s
  [400/400] 24s

=== P-W5 word-specific readings ===

-- support: all   centre prior 0.4590  random floor 0.2570
   dot     target=0.3410 cross=0.3026 irrel=0.2761
           word-specific Δ vs cross=+0.0211 (p=1.38e-07) | vs irrelevant=+0.0316 (p=4.66e-13)
   cosine  target=0.3109 cross=0.2872 irrel=0.2857
           word-specific Δ vs cross=+0.0127 (p=1.02e-05) | vs irrelevant=+0.0111 (p=6.1e-05)

-- support: excl_outlier   centre prior 0.4506  random floor 0.2570
   dot     target=0.3385 cross=0.2971 irrel=0.2767
           word-specific Δ vs cross=+0.0215 (p=1.32e-07) | vs irrelevant=+0.0252 (p=9.03e-12)
   cosine  target=0.3064 cross=0.2778 irrel=0.2774
           word-specific Δ vs cross=+0.0146 (p=2.46e-06) | vs irrelevant=+0.0123 (p=1.64e-05)

done in 0.4 min -> experiments/Q3VL_metacanvas_where_what_20260804/where_b/probe_pw5_fpresim_20260810
