Loading checkpoint shards:   0%|          | 0/2 [00:00<?, ?it/s]Loading checkpoint shards:  50%|█████     | 1/2 [00:07<00:07,  7.68s/it]Loading checkpoint shards: 100%|██████████| 2/2 [00:09<00:00,  4.43s/it]Loading checkpoint shards: 100%|██████████| 2/2 [00:09<00:00,  4.92s/it]
--- T1_self_consistency ---
The following generation flags are not valid and may be ignored: ['temperature', 'top_p', 'top_k']. Set `TRANSFORMERS_VERBOSITY=info` for more details.
{
 "T1_self_consistency": {
  "batch": 4,
  "rows_identical_to_row0": 3,
  "n_rows": 4,
  "all_identical": true,
  "first_divergences": [
   null,
   null,
   null
  ]
 }
}
    (14.3s)
--- T2_prefill_logits ---
{
 "T2_prefill_logits": [
  {
   "sample_id": "sft_00680d96738cd6077be81308b15e19b3",
   "prompt_len": 448,
   "pad": 13,
   "max_abs_logit_delta": 0.0,
   "mean_abs_logit_delta": 0.0,
   "single_top1_top2_gap": 9.875,
   "batched_top1_top2_gap": 9.875,
   "argmax_flipped": false
  },
  {
   "sample_id": "sft_006ce47e32c1c5f0007e325afb32b0c1",
   "prompt_len": 390,
   "pad": 71,
   "max_abs_logit_delta": 0.234375,
   "mean_abs_logit_delta": 0.03518738970160484,
   "single_top1_top2_gap": 9.875,
   "batched_top1_top2_gap": 9.8125,
   "argmax_flipped": false
  },
  {
   "sample_id": "sft_006ef422d1f1edfa67f9277c38a626f5",
   "prompt_len": 461,
   "pad": 0,
   "max_abs_logit_delta": 0.0,
   "mean_abs_logit_delta": 0.0,
   "single_top1_top2_gap": 9.9375,
   "batched_top1_top2_gap": 9.9375,
   "argmax_flipped": false
  },
  {
   "sample_id": "sft_00bb5ddee5655b5e2f60e334423c07ca",
   "prompt_len": 456,
   "pad": 5,
   "max_abs_logit_delta": 0.46875,
   "mean_abs_logit_delta": 0.06342244148254395,
   "single_top1_top2_gap": 8.0,
   "batched_top1_top2_gap": 7.9375,
   "argmax_flipped": false
  }
 ]
}
    (1.9s)
--- T3_padding_controlled ---
{
 "T3_padding_controlled": {
  "target": "sft_05192516d62c6c79bf88645fc741732c",
  "prompt_len_spread_in_pool": 225,
  "zero_padding_placement": {
   "target_pad": 0,
   "matches_b1": true,
   "first_divergence": null
  },
  "max_padding_placement": {
   "target_pad": 225,
   "matches_b1": false,
   "first_divergence": 153
  }
 }
}
    (28.3s)
--- T4_full_greedy ---
{
 "T4_full_greedy": {
  "B=4": {
   "identical_rate": 0.0,
   "rows": [
    {
     "sample_id": "sft_00680d96738cd6077be81308b15e19b3",
     "pad": 13,
     "n_tokens_single": 196,
     "n_tokens_batched": 196,
     "identical": false,
     "first_divergence": 100,
     "at_divergence": {
      "single_top1_top2_gap": 0.125,
      "batched_top1_top2_gap": 0.0,
      "max_abs_logit_delta": 0.125,
      "single_pick": 79005,
      "batched_pick": 79005
     }
    },
    {
     "sample_id": "sft_006ce47e32c1c5f0007e325afb32b0c1",
     "pad": 71,
     "n_tokens_single": 193,
     "n_tokens_batched": 196,
     "identical": false,
     "first_divergence": 193
    },
    {
     "sample_id": "sft_006ef422d1f1edfa67f9277c38a626f5",
     "pad": 0,
     "n_tokens_single": 219,
     "n_tokens_batched": 196,
     "identical": false,
     "first_divergence": 66,
     "at_divergence": {
      "single_top1_top2_gap": 0.0,
      "batched_top1_top2_gap": 0.125,
      "max_abs_logit_delta": 0.125,
      "single_pick": 476,
      "batched_pick": 476
     }
    },
    {
     "sample_id": "sft_00bb5ddee5655b5e2f60e334423c07ca",
     "pad": 5,
     "n_tokens_single": 177,
     "n_tokens_batched": 196,
     "identical": false,
     "first_divergence": 13,
     "at_divergence": {
      "single_top1_top2_gap": 0.0,
      "batched_top1_top2_gap": 0.125,
      "max_abs_logit_delta": 0.15625,
      "single_pick": 77888,
      "batched_pick": 77888
     }
    }
   ]
  },
  "B=8": {
   "identical_rate": 0.0,
   "rows": [
    {
     "sample_id": "sft_00680d96738cd6077be81308b15e19b3",
     "pad": 19,
     "n_tokens_single": 196,
     "n_tokens_batched": 235,
     "identical": false,
     "first_divergence": 100,
     "at_divergence": {
      "single_top1_top2_gap": 0.125,
      "batched_top1_top2_gap": 0.0,
      "max_abs_logit_delta": 0.125,
      "single_pick": 79005,
      "batched_pick": 79005
     }
    },
    {
     "sample_id": "sft_006ce47e32c1c5f0007e325afb32b0c1",
     "pad": 77,
     "n_tokens_single": 193,
     "n_tokens_batched": 235,
     "identical": false,
     "first_divergence": 75,
     "at_divergence": {
      "single_top1_top2_gap": 0.0,
      "batched_top1_top2_gap": 0.125,
      "max_abs_logit_delta": 0.15625,
      "single_pick": 92419,
      "batched_pick": 92419
     }
    },
    {
     "sample_id": "sft_006ef422d1f1edfa67f9277c38a626f5",
     "pad": 6,
     "n_tokens_single": 219,
     "n_tokens_batched": 235,
     "identical": false,
     "first_divergence": 61,
     "at_divergence": {
      "single_top1_top2_gap": 0.125,
      "batched_top1_top2_gap": 0.0,
      "max_abs_logit_delta": 0.125,
      "single_pick": 2041,
      "batched_pick": 2041
     }
    },
    {
     "sample_id": "sft_00bb5ddee5655b5e2f60e334423c07ca",
     "pad": 11,
     "n_tokens_single": 177,
     "n_tokens_batched": 235,
     "identical": false,
     "first_divergence": 13,
     "at_divergence": {
      "single_top1_top2_gap": 0.0,
      "batched_top1_top2_gap": 0.125,
      "max_abs_logit_delta": 0.15625,
      "single_pick": 77888,
      "batched_pick": 77888
     }
    },
    {
     "sample_id": "sft_00cb6927eff8887f6cc1e377094ff101",
     "pad": 63,
     "n_tokens_single": 234,
     "n_tokens_batched": 235,
     "identical": false,
     "first_divergence": 58,
     "at_divergence": {
      "single_top1_top2_gap": 0.125,
      "batched_top1_top2_gap": 0.0,
      "max_abs_logit_delta": 0.125,
      "single_pick": 76200,
      "batched_pick": 76200
     }
    },
    {
     "sample_id": "sft_0116bd2d61059b9ca7c8d4e316bbba2f",
     "pad": 13,
     "n_tokens_single": 168,
     "n_tokens_batched": 235,
     "identical": false,
     "first_divergence": 168
    },
    {
     "sample_id": "sft_014d2bf4f9f2ffd57526df0b046614a3",
     "pad": 0,
     "n_tokens_single": 199,
     "n_tokens_batched": 235,
     "identical": false,
     "first_divergence": 166,
     "at_divergence": {
      "single_top1_top2_gap": 0.0,
      "batched_top1_top2_gap": 0.125,
      "max_
    (113.5s)
--- T5_bucketing_padding ---
{
 "T5_bucketing_padding": {
  "n": 48,
  "prompt_len": {
   "min": 313,
   "p50": 456,
   "max": 538,
   "distinct": 33
  },
  "most_common_lengths": [
   [
    456,
    3
   ],
   [
    454,
    3
   ],
   [
    467,
    3
   ],
   [
    450,
    3
   ],
   [
    461,
    2
   ]
  ],
  "pad_fraction_natural_order": {
   "B=4": 0.0528,
   "B=8": 0.0615
  },
  "pad_fraction_length_sorted": {
   "B=4": 0.0165,
   "B=8": 0.0367
  }
 }
}
    (0.1s)
--- T5b_bucketed_agreement ---
{
 "T5b_bucketed_agreement": {
  "ran": true,
  "prompt_len": 456,
  "padding": 0,
  "batch": 3,
  "identical": 0,
  "identical_rate": 0.0,
  "first_divergences": [
   13,
   105,
   165
  ]
 }
}
    (38.8s)

wrote /home/bc/VeraRetouch/experiments/Q3VL_metacanvas_where_what_20260804/where_b/diag/batch_consistency.json
