Loading checkpoint shards:   0%|          | 0/2 [00:00<?, ?it/s]Loading checkpoint shards: 100%|██████████| 2/2 [00:00<00:00, 17.32it/s]Loading checkpoint shards: 100%|██████████| 2/2 [00:00<00:00, 17.29it/s]
reference B=1 ...
The following generation flags are not valid and may be ignored: ['temperature', 'top_p', 'top_k']. Set `TRANSFORMERS_VERBOSITY=info` for more details.
batched B=8 ...
{
 "B=8": {
  "n": 32,
  "full_sequence_identical_rate": 0.0,
  "where_ids_identical_rate": 1.0,
  "color_ids_identical_rate": 0.25,
  "n_diverged_inside_where": 0,
  "n_diverged_in_color_only": 24,
  "where_token_f1_when_differing": null,
  "color_token_f1_when_differing": {
   "n": 24,
   "min": 0.6353790613718411,
   "p50": 0.9021753417455309
  },
  "seconds": 59.2,
  "speedup_vs_b1": 5.43
 }
}
batched B=32 ...
{
 "B=32": {
  "n": 32,
  "full_sequence_identical_rate": 0.0,
  "where_ids_identical_rate": 0.96875,
  "color_ids_identical_rate": 0.28125,
  "n_diverged_inside_where": 1,
  "n_diverged_in_color_only": 22,
  "where_token_f1_when_differing": {
   "n": 1,
   "min": 0.9767441860465116,
   "p50": 0.9767441860465116
  },
  "color_token_f1_when_differing": {
   "n": 23,
   "min": 0.6161879895561357,
   "p50": 0.8967971530249109
  },
  "seconds": 19.4,
  "speedup_vs_b1": 16.57
 }
}

wrote /home/bc/VeraRetouch/experiments/Q3VL_metacanvas_where_what_20260804/where_b/diag/segment_impact.json
