{
  "card": "P-W1",
  "export": "/home/bc/data/runs/where_b/probe_e1_20260810/export",
  "n_samples": 400,
  "mad_k": 3.0,
  "rule": "valid_mask = NOT (mean-over-layers-and-heads column profile, taken over post-image text query rows, > median + k*MAD). Whole-arm constant rule; per-image threshold; no field value is rescaled and no cell is interpolated.",
  "headline": {
    "sink_frac": {
      "n": 400,
      "mean": 0.12189619015891914,
      "median": 0.11979166666666667,
      "p10": 0.09815848214285715,
      "p90": 0.14703125000000003,
      "min": 0.06510416666666667,
      "max": 0.22767857142857142
    },
    "sink_mass_share": {
      "n": 400,
      "mean": 0.4899900375553415,
      "median": 0.49213660631034595,
      "p10": 0.42142883203733505,
      "p90": 0.557385800934255,
      "min": 0.2724719636145421,
      "max": 0.7046035803902984
    },
    "argmax_in_sink_rate": {
      "n": 400,
      "mean": 0.9644769965277777,
      "median": 0.96875,
      "p10": 0.9522569444444444,
      "p90": 0.9782986111111112,
      "min": 0.7899305555555556,
      "max": 0.9878472222222222
    },
    "profile_max_over_median": {
      "n": 400,
      "mean": 130.22330527670977,
      "median": 131.9900216905875,
      "p10": 88.14275145423217,
      "p90": 167.58762070555812,
      "min": 13.500867422777867,
      "max": 272.1087389565952
    },
    "instruction_invariance_jaccard": {
      "n": 382,
      "mean": 0.7053889902801392,
      "median": 0.7114877589453861,
      "p10": 0.5561643835616439,
      "p90": 0.8489335520918787,
      "min": 0.3761467889908257,
      "max": 0.9361702127659575
    },
    "first_image_cell_is_sink_rate": 1.0
  },
  "k_sweep": {
    "2.0": {
      "sink_frac": {
        "n": 400,
        "mean": 0.1879593037021647,
        "median": 0.1875,
        "p10": 0.16145833333333334,
        "p90": 0.21447172619047622,
        "min": 0.1284722222222222,
        "max": 0.2767857142857143
      },
      "argmax_in_sink_rate": {
        "n": 400,
        "mean": 0.9749891493055555,
        "median": 0.9774305555555556,
        "p10": 0.9644097222222222,
        "p90": 0.9852430555555556,
        "min": 0.8619791666666666,
        "max": 0.9930555555555556
      },
      "instruction_invariance_jaccard": {
        "n": 382,
        "mean": 0.7242585507972162,
        "median": 0.7332857906935283,
        "p10": 0.5756063843156969,
        "p90": 0.8473272490221643,
        "min": 0.42045454545454547,
        "max": 0.9240506329113924
      },
      "gt_mass_lost_to_sink": {
        "n": 400,
        "mean": 0.21102552655288115,
        "median": 0.1797684496309038,
        "p10": 0.1208041208613266,
        "p90": 0.3388201507369249,
        "min": 0.02290384085173089,
        "max": 0.9677345605196906
      },
      "oracle_ceiling_under_valid": {
        "n": 400,
        "mean": 0.6168246128381722,
        "median": 0.640661940478587,
        "p10": 0.49050662824674884,
        "p90": 0.758880021618503,
        "min": 0.0197798829857503,
        "max": 0.8637226587599008
      }
    },
    "2.5": {
      "sink_frac": {
        "n": 400,
        "mean": 0.15010892529554976,
        "median": 0.1484375,
        "p10": 0.125,
        "p90": 0.17708333333333334,
        "min": 0.09765625,
        "max": 0.25
      },
      "argmax_in_sink_rate": {
        "n": 400,
        "mean": 0.969609375,
        "median": 0.9730902777777778,
        "p10": 0.9583333333333334,
        "p90": 0.9817708333333334,
        "min": 0.828125,
        "max": 0.9904513888888888
      },
      "instruction_invariance_jaccard": {
        "n": 382,
        "mean": 0.715002737958928,
        "median": 0.7310562571756601,
        "p10": 0.5604395604395604,
        "p90": 0.8412698412698413,
        "min": 0.3783783783783784,
        "max": 0.9482758620689655
      },
      "gt_mass_lost_to_sink": {
        "n": 400,
        "mean": 0.16926175037095617,
        "median": 0.14080767570986327,
        "p10": 0.08679813503914278,
        "p90": 0.28557863266994044,
        "min": 0.0011632606632565844,
        "max": 0.9677345605196906
      },
      "oracle_ceiling_under_valid": {
        "n": 400,
        "mean": 0.6454369085056659,
        "median": 0.6687740523503871,
        "p10": 0.5085532269947175,
        "p90": 0.792533404569524,
        "min": 0.0197798829857503,
        "max": 0.8701719317476964
      }
    },
    "3.0": {
      "sink_frac": {
        "n": 400,
        "mean": 0.12189619015891914,
        "median": 0.11979166666666667,
        "p10": 0.09815848214285715,
        "p90": 0.14703125000000003,
        "min": 0.06510416666666667,
        "max": 0.22767857142857142
      },
      "argmax_in_sink_rate": {
        "n": 400,
        "mean": 0.9644769965277777,
        "median": 0.96875,
        "p10": 0.9522569444444444,
        "p90": 0.9782986111111112,
        "min": 0.7899305555555556,
        "max": 0.9878472222222222
      },
      "instruction_invariance_jaccard": {
        "n": 382,
        "mean": 0.7053889902801392,
        "median": 0.7114877589453861,
        "p10": 0.5561643835616439,
        "p90": 0.8489335520918787,
        "min": 0.3761467889908257,
        "max": 0.9361702127659575
      },
      "gt_mass_lost_to_sink": {
        "n": 400,
        "mean": 0.13612667110284637,
        "median": 0.11115233207852997,
        "p10": 0.06500267234704944,
        "p90": 0.21648594060056936,
        "min": 0.0011632606632565844,
        "max": 0.8388122050808934
      },
      "oracle_ceiling_under_valid": {
        "n": 400,
        "mean": 0.6680444138947749,
        "median": 0.6992152023043963,
        "p10": 0.5255828322902343,
        "p90": 0.8108181169802593,
        "min": 0.09833375721566145,
        "max": 0.8865797597978372
      }
    },
    "4.0": {
      "sink_frac": {
        "n": 400,
        "mean": 0.08192857983132767,
        "median": 0.08072916666666667,
        "p10": 0.059895833333333336,
        "p90": 0.10416666666666667,
        "min": 0.02734375,
        "max": 0.171875
      },
      "argmax_in_sink_rate": {
        "n": 400,
        "mean": 0.9530512152777777,
        "median": 0.9600694444444444,
        "p10": 0.9322048611111111,
        "p90": 0.9722222222222222,
        "min": 0.7039930555555556,
        "max": 0.9852430555555556
      },
      "instruction_invariance_jaccard": {
        "n": 382,
        "mean": 0.703418547590816,
        "median": 0.7142857142857143,
        "p10": 0.5283333333333333,
        "p90": 0.8568452380952382,
        "min": 0.3291139240506329,
        "max": 0.9714285714285714
      },
      "gt_mass_lost_to_sink": {
        "n": 400,
        "mean": 0.09041434501056742,
        "median": 0.07158892092187816,
        "p10": 0.03207561113245771,
        "p90": 0.15089184940508663,
        "min": 0.0,
        "max": 0.8362847546267314
      },
      "oracle_ceiling_under_valid": {
        "n": 400,
        "mean": 0.6984825003546825,
        "median": 0.7352416164816677,
        "p10": 0.5441632587337883,
        "p90": 0.8343644244478405,
        "min": 0.09833375721566145,
        "max": 0.9003319358320867
      }
    },
    "5.0": {
      "sink_frac": {
        "n": 400,
        "mean": 0.0577312197126987,
        "median": 0.057291666666666664,
        "p10": 0.0375,
        "p90": 0.07745535714285716,
        "min": 0.01953125,
        "max": 0.13541666666666666
      },
      "argmax_in_sink_rate": {
        "n": 400,
        "mean": 0.9399522569444446,
        "median": 0.9487847222222222,
        "p10": 0.9078125,
        "p90": 0.9653645833333334,
        "min": 0.6623263888888888,
        "max": 0.9835069444444444
      },
      "instruction_invariance_jaccard": {
        "n": 382,
        "mean": 0.7045211694596141,
        "median": 0.7222222222222222,
        "p10": 0.5314583333333334,
        "p90": 0.88,
        "min": 0.2857142857142857,
        "max": 1.0
      },
      "gt_mass_lost_to_sink": {
        "n": 400,
        "mean": 0.060247109601521937,
        "median": 0.046053720715880375,
        "p10": 0.014269023588567844,
        "p90": 0.10236410725597891,
        "min": 0.0,
        "max": 0.6029049212601899
      },
      "oracle_ceiling_under_valid": {
        "n": 400,
        "mean": 0.7184783544532612,
        "median": 0.7519646662220143,
        "p10": 0.5580606915314669,
        "p90": 0.852411797990596,
        "min": 0.25843219681187884,
        "max": 0.9056363401609997
      }
    }
  },
  "ceiling_cost": {
    "oracle_ceiling_no_exclusion": {
      "n": 400,
      "mean": 0.7563560160778761,
      "median": 0.786570086587538,
      "p10": 0.578202372966503,
      "p90": 0.8878755715988221,
      "min": 0.25843219681187884,
      "max": 0.9378733335185115
    },
    "note": "the price of the valid mask: an excluded cell cannot be selected by the matched-area top-k, so GT mass sitting on a sink is unreachable for every field including the oracle"
  },
  "cross_resolution_stability": {
    "sink_frac_by_shape": {
      "16x16": 0.125,
      "16x20": 0.125,
      "16x21": 0.10416666666666667,
      "16x22": 0.10511363636363637,
      "16x24": 0.11979166666666667,
      "16x26": 0.12019230769230768,
      "16x28": 0.125,
      "16x29": 0.10668103448275862,
      "18x16": 0.1076388888888889,
      "20x16": 0.1125,
      "21x16": 0.125,
      "24x16": 0.125,
      "28x16": 0.11049107142857142
    },
    "sink_frac_spread": 0.02083333333333333,
    "mass_share_by_shape": {
      "16x16": 0.477168316899225,
      "16x20": 0.48629077614266564,
      "16x21": 0.33610240942842884,
      "16x22": 0.4534224726361893,
      "16x24": 0.4954586556761061,
      "16x26": 0.513160827853999,
      "16x28": 0.507539747021476,
      "16x29": 0.3931770175383027,
      "18x16": 0.44064370575822265,
      "20x16": 0.46046690852020294,
      "21x16": 0.5018230455179049,
      "24x16": 0.49834948210854924,
      "28x16": 0.4538182139353959
    },
    "mass_share_spread": 0.17705841842557013
  }
}

sink cells: median 11.979% of the grid, carrying median 49.2% of the image mass; argmax lands on one 96.9% of the time
