[a0] 75 LUTs, arm=rec, N=32
[a0] GT cache ready in 512s
[a0] chunk 0: trained 25 LUTs in 368s, final loss 0.00494
{"lut_id": "e18__e18_000902", "arm": "rec", "n": 32, "psnr_float": 48.69433298885457, "psnr_8bit": 47.98799225669128, "de00": {"mean": 0.25135907530784607, "p95": 0.8676296472549438, "p99": 1.5564945936203003, "max": 4.188491344451904}}
{"lut_id": "e18__e18_000965", "arm": "rec", "n": 32, "psnr_float": 44.19225614912045, "psnr_8bit": 43.91347624203504, "de00": {"mean": 0.7310470342636108, "p95": 2.157348871231079, "p99": 3.4805119037628174, "max": 8.050024032592773}}
{"lut_id": "e18__e18_000980", "arm": "rec", "n": 32, "psnr_float": 42.616486947838375, "psnr_8bit": 42.41922584821364, "de00": {"mean": 0.7627578377723694, "p95": 1.8591153621673584, "p99": 2.6900975704193115, "max": 8.02400016784668}}
{"lut_id": "e18__e18_000993", "arm": "rec", "n": 32, "psnr_float": 42.86673168469595, "psnr_8bit": 42.65679291381065, "de00": {"mean": 0.7232046127319336, "p95": 1.8062491416931152, "p99": 2.630560874938965, "max": 7.490348815917969}}
{"lut_id": "e18__e18_000998", "arm": "rec", "n": 32, "psnr_float": 41.97103724484167, "psnr_8bit": 41.802988756387585, "de00": {"mean": 0.751271665096283, "p95": 1.8392506837844849, "p99": 2.8286490440368652, "max": 6.530795574188232}}
{"lut_id": "e18__e18_001000", "arm": "rec", "n": 32, "psnr_float": 43.35783998575536, "psnr_8bit": 43.12499681871435, "de00": {"mean": 0.7272826433181763, "p95": 1.8744386434555054, "p99": 2.872997283935547, "max": 8.82082462310791}}
{"lut_id": "e18__e18_001001", "arm": "rec", "n": 32, "psnr_float": 40.25590654996614, "psnr_8bit": 40.13693806248055, "de00": {"mean": 0.9181095957756042, "p95": 2.3994367122650146, "p99": 3.903391122817993, "max": 10.984344482421875}}
{"lut_id": "e18__e18_001006", "arm": "rec", "n": 32, "psnr_float": 39.60021258784444, "psnr_8bit": 39.497905639091954, "de00": {"mean": 0.9770193099975586, "p95": 2.628288507461548, "p99": 3.8423964977264404, "max": 11.839482307434082}}
{"lut_id": "e18__e18_001017", "arm": "rec", "n": 32, "psnr_float": 40.459806921781734, "psnr_8bit": 40.336581761475955, "de00": {"mean": 0.7607640027999878, "p95": 1.985798716545105, "p99": 3.0471978187561035, "max": 7.189088821411133}}
{"lut_id": "e18__e18_001018", "arm": "rec", "n": 32, "psnr_float": 40.862519459594644, "psnr_8bit": 40.73005258152903, "de00": {"mean": 0.8663009405136108, "p95": 2.2484467029571533, "p99": 3.6929421424865723, "max": 8.914898872375488}}
{"lut_id": "e18__e18_001474", "arm": "rec", "n": 32, "psnr_float": 41.459588898983014, "psnr_8bit": 41.30710276114787, "de00": {"mean": 0.9205092191696167, "p95": 2.185753107070923, "p99": 3.382253408432007, "max": 9.02437686920166}}
{"lut_id": "e18__e18_001487", "arm": "rec", "n": 32, "psnr_float": 44.20175377391648, "psnr_8bit": 43.91846147623027, "de00": {"mean": 0.6071744561195374, "p95": 1.4040032625198364, "p99": 2.2058939933776855, "max": 5.77689790725708}}
{"lut_id": "e18__e18_001493", "arm": "rec", "n": 32, "psnr_float": 47.8781152398535, "psnr_8bit": 47.25220180544737, "de00": {"mean": 0.38881897926330566, "p95": 0.9236486554145813, "p99": 1.4632316827774048, "max": 7.953075408935547}}
{"lut_id": "e18__e18_001502", "arm": "rec", "n": 32, "psnr_float": 42.42252313296345, "psnr_8bit": 42.23294165957975, "de00": {"mean": 0.6812500953674316, "p95": 1.667056679725647, "p99": 2.554084062576294, "max": 5.449326038360596}}
{"lut_id": "e18__e18_001504", "arm": "rec", "n": 32, "psnr_float": 42.12395607265951, "psnr_8bit": 41.94648483352356, "de00": {"mean": 0.8151015043258667, "p95": 2.0706276893615723, "p99": 3.3372583389282227, "max": 10.851470947265625}}
{"lut_id": "e18__e18_001509", "arm": "rec", "n": 32, "psnr_float": 42.311644664966444, "psnr_8bit": 42.12375254372317, "de00": {"mean": 0.6384304761886597, "p95": 1.6744939088821411, "p99": 2.8434200286865234, "max": 7.803686141967773}}
{"lut_id": "e18__e18_001511", "arm": "rec", "n": 32, "psnr_float": 44.16539999961656, "psnr_8bit": 43.88229305493202, "de00": {"mean": 0.6030875444412231, "p95": 1.4725708961486816, "p99": 2.3186702728271484, "max": 5.7245283126831055}}
{"lut_id": "e18__e18_001514", "arm": "rec", "n": 32, "psnr_float": 45.0567911325838, "psnr_8bit": 44.714962549815674, "de00": {"mean": 0.6494816541671753, "p95": 1.6321487426757812, "p99": 2.71146821975708, "max": 8.65450668334961}}
{"lut_id": "e18__e18_001531", "arm": "rec", "n": 32, "psnr_float": 43.7692093893238, "psnr_8bit": 43.51064180215442, "de00": {"mean": 0.4528476893901825, "p95": 1.1136822700500488, "p99": 1.9092777967453003, "max": 6.110365867614746}}
{"lut_id": "e18__e18_001603", "arm": "rec", "n": 32, "psnr_float": 44.80563006600271, "psnr_8bit": 44.489330556813854, "de00": {"mean": 0.6009679436683655, "p95": 1.552180290222168, "p99": 2.397878646850586, "max": 8.315711975097656}}
{"lut_id": "e18__e18_001608", "arm": "rec", "n": 32, "psnr_float": 42.57159452943469, "psnr_8bit": 42.374799367916005, "de00": {"mean": 0.7753254771232605, "p95": 1.869066834449768, "p99": 2.713853120803833, "max": 6.26596736907959}}
{"lut_id": "e18__e18_001613", "arm": "rec", "n": 32, "psnr_float": 41.34179732505996, "psnr_8bit": 41.19445264653342, "de00": {"mean": 0.7054834365844727, "p95": 1.722643494606018, "p99": 2.409562587738037, "max": 4.944740295410156}}
{"lut_id": "e18__e18_001615", "arm": "rec", "n": 32, "psnr_float": 42.02911377483389, "psnr_8bit": 41.85466639727491, "de00": {"mean": 0.8275891542434692, "p95": 1.9943733215332031, "p99": 2.9556381702423096, "max": 7.286689758300781}}
{"lut_id": "e18__e18_001617", "arm": "rec", "n": 32, "psnr_float": 41.89373932141707, "psnr_8bit": 41.72681866296319, "de00": {"mean": 0.8891585469245911, "p95": 2.253281831741333, "p99": 3.218297004699707, "max": 6.9542131423950195}}
{"lut_id": "e18__e18_001623", "arm": "rec", "n": 32, "psnr_float": 42.051491526585416, "psnr_8bit": 41.87594918462764, "de00": {"mean": 0.6731482148170471, "p95": 1.8054261207580566, "p99": 2.937410593032837, "max": 5.904621601104736}}
[a0] chunk 1: trained 25 LUTs in 710s, final loss 0.00472
{"lut_id": "e18__e18_001631", "arm": "rec", "n": 32, "psnr_float": 45.827019202645445, "psnr_8bit": 45.425357603225116, "de00": {"mean": 0.5689009428024292, "p95": 1.3619587421417236, "p99": 2.0965495109558105, "max": 10.564672470092773}}
{"lut_id": "e18__e18_001634", "arm": "rec", "n": 32, "psnr_float": 41.76604079685365, "psnr_8bit": 41.60444174318818, "de00": {"mean": 0.704127848148346, "p95": 1.7888896465301514, "p99": 2.619030714035034, "max": 7.925389766693115}}
{"lut_id": "e18__e18_001635", "arm": "rec", "n": 32, "psnr_float": 42.86404944610474, "psnr_8bit": 42.65485212667326, "de00": {"mean": 0.7455989122390747, "p95": 1.9155672788619995, "p99": 2.710364580154419, "max": 6.2857255935668945}}
{"lut_id": "e18__e18_001647", "arm": "rec", "n": 32, "psnr_float": 40.196896524104595, "psnr_8bit": 40.083909641488916, "de00": {"mean": 0.9599447250366211, "p95": 2.5002994537353516, "p99": 3.7678403854370117, "max": 7.535146236419678}}
{"lut_id": "e18__e18_001650", "arm": "rec", "n": 32, "psnr_float": 42.41436742242564, "psnr_8bit": 42.22660456571097, "de00": {"mean": 0.76970374584198, "p95": 1.773926019668579, "p99": 2.7431252002716064, "max": 9.768515586853027}}
{"lut_id": "e18__e18_001651", "arm": "rec", "n": 32, "psnr_float": 42.84161968517368, "psnr_8bit": 42.63556701455431, "de00": {"mean": 0.8671408891677856, "p95": 2.0282506942749023, "p99": 2.8222789764404297, "max": 11.196606636047363}}
{"lut_id": "e18__e18_001652", "arm": "rec", "n": 32, "psnr_float": 40.631752562253865, "psnr_8bit": 40.505886858465985, "de00": {"mean": 0.8556078672409058, "p95": 2.170048475265503, "p99": 3.328392267227173, "max": 9.510946273803711}}
{"lut_id": "e18__e18_001654", "arm": "rec", "n": 32, "psnr_float": 42.984117739508974, "psnr_8bit": 42.76959432241889, "de00": {"mean": 0.7321228384971619, "p95": 1.935673713684082, "p99": 2.7678945064544678, "max": 8.952141761779785}}
{"lut_id": "e18__e18_001937", "arm": "rec", "n": 32, "psnr_float": 41.87737609354521, "psnr_8bit": 41.70855264643316, "de00": {"mean": 0.640932559967041, "p95": 1.4954637289047241, "p99": 2.186976432800293, "max": 7.823094367980957}}
{"lut_id": "e18__e18_001938", "arm": "rec", "n": 32, "psnr_float": 42.65629812154495, "psnr_8bit": 42.457043484968786, "de00": {"mean": 0.7858425974845886, "p95": 2.019163131713867, "p99": 3.0795974731445312, "max": 6.4847588539123535}}
{"lut_id": "e18__e18_001943", "arm": "rec", "n": 32, "psnr_float": 46.241675306634704, "psnr_8bit": 45.8081124192325, "de00": {"mean": 0.4896147549152374, "p95": 1.1897614002227783, "p99": 2.0171077251434326, "max": 8.25243091583252}}
{"lut_id": "e18__e18_001946", "arm": "rec", "n": 32, "psnr_float": 41.835083987785396, "psnr_8bit": 41.668562537009855, "de00": {"mean": 0.7541894912719727, "p95": 2.016413927078247, "p99": 3.3279762268066406, "max": 11.11861801147461}}
{"lut_id": "e18__e18_001949", "arm": "rec", "n": 32, "psnr_float": 41.62947075266493, "psnr_8bit": 41.47012382879125, "de00": {"mean": 0.8456725478172302, "p95": 2.0074265003204346, "p99": 3.03403377532959, "max": 8.493762969970703}}
{"lut_id": "e18__e18_001951", "arm": "rec", "n": 32, "psnr_float": 43.465409405697024, "psnr_8bit": 43.22945547291677, "de00": {"mean": 0.7722199559211731, "p95": 1.8293949365615845, "p99": 2.724883794784546, "max": 19.372831344604492}}
{"lut_id": "e18__e18_001953", "arm": "rec", "n": 32, "psnr_float": 42.97343050960097, "psnr_8bit": 42.760120648263126, "de00": {"mean": 0.5863880515098572, "p95": 1.4960505962371826, "p99": 2.1987268924713135, "max": 4.771242141723633}}
{"lut_id": "e18__e18_001957", "arm": "rec", "n": 32, "psnr_float": 45.28949957790954, "psnr_8bit": 44.932078824539914, "de00": {"mean": 0.5853875279426575, "p95": 1.4796910285949707, "p99": 2.383497953414917, "max": 8.320699691772461}}
{"lut_id": "e18__e18_001959", "arm": "rec", "n": 32, "psnr_float": 42.71615817868514, "psnr_8bit": 42.51207832030072, "de00": {"mean": 0.5715035200119019, "p95": 1.34172523021698, "p99": 2.0984957218170166, "max": 6.324043273925781}}
{"lut_id": "e18__e18_001961", "arm": "rec", "n": 32, "psnr_float": 43.70563461273257, "psnr_8bit": 43.45272250986739, "de00": {"mean": 0.6470869779586792, "p95": 1.6236385107040405, "p99": 2.2622721195220947, "max": 6.632008075714111}}
{"lut_id": "e18__e18_001962", "arm": "rec", "n": 32, "psnr_float": 43.97239096969473, "psnr_8bit": 43.701697726898715, "de00": {"mean": 0.6404856443405151, "p95": 1.5314838886260986, "p99": 2.168266534805298, "max": 5.280181407928467}}
{"lut_id": "e18__e18_001963", "arm": "rec", "n": 32, "psnr_float": 46.506270671870915, "psnr_8bit": 46.03762221941146, "de00": {"mean": 0.4489630162715912, "p95": 1.0415256023406982, "p99": 1.6575664281845093, "max": 7.017154693603516}}
{"lut_id": "e18__e18_001969", "arm": "rec", "n": 32, "psnr_float": 43.894218454849295, "psnr_8bit": 43.631223725172504, "de00": {"mean": 0.6658055186271667, "p95": 1.5648189783096313, "p99": 2.2328970432281494, "max": 11.312905311584473}}
{"lut_id": "e18__e18_001970", "arm": "rec", "n": 32, "psnr_float": 44.69517835937162, "psnr_8bit": 44.381581410654185, "de00": {"mean": 0.6059999465942383, "p95": 1.5208243131637573, "p99": 2.300316572189331, "max": 5.451302528381348}}
{"lut_id": "e18__e18_001979", "arm": "rec", "n": 32, "psnr_float": 50.49317605697837, "psnr_8bit": 49.41240149773529, "de00": {"mean": 0.33683112263679504, "p95": 0.7303129434585571, "p99": 1.0751358270645142, "max": 3.8842577934265137}}
{"lut_id": "e18__e18_002049", "arm": "rec", "n": 32, "psnr_float": 54.708780826928994, "psnr_8bit": 52.395206939630725, "de00": {"mean": 0.1711459457874298, "p95": 0.41606268286705017, "p99": 0.6292375326156616, "max": 1.7850685119628906}}
{"lut_id": "e18__e18_002055", "arm": "rec", "n": 32, "psnr_float": 37.45563889678599, "psnr_8bit": 37.396873530696325, "de00": {"mean": 0.9660536646842957, "p95": 2.7123281955718994, "p99": 4.496477127075195, "max": 11.557193756103516}}
[a0] chunk 2: trained 25 LUTs in 748s, final loss 0.00701
{"lut_id": "e18__e18_002056", "arm": "rec", "n": 32, "psnr_float": 45.1181074113626, "psnr_8bit": 44.77574257071447, "de00": {"mean": 0.42114022374153137, "p95": 1.2027779817581177, "p99": 2.3402652740478516, "max": 4.483213424682617}}
{"lut_id": "e18__e18_002574", "arm": "rec", "n": 32, "psnr_float": 37.370145577244315, "psnr_8bit": 37.30900190732922, "de00": {"mean": 1.2044669389724731, "p95": 3.0739822387695312, "p99": 4.570921421051025, "max": 9.377750396728516}}
{"lut_id": "e18__e18_002575", "arm": "rec", "n": 32, "psnr_float": 38.819128851338746, "psnr_8bit": 38.73432504378855, "de00": {"mean": 1.0044810771942139, "p95": 2.4906842708587646, "p99": 3.8881349563598633, "max": 13.31196403503418}}
{"lut_id": "e18__e18_002577", "arm": "rec", "n": 32, "psnr_float": 38.88369294431287, "psnr_8bit": 38.79929548356441, "de00": {"mean": 1.0055015087127686, "p95": 2.458397388458252, "p99": 3.7078258991241455, "max": 7.050868034362793}}
{"lut_id": "e18__e18_002594", "arm": "rec", "n": 32, "psnr_float": 36.193807628187315, "psnr_8bit": 36.15005413571188, "de00": {"mean": 1.0953704118728638, "p95": 2.9393978118896484, "p99": 4.447103500366211, "max": 13.53674030303955}}
{"lut_id": "e18__e18_002596", "arm": "rec", "n": 32, "psnr_float": 43.40727765165682, "psnr_8bit": 43.17352408297539, "de00": {"mean": 0.6390991806983948, "p95": 1.6035422086715698, "p99": 2.5173075199127197, "max": 5.5490593910217285}}
{"lut_id": "e18__e18_002606", "arm": "rec", "n": 32, "psnr_float": 38.55895322668932, "psnr_8bit": 38.478165050165174, "de00": {"mean": 1.1398206949234009, "p95": 2.724424362182617, "p99": 4.182323455810547, "max": 13.477540969848633}}
{"lut_id": "e18__e18_002613", "arm": "rec", "n": 32, "psnr_float": 38.829410309956245, "psnr_8bit": 38.746672743869766, "de00": {"mean": 1.0028725862503052, "p95": 2.6621036529541016, "p99": 4.510770797729492, "max": 10.547906875610352}}
{"lut_id": "e18__e18_002614", "arm": "rec", "n": 32, "psnr_float": 41.21453468778034, "psnr_8bit": 41.070360344276466, "de00": {"mean": 0.8855064511299133, "p95": 2.400010108947754, "p99": 3.9765641689300537, "max": 8.996753692626953}}
{"lut_id": "e18__e18_002625", "arm": "rec", "n": 32, "psnr_float": 36.35512763553143, "psnr_8bit": 36.30587097907443, "de00": {"mean": 1.2028048038482666, "p95": 3.1089067459106445, "p99": 6.338014602661133, "max": 22.34800910949707}}
{"lut_id": "e18__e18_002630", "arm": "rec", "n": 32, "psnr_float": 40.56310766764251, "psnr_8bit": 40.43877497751978, "de00": {"mean": 0.9025073647499084, "p95": 2.4458847045898438, "p99": 3.748645305633545, "max": 14.437838554382324}}
{"lut_id": "e18__e18_002631", "arm": "rec", "n": 32, "psnr_float": 41.25693779230546, "psnr_8bit": 41.11084986662094, "de00": {"mean": 0.8130345344543457, "p95": 2.1343541145324707, "p99": 3.145829439163208, "max": 9.502264022827148}}
{"lut_id": "quandian__quandian_004314", "arm": "rec", "n": 32, "psnr_float": 38.80391429540015, "psnr_8bit": 38.72141065333033, "de00": {"mean": 0.7423030138015747, "p95": 1.9459713697433472, "p99": 3.595956802368164, "max": 13.146345138549805}}
{"lut_id": "quandian__quandian_004317", "arm": "rec", "n": 32, "psnr_float": 38.14211944860082, "psnr_8bit": 38.07108013781117, "de00": {"mean": 0.7701733708381653, "p95": 2.026120901107788, "p99": 3.6141936779022217, "max": 18.624845504760742}}
{"lut_id": "quandian__quandian_004319", "arm": "rec", "n": 32, "psnr_float": 37.86660382899714, "psnr_8bit": 37.799584882572454, "de00": {"mean": 0.8879397511482239, "p95": 2.655224084854126, "p99": 5.3776068687438965, "max": 16.38315200805664}}
{"lut_id": "quandian__quandian_004321", "arm": "rec", "n": 32, "psnr_float": 37.84171354518742, "psnr_8bit": 37.776563688269334, "de00": {"mean": 0.6526418924331665, "p95": 1.6624854803085327, "p99": 3.34796142578125, "max": 21.5425968170166}}
{"lut_id": "quandian__quandian_006461", "arm": "rec", "n": 32, "psnr_float": 36.434243131887754, "psnr_8bit": 36.38695907821994, "de00": {"mean": 0.9360518455505371, "p95": 2.331988573074341, "p99": 3.383674383163452, "max": 7.3387770652771}}
{"lut_id": "quandian__quandian_006462", "arm": "rec", "n": 32, "psnr_float": 37.29964719506046, "psnr_8bit": 37.247011938344016, "de00": {"mean": 0.9054490327835083, "p95": 2.360229253768921, "p99": 3.591355085372925, "max": 9.418437004089355}}
{"lut_id": "quandian__quandian_006464", "arm": "rec", "n": 32, "psnr_float": 37.171531239756064, "psnr_8bit": 37.11077387611888, "de00": {"mean": 0.8723937273025513, "p95": 2.2101194858551025, "p99": 4.65236759185791, "max": 43.33099365234375}}
{"lut_id": "quandian__quandian_009893", "arm": "rec", "n": 32, "psnr_float": 39.34826896088332, "psnr_8bit": 39.25282931093511, "de00": {"mean": 0.9590745568275452, "p95": 2.1519834995269775, "p99": 3.1400489807128906, "max": 6.232908248901367}}
{"lut_id": "quandian__quandian_009896", "arm": "rec", "n": 32, "psnr_float": 40.22156199652527, "psnr_8bit": 40.11079632579108, "de00": {"mean": 0.6935909986495972, "p95": 1.7752491235733032, "p99": 2.787170171737671, "max": 5.72249174118042}}
{"lut_id": "quandian__quandian_009915", "arm": "rec", "n": 32, "psnr_float": 36.27494487928992, "psnr_8bit": 36.23120025099526, "de00": {"mean": 1.0946130752563477, "p95": 2.959200859069824, "p99": 4.728711128234863, "max": 14.521074295043945}}
{"lut_id": "quandian__quandian_011990", "arm": "rec", "n": 32, "psnr_float": 39.00786738370064, "psnr_8bit": 38.921500778602805, "de00": {"mean": 0.6806478500366211, "p95": 1.8371981382369995, "p99": 3.2979516983032227, "max": 11.424796104431152}}
{"lut_id": "quandian__quandian_011993", "arm": "rec", "n": 32, "psnr_float": 39.13404213822504, "psnr_8bit": 39.05056672116605, "de00": {"mean": 0.4460314214229584, "p95": 1.1105144023895264, "p99": 2.288804531097412, "max": 11.617267608642578}}
{"lut_id": "quandian__quandian_011995", "arm": "rec", "n": 32, "psnr_float": 42.96119828129898, "psnr_8bit": 42.748584202034806, "de00": {"mean": 0.466977059841156, "p95": 1.0668365955352783, "p99": 1.6465826034545898, "max": 8.166954040527344}}
{
 "exp": "A0_glut_repro",
 "arm": "rec",
 "n_gaussians": 32,
 "n_luts": 75,
 "eval_part": "eval",
 "anchor": {
  "psnr_db": 45.47,
  "tolerance": 0.3,
  "de00": 0.41,
  "note": "GLUT-32@75-LUT, paper's own 64^3 subset (files not public; ours is a local 64^3 sample)"
 },
 "psnr_float_mean": 41.9157189498622,
 "psnr_float_std": 3.3037779443520554,
 "psnr_8bit_mean": 41.685266411082175,
 "de00_mean_over_luts": 0.744523401260376,
 "de00_p50": 0.7455989122390747,
 "de00_p90": 0.9925312757492067,
 "psnr_p10": 37.61006875614656,
 "psnr_min": 36.193807628187315,
 "anchor_pass": false,
 "git_commit": "0e5d04a71b1b8fc1bd7124d888b2755e67f7a333",
 "args": {
  "lut_list": "experiments/A0_glut_repro_20260803/config/a0_luts_75.txt",
  "arm": "rec",
  "outdir": "experiments/A0_glut_repro_20260803/runs/rec",
  "n": 32,
  "epochs": 20,
  "bs": 1024,
  "lr": 0.001,
  "seed": 0,
  "chunk_size": 25,
  "gt_workers": 8,
  "de_workers": 8,
  "loss_on_clamped": false,
  "smoke": false
 }
}
[a0] 75 LUTs, arm=full, N=32
[a0] GT cache ready in 0s
[a0] chunk 0: trained 25 LUTs in 1233s, final loss 0.05743
{"lut_id": "e18__e18_000902", "arm": "full", "n": 32, "psnr_float": 52.020311964969466, "psnr_8bit": 50.827235638771185, "de00": {"mean": 0.1623287945985794, "p95": 0.39184534549713135, "p99": 0.6136487126350403, "max": 8.143815994262695}}
{"lut_id": "e18__e18_000965", "arm": "full", "n": 32, "psnr_float": 32.3911410169142, "psnr_8bit": 32.37035084968141, "de00": {"mean": 2.434680461883545, "p95": 5.71619987487793, "p99": 8.529260635375977, "max": 14.175551414489746}}
{"lut_id": "e18__e18_000980", "arm": "full", "n": 32, "psnr_float": 31.601830665735427, "psnr_8bit": 31.585290470083972, "de00": {"mean": 2.4358341693878174, "p95": 5.647467136383057, "p99": 8.429134368896484, "max": 25.47591209411621}}
{"lut_id": "e18__e18_000993", "arm": "full", "n": 32, "psnr_float": 29.497453310262873, "psnr_8bit": 29.48592312721615, "de00": {"mean": 2.9707086086273193, "p95": 6.622036457061768, "p99": 9.780790328979492, "max": 18.062681198120117}}
{"lut_id": "e18__e18_000998", "arm": "full", "n": 32, "psnr_float": 30.795133328646052, "psnr_8bit": 30.78287407307736, "de00": {"mean": 2.5305590629577637, "p95": 6.404882907867432, "p99": 8.997314453125, "max": 13.456772804260254}}
{"lut_id": "e18__e18_001000", "arm": "full", "n": 32, "psnr_float": 32.78570137832627, "psnr_8bit": 32.7653497235926, "de00": {"mean": 2.232778310775757, "p95": 5.221922874450684, "p99": 9.806546211242676, "max": 22.027740478515625}}
{"lut_id": "e18__e18_001001", "arm": "full", "n": 32, "psnr_float": 28.726842494821362, "psnr_8bit": 28.718649843864085, "de00": {"mean": 2.6883692741394043, "p95": 6.872072219848633, "p99": 9.783914566040039, "max": 19.13401222229004}}
{"lut_id": "e18__e18_001006", "arm": "full", "n": 32, "psnr_float": 27.597603981900754, "psnr_8bit": 27.590347448075168, "de00": {"mean": 3.0215518474578857, "p95": 8.454882621765137, "p99": 10.865206718444824, "max": 16.295238494873047}}
{"lut_id": "e18__e18_001017", "arm": "full", "n": 32, "psnr_float": 29.636851813544688, "psnr_8bit": 29.630250558291205, "de00": {"mean": 2.202997922897339, "p95": 5.780795574188232, "p99": 7.951423168182373, "max": 13.972314834594727}}
{"lut_id": "e18__e18_001018", "arm": "full", "n": 32, "psnr_float": 29.218158578737917, "psnr_8bit": 29.208997107444805, "de00": {"mean": 2.9599082469940186, "p95": 7.527764320373535, "p99": 12.750763893127441, "max": 21.67642593383789}}
{"lut_id": "e18__e18_001474", "arm": "full", "n": 32, "psnr_float": 32.07395584055312, "psnr_8bit": 32.05827268481959, "de00": {"mean": 2.544975757598877, "p95": 5.407041549682617, "p99": 7.53294563293457, "max": 10.969436645507812}}
{"lut_id": "e18__e18_001487", "arm": "full", "n": 32, "psnr_float": 35.17723432639937, "psnr_8bit": 35.140830347099985, "de00": {"mean": 1.4282878637313843, "p95": 3.150444269180298, "p99": 4.371621608734131, "max": 8.180353164672852}}
{"lut_id": "e18__e18_001493", "arm": "full", "n": 32, "psnr_float": 36.22629650155876, "psnr_8bit": 36.18056581345367, "de00": {"mean": 1.2934951782226562, "p95": 3.0292365550994873, "p99": 4.458092212677002, "max": 10.755633354187012}}
{"lut_id": "e18__e18_001502", "arm": "full", "n": 32, "psnr_float": 32.183878000864176, "psnr_8bit": 32.164814020798616, "de00": {"mean": 1.7331596612930298, "p95": 3.856658458709717, "p99": 5.724269390106201, "max": 15.229598999023438}}
{"lut_id": "e18__e18_001504", "arm": "full", "n": 32, "psnr_float": 32.135815110582186, "psnr_8bit": 32.1161085054636, "de00": {"mean": 2.0864737033843994, "p95": 4.688014984130859, "p99": 6.587997913360596, "max": 12.865168571472168}}
{"lut_id": "e18__e18_001509", "arm": "full", "n": 32, "psnr_float": 33.90166494714148, "psnr_8bit": 33.8745988639108, "de00": {"mean": 1.365761637687683, "p95": 3.2445247173309326, "p99": 4.887485027313232, "max": 9.528414726257324}}
{"lut_id": "e18__e18_001511", "arm": "full", "n": 32, "psnr_float": 36.30090014833166, "psnr_8bit": 36.25399845461929, "de00": {"mean": 1.3223997354507446, "p95": 3.1102468967437744, "p99": 4.825068473815918, "max": 8.9159517288208}}
{"lut_id": "e18__e18_001514", "arm": "full", "n": 32, "psnr_float": 32.943423244303304, "psnr_8bit": 32.921490631644346, "de00": {"mean": 2.2661895751953125, "p95": 5.069887638092041, "p99": 7.215826511383057, "max": 13.12816047668457}}
{"lut_id": "e18__e18_001531", "arm": "full", "n": 32, "psnr_float": 33.75321169927857, "psnr_8bit": 33.72811454738917, "de00": {"mean": 1.2419160604476929, "p95": 2.9583513736724854, "p99": 4.420470237731934, "max": 10.583845138549805}}
{"lut_id": "e18__e18_001603", "arm": "full", "n": 32, "psnr_float": 33.951385818460274, "psnr_8bit": 33.922217541402915, "de00": {"mean": 1.7868586778640747, "p95": 4.320606231689453, "p99": 6.858948707580566, "max": 14.175581932067871}}
{"lut_id": "e18__e18_001608", "arm": "full", "n": 32, "psnr_float": 34.54788593757327, "psnr_8bit": 34.51467945943021, "de00": {"mean": 1.7650593519210815, "p95": 4.198009967803955, "p99": 7.197667121887207, "max": 14.39531421661377}}
{"lut_id": "e18__e18_001613", "arm": "full", "n": 32, "psnr_float": 34.21208114309029, "psnr_8bit": 34.18240769623938, "de00": {"mean": 1.3388639688491821, "p95": 3.251976251602173, "p99": 4.9993367195129395, "max": 15.224960327148438}}
{"lut_id": "e18__e18_001615", "arm": "full", "n": 32, "psnr_float": 31.18411770044122, "psnr_8bit": 31.171187081726984, "de00": {"mean": 2.147437334060669, "p95": 4.977860450744629, "p99": 6.677433967590332, "max": 10.424905776977539}}
{"lut_id": "e18__e18_001617", "arm": "full", "n": 32, "psnr_float": 31.98874600230183, "psnr_8bit": 31.97274187417586, "de00": {"mean": 2.4705309867858887, "p95": 6.616194248199463, "p99": 10.252762794494629, "max": 17.168882369995117}}
{"lut_id": "e18__e18_001623", "arm": "full", "n": 32, "psnr_float": 31.977759003541188, "psnr_8bit": 31.958679325595977, "de00": {"mean": 1.7577075958251953, "p95": 4.341267108917236, "p99": 9.240478515625, "max": 22.3508358001709}}
[a0] chunk 1: trained 25 LUTs in 852s, final loss 0.04367
{"lut_id": "e18__e18_001631", "arm": "full", "n": 32, "psnr_float": 34.83935563257617, "psnr_8bit": 34.80377313794371, "de00": {"mean": 1.788613200187683, "p95": 4.025968551635742, "p99": 6.3749213218688965, "max": 13.098258018493652}}
{"lut_id": "e18__e18_001634", "arm": "full", "n": 32, "psnr_float": 33.15153820116813, "psnr_8bit": 33.13375194710376, "de00": {"mean": 1.527982473373413, "p95": 3.56341552734375, "p99": 7.0926899909973145, "max": 18.151811599731445}}
{"lut_id": "e18__e18_001635", "arm": "full", "n": 32, "psnr_float": 30.808974074308217, "psnr_8bit": 30.796126156461384, "de00": {"mean": 2.700800657272339, "p95": 6.290834903717041, "p99": 8.236249923706055, "max": 12.47758674621582}}
{"lut_id": "e18__e18_001647", "arm": "full", "n": 32, "psnr_float": 29.490324843324153, "psnr_8bit": 29.480199067812872, "de00": {"mean": 2.996349334716797, "p95": 6.997169017791748, "p99": 8.923142433166504, "max": 13.9981050491333}}
{"lut_id": "e18__e18_001650", "arm": "full", "n": 32, "psnr_float": 28.641073583364868, "psnr_8bit": 28.63327307120645, "de00": {"mean": 2.8871209621429443, "p95": 6.58526086807251, "p99": 8.986228942871094, "max": 16.144882202148438}}
{"lut_id": "e18__e18_001651", "arm": "full", "n": 32, "psnr_float": 31.18385336553285, "psnr_8bit": 31.168487380304516, "de00": {"mean": 2.7686123847961426, "p95": 6.299829483032227, "p99": 9.416847229003906, "max": 20.35944366455078}}
{"lut_id": "e18__e18_001652", "arm": "full", "n": 32, "psnr_float": 28.366509805587924, "psnr_8bit": 28.358762044638894, "de00": {"mean": 2.944653034210205, "p95": 6.99361515045166, "p99": 9.3494873046875, "max": 13.656949043273926}}
{"lut_id": "e18__e18_001654", "arm": "full", "n": 32, "psnr_float": 34.94747652614732, "psnr_8bit": 34.91294119779272, "de00": {"mean": 1.6726722717285156, "p95": 4.0149688720703125, "p99": 5.847359657287598, "max": 10.355372428894043}}
{"lut_id": "e18__e18_001937", "arm": "full", "n": 32, "psnr_float": 34.83561273052912, "psnr_8bit": 34.80329537395726, "de00": {"mean": 1.1799761056900024, "p95": 2.611553907394409, "p99": 3.582209348678589, "max": 8.567663192749023}}
{"lut_id": "e18__e18_001938", "arm": "full", "n": 32, "psnr_float": 32.6838979226091, "psnr_8bit": 32.66413942947062, "de00": {"mean": 2.187469959259033, "p95": 5.702624797821045, "p99": 8.28916072845459, "max": 13.495390892028809}}
{"lut_id": "e18__e18_001943", "arm": "full", "n": 32, "psnr_float": 36.52694421651261, "psnr_8bit": 36.47797896062047, "de00": {"mean": 1.335520625114441, "p95": 3.0592308044433594, "p99": 4.2673139572143555, "max": 13.449493408203125}}
{"lut_id": "e18__e18_001946", "arm": "full", "n": 32, "psnr_float": 32.446262434918026, "psnr_8bit": 32.42606955335344, "de00": {"mean": 1.808218002319336, "p95": 4.1429829597473145, "p99": 5.957808017730713, "max": 13.4612455368042}}
{"lut_id": "e18__e18_001949", "arm": "full", "n": 32, "psnr_float": 31.229263842682823, "psnr_8bit": 31.211627871386412, "de00": {"mean": 2.240058183670044, "p95": 5.249151706695557, "p99": 7.372437000274658, "max": 14.321961402893066}}
{"lut_id": "e18__e18_001951", "arm": "full", "n": 32, "psnr_float": 34.04907485877843, "psnr_8bit": 34.02247637647164, "de00": {"mean": 1.8659414052963257, "p95": 4.599493980407715, "p99": 6.420836925506592, "max": 10.819738388061523}}
{"lut_id": "e18__e18_001953", "arm": "full", "n": 32, "psnr_float": 36.20251273531639, "psnr_8bit": 36.15685845865276, "de00": {"mean": 1.0801632404327393, "p95": 2.4641242027282715, "p99": 3.7845122814178467, "max": 17.279682159423828}}
{"lut_id": "e18__e18_001957", "arm": "full", "n": 32, "psnr_float": 36.02817223186638, "psnr_8bit": 35.98054488612179, "de00": {"mean": 1.515990972518921, "p95": 4.002907752990723, "p99": 6.4117279052734375, "max": 12.629395484924316}}
{"lut_id": "e18__e18_001959", "arm": "full", "n": 32, "psnr_float": 35.5479065029553, "psnr_8bit": 35.50695022890657, "de00": {"mean": 1.078613519668579, "p95": 2.4882113933563232, "p99": 3.9239392280578613, "max": 9.63675308227539}}
{"lut_id": "e18__e18_001961", "arm": "full", "n": 32, "psnr_float": 33.7488848054775, "psnr_8bit": 33.72294698339756, "de00": {"mean": 1.921195387840271, "p95": 4.666329860687256, "p99": 6.471640586853027, "max": 18.512680053710938}}
{"lut_id": "e18__e18_001962", "arm": "full", "n": 32, "psnr_float": 36.08208366365412, "psnr_8bit": 36.03669118327041, "de00": {"mean": 1.36277174949646, "p95": 2.9373772144317627, "p99": 4.4673357009887695, "max": 11.493120193481445}}
{"lut_id": "e18__e18_001963", "arm": "full", "n": 32, "psnr_float": 36.73857501918004, "psnr_8bit": 36.68747383200785, "de00": {"mean": 1.19278085231781, "p95": 2.7501211166381836, "p99": 4.795684337615967, "max": 16.56734275817871}}
{"lut_id": "e18__e18_001969", "arm": "full", "n": 32, "psnr_float": 35.54743346945121, "psnr_8bit": 35.50797551132744, "de00": {"mean": 1.7339868545532227, "p95": 3.877329111099243, "p99": 5.465043067932129, "max": 14.739636421203613}}
{"lut_id": "e18__e18_001970", "arm": "full", "n": 32, "psnr_float": 35.3258764970236, "psnr_8bit": 35.2881105534544, "de00": {"mean": 1.5915101766586304, "p95": 3.533214807510376, "p99": 5.077328681945801, "max": 11.677144050598145}}
{"lut_id": "e18__e18_001979", "arm": "full", "n": 32, "psnr_float": 40.6966990209243, "psnr_8bit": 40.56735999290993, "de00": {"mean": 1.027530550956726, "p95": 2.4383349418640137, "p99": 3.526871681213379, "max": 10.954583168029785}}
{"lut_id": "e18__e18_002049", "arm": "full", "n": 32, "psnr_float": 47.796432114511475, "psnr_8bit": 47.20367344803259, "de00": {"mean": 0.2997252941131592, "p95": 0.6960623860359192, "p99": 1.0892056226730347, "max": 3.1407275199890137}}
{"lut_id": "e18__e18_002055", "arm": "full", "n": 32, "psnr_float": 30.73516655779151, "psnr_8bit": 30.722425616954972, "de00": {"mean": 2.0024678707122803, "p95": 5.253848552703857, "p99": 7.643543720245361, "max": 13.196532249450684}}
[a0] chunk 2: trained 25 LUTs in 850s, final loss 0.07664
{"lut_id": "e18__e18_002056", "arm": "full", "n": 32, "psnr_float": 37.54464382172842, "psnr_8bit": 37.481977673255635, "de00": {"mean": 0.9616305232048035, "p95": 2.5178000926971436, "p99": 3.545480489730835, "max": 5.558348178863525}}
{"lut_id": "e18__e18_002574", "arm": "full", "n": 32, "psnr_float": 26.95043533087864, "psnr_8bit": 26.94365186596441, "de00": {"mean": 3.5395703315734863, "p95": 8.110795021057129, "p99": 11.113239288330078, "max": 17.152870178222656}}
{"lut_id": "e18__e18_002575", "arm": "full", "n": 32, "psnr_float": 29.95183339394466, "psnr_8bit": 29.941563279443592, "de00": {"mean": 2.5654799938201904, "p95": 6.049732685089111, "p99": 9.747249603271484, "max": 19.155227661132812}}
{"lut_id": "e18__e18_002577", "arm": "full", "n": 32, "psnr_float": 26.37264775052063, "psnr_8bit": 26.36790809685912, "de00": {"mean": 4.041045665740967, "p95": 9.174674987792969, "p99": 12.411332130432129, "max": 18.770065307617188}}
{"lut_id": "e18__e18_002594", "arm": "full", "n": 32, "psnr_float": 27.024224009658738, "psnr_8bit": 27.01800288565375, "de00": {"mean": 2.69380521774292, "p95": 7.368192672729492, "p99": 11.500267028808594, "max": 20.285978317260742}}
{"lut_id": "e18__e18_002596", "arm": "full", "n": 32, "psnr_float": 34.49051902004058, "psnr_8bit": 34.459411888797284, "de00": {"mean": 1.7615573406219482, "p95": 4.049267768859863, "p99": 5.585289001464844, "max": 9.117916107177734}}
{"lut_id": "e18__e18_002606", "arm": "full", "n": 32, "psnr_float": 27.315339608033376, "psnr_8bit": 27.30941247595191, "de00": {"mean": 3.138505220413208, "p95": 7.398646354675293, "p99": 9.762035369873047, "max": 17.689876556396484}}
{"lut_id": "e18__e18_002613", "arm": "full", "n": 32, "psnr_float": 28.96978999144903, "psnr_8bit": 28.960577167821793, "de00": {"mean": 2.72510027885437, "p95": 6.948891639709473, "p99": 9.405460357666016, "max": 17.204864501953125}}
{"lut_id": "e18__e18_002614", "arm": "full", "n": 32, "psnr_float": 31.873516212784928, "psnr_8bit": 31.85443237964381, "de00": {"mean": 2.3182919025421143, "p95": 6.004851818084717, "p99": 7.710585594177246, "max": 12.511726379394531}}
{"lut_id": "e18__e18_002625", "arm": "full", "n": 32, "psnr_float": 22.666733597535075, "psnr_8bit": 22.664181707567458, "de00": {"mean": 4.82346773147583, "p95": 12.17686939239502, "p99": 15.526298522949219, "max": 26.607534408569336}}
{"lut_id": "e18__e18_002630", "arm": "full", "n": 32, "psnr_float": 30.33453102953842, "psnr_8bit": 30.32280874752184, "de00": {"mean": 2.434940814971924, "p95": 5.316995620727539, "p99": 7.4520368576049805, "max": 14.84019947052002}}
{"lut_id": "e18__e18_002631", "arm": "full", "n": 32, "psnr_float": 32.48046880328098, "psnr_8bit": 32.460669067643344, "de00": {"mean": 1.9797589778900146, "p95": 4.789855003356934, "p99": 7.1335554122924805, "max": 11.74972152709961}}
{"lut_id": "quandian__quandian_004314", "arm": "full", "n": 32, "psnr_float": 31.437711428468873, "psnr_8bit": 31.422300976203065, "de00": {"mean": 1.786358118057251, "p95": 4.2503156661987305, "p99": 7.020252227783203, "max": 17.940391540527344}}
{"lut_id": "quandian__quandian_004317", "arm": "full", "n": 32, "psnr_float": 29.755894289299604, "psnr_8bit": 29.745895410390908, "de00": {"mean": 2.4221301078796387, "p95": 6.399312973022461, "p99": 9.177702903747559, "max": 16.065120697021484}}
{"lut_id": "quandian__quandian_004319", "arm": "full", "n": 32, "psnr_float": 27.543692517012943, "psnr_8bit": 27.539509179252015, "de00": {"mean": 3.6615214347839355, "p95": 8.918299674987793, "p99": 11.97746753692627, "max": 17.876724243164062}}
{"lut_id": "quandian__quandian_004321", "arm": "full", "n": 32, "psnr_float": 31.392430683131685, "psnr_8bit": 31.377495698216023, "de00": {"mean": 1.441125750541687, "p95": 3.5934205055236816, "p99": 5.007725715637207, "max": 11.539939880371094}}
{"lut_id": "quandian__quandian_006461", "arm": "full", "n": 32, "psnr_float": 29.218118153602475, "psnr_8bit": 29.209165638907926, "de00": {"mean": 2.166290760040283, "p95": 5.875439167022705, "p99": 9.649618148803711, "max": 16.741127014160156}}
{"lut_id": "quandian__quandian_006462", "arm": "full", "n": 32, "psnr_float": 30.383229960565885, "psnr_8bit": 30.37178103708183, "de00": {"mean": 2.102811336517334, "p95": 6.9936113357543945, "p99": 10.826428413391113, "max": 15.909051895141602}}
{"lut_id": "quandian__quandian_006464", "arm": "full", "n": 32, "psnr_float": 39.08259401528922, "psnr_8bit": 38.98656891637972, "de00": {"mean": 1.1480528116226196, "p95": 2.7135837078094482, "p99": 4.188905715942383, "max": 34.9537467956543}}
{"lut_id": "quandian__quandian_009893", "arm": "full", "n": 32, "psnr_float": 27.76432528659253, "psnr_8bit": 27.75761801625078, "de00": {"mean": 3.3279032707214355, "p95": 7.532502174377441, "p99": 10.108373641967773, "max": 19.318025588989258}}
{"lut_id": "quandian__quandian_009896", "arm": "full", "n": 32, "psnr_float": 34.3978704474977, "psnr_8bit": 34.36795850486688, "de00": {"mean": 1.7689393758773804, "p95": 4.824347496032715, "p99": 7.098444938659668, "max": 14.815512657165527}}
{"lut_id": "quandian__quandian_009915", "arm": "full", "n": 32, "psnr_float": 24.663314686902883, "psnr_8bit": 24.66016393861945, "de00": {"mean": 3.8067545890808105, "p95": 9.544147491455078, "p99": 13.955617904663086, "max": 28.33611488342285}}
{"lut_id": "quandian__quandian_011990", "arm": "full", "n": 32, "psnr_float": 33.7163361812882, "psnr_8bit": 33.690078064304366, "de00": {"mean": 1.4119799137115479, "p95": 3.391859531402588, "p99": 6.387723922729492, "max": 15.033843040466309}}
{"lut_id": "quandian__quandian_011993", "arm": "full", "n": 32, "psnr_float": 35.697005013176955, "psnr_8bit": 35.65951442373187, "de00": {"mean": 0.6423125863075256, "p95": 1.6711876392364502, "p99": 3.6772663593292236, "max": 9.92204761505127}}
{"lut_id": "quandian__quandian_011995", "arm": "full", "n": 32, "psnr_float": 38.188480237572605, "psnr_8bit": 38.11664125434242, "de00": {"mean": 0.8648820519447327, "p95": 2.0791382789611816, "p99": 3.173074245452881, "max": 7.709343910217285}}
{
 "exp": "A0_glut_repro",
 "arm": "full",
 "n_gaussians": 32,
 "n_luts": 75,
 "eval_part": "eval",
 "anchor": {
  "psnr_db": 45.47,
  "tolerance": 0.3,
  "de00": 0.41,
  "note": "GLUT-32@75-LUT, paper's own 64^3 subset (files not public; ours is a local 64^3 sample)"
 },
 "psnr_float_mean": 32.71593298779021,
 "psnr_float_std": 4.429031517765537,
 "psnr_8bit_mean": 32.66785568328134,
 "de00_mean_over_luts": 2.0591169995069505,
 "de00_p50": 1.9797589778900146,
 "de00_p90": 3.0114708423614505,
 "psnr_p10": 27.664292503777464,
 "psnr_min": 22.666733597535075,
 "anchor_pass": false,
 "git_commit": "0e5d04a71b1b8fc1bd7124d888b2755e67f7a333",
 "args": {
  "lut_list": "experiments/A0_glut_repro_20260803/config/a0_luts_75.txt",
  "arm": "full",
  "outdir": "experiments/A0_glut_repro_20260803/runs/full",
  "n": 32,
  "epochs": 20,
  "bs": 1024,
  "lr": 0.001,
  "seed": 0,
  "chunk_size": 25,
  "gt_workers": 8,
  "de_workers": 8,
  "loss_on_clamped": false,
  "smoke": false
 }
}
A0_FULL_DONE
