{"lut_id": "e18__e18_000902", "affine_psnr": 25.526929703759862, "resid_rms": 0.09446852654218674, "nonaffine_rms": 0.052924104075823326, "clip_frac": 0.2890625, "lip_p999": 2.9161291122436523, "lip_med": 2.0961248874664307, "curv_mean": 1.1726371049880981, "hue_rot_std": 0.1993875885760313, "hue_rot_mean": 0.00770531392343385, "native_size": 64}
{"lut_id": "e18__e18_000965", "affine_psnr": 25.288394601814925, "resid_rms": 0.19708888232707977, "nonaffine_rms": 0.05439766647097055, "clip_frac": 0.0, "lip_p999": 3.3376102447509766, "lip_med": 1.0017004013061523, "curv_mean": 2.507585287094116, "hue_rot_std": 0.214371988492353, "hue_rot_mean": 0.11274742833830813, "native_size": 64}
{"lut_id": "e18__e18_000980", "affine_psnr": 24.707983047753494, "resid_rms": 0.20556636154651642, "nonaffine_rms": 0.05815684627642877, "clip_frac": 0.0, "lip_p999": 3.6523630619049072, "lip_med": 1.3037638664245605, "curv_mean": 3.880790948867798, "hue_rot_std": 0.20463780886469468, "hue_rot_mean": 0.04117983903017185, "native_size": 64}
{"lut_id": "e18__e18_000993", "affine_psnr": 22.954802734539157, "resid_rms": 0.22964148223400116, "nonaffine_rms": 0.0711639200793977, "clip_frac": 0.0, "lip_p999": 4.134672164916992, "lip_med": 1.3003065586090088, "curv_mean": 3.4883995056152344, "hue_rot_std": 0.2866416251162339, "hue_rot_mean": 0.0937808764531917, "native_size": 64}
{"lut_id": "e18__e18_000998", "affine_psnr": 20.327898131746313, "resid_rms": 0.25736671686172485, "nonaffine_rms": 0.09629530064337126, "clip_frac": 0.0, "lip_p999": 5.059861660003662, "lip_med": 1.696879267692566, "curv_mean": 4.050821781158447, "hue_rot_std": 0.3755011802224055, "hue_rot_mean": 0.10067189148944831, "native_size": 64}
{"lut_id": "e18__e18_001000", "affine_psnr": 25.038354030664728, "resid_rms": 0.20262664556503296, "nonaffine_rms": 0.05598636851765899, "clip_frac": 0.0, "lip_p999": 2.9346814155578613, "lip_med": 1.000313639640808, "curv_mean": 2.876519203186035, "hue_rot_std": 0.2955025100095614, "hue_rot_mean": 0.04661113376419896, "native_size": 64}
{"lut_id": "e18__e18_001001", "affine_psnr": 20.47917203155749, "resid_rms": 0.21301361918449402, "nonaffine_rms": 0.09463273641985878, "clip_frac": 0.0, "lip_p999": 6.333450794219971, "lip_med": 1.7524875402450562, "curv_mean": 5.027631759643555, "hue_rot_std": 0.29282792145711295, "hue_rot_mean": 0.08568328411907458, "native_size": 64}
{"lut_id": "e18__e18_001006", "affine_psnr": 19.208104923623786, "resid_rms": 0.19980540871620178, "nonaffine_rms": 0.10954555343937475, "clip_frac": 0.0, "lip_p999": 6.303853988647461, "lip_med": 1.9591799974441528, "curv_mean": 5.943444728851318, "hue_rot_std": 0.26722389931893376, "hue_rot_mean": 0.24094160671676346, "native_size": 64}
{"lut_id": "e18__e18_001017", "affine_psnr": 20.303170471085355, "resid_rms": 0.1841844916343689, "nonaffine_rms": 0.09656983212685676, "clip_frac": 0.0, "lip_p999": 5.30114221572876, "lip_med": 1.9019851684570312, "curv_mean": 5.035333156585693, "hue_rot_std": 0.2547836643809937, "hue_rot_mean": 0.005940037394022037, "native_size": 64}
{"lut_id": "e18__e18_001018", "affine_psnr": 19.938696372430897, "resid_rms": 0.26658961176872253, "nonaffine_rms": 0.10070828062078344, "clip_frac": 0.0, "lip_p999": 5.389753341674805, "lip_med": 1.572339415550232, "curv_mean": 4.248154163360596, "hue_rot_std": 0.4970182394620808, "hue_rot_mean": 0.09166638820043792, "native_size": 64}
{"lut_id": "e18__e18_001474", "affine_psnr": 25.540621572709266, "resid_rms": 0.16238132119178772, "nonaffine_rms": 0.05284074369504406, "clip_frac": 0.0, "lip_p999": 4.129011154174805, "lip_med": 1.140895128250122, "curv_mean": 4.4259514808654785, "hue_rot_std": 0.2005028289522467, "hue_rot_mean": 0.04262115039402918, "native_size": 64}
{"lut_id": "e18__e18_001487", "affine_psnr": 25.67168428227597, "resid_rms": 0.1625838577747345, "nonaffine_rms": 0.05204940699253609, "clip_frac": 0.0, "lip_p999": 3.225764513015747, "lip_med": 1.254475474357605, "curv_mean": 3.423166275024414, "hue_rot_std": 0.1632667065524605, "hue_rot_mean": 0.07589643918149132, "native_size": 64}
{"lut_id": "e18__e18_001493", "affine_psnr": 21.231049890357667, "resid_rms": 0.1816396564245224, "nonaffine_rms": 0.08678556705519622, "clip_frac": 0.0, "lip_p999": 4.0700154304504395, "lip_med": 1.6045957803726196, "curv_mean": 3.1195404529571533, "hue_rot_std": 0.47944830109009456, "hue_rot_mean": 0.004486335453345152, "native_size": 64}
{"lut_id": "e18__e18_001502", "affine_psnr": 21.308432225464536, "resid_rms": 0.19179101288318634, "nonaffine_rms": 0.08601583086261143, "clip_frac": 0.0, "lip_p999": 4.03406286239624, "lip_med": 1.6023046970367432, "curv_mean": 4.109607219696045, "hue_rot_std": 0.3448211322228717, "hue_rot_mean": 0.08196726765696398, "native_size": 64}
{"lut_id": "e18__e18_001504", "affine_psnr": 22.356973589995523, "resid_rms": 0.21825873851776123, "nonaffine_rms": 0.07623445862051852, "clip_frac": 0.0, "lip_p999": 3.7101447582244873, "lip_med": 1.3371295928955078, "curv_mean": 3.982069969177246, "hue_rot_std": 0.2849596016136799, "hue_rot_mean": 0.0012735005688568894, "native_size": 64}
{"lut_id": "e18__e18_001509", "affine_psnr": 21.651648495008068, "resid_rms": 0.16254086792469025, "nonaffine_rms": 0.08268325691210401, "clip_frac": 0.0, "lip_p999": 4.204590797424316, "lip_med": 1.7678565979003906, "curv_mean": 4.272523880004883, "hue_rot_std": 0.17794200430333101, "hue_rot_mean": 0.034621721759388, "native_size": 64}
{"lut_id": "e18__e18_001511", "affine_psnr": 24.324022825100847, "resid_rms": 0.19664457440376282, "nonaffine_rms": 0.06078534118948291, "clip_frac": 0.0, "lip_p999": 3.5223300457000732, "lip_med": 1.2697275876998901, "curv_mean": 3.451287031173706, "hue_rot_std": 0.2363142915761136, "hue_rot_mean": 0.08785612672852329, "native_size": 64}
{"lut_id": "e18__e18_001514", "affine_psnr": 25.943455799947216, "resid_rms": 0.1982269287109375, "nonaffine_rms": 0.0504460551104002, "clip_frac": 0.0, "lip_p999": 2.9152204990386963, "lip_med": 0.9028584957122803, "curv_mean": 2.638073205947876, "hue_rot_std": 0.1983909896703632, "hue_rot_mean": 0.21309972658673984, "native_size": 64}
{"lut_id": "e18__e18_001531", "affine_psnr": 21.95598879929421, "resid_rms": 0.15051530301570892, "nonaffine_rms": 0.07983632915448166, "clip_frac": 0.0, "lip_p999": 4.129670143127441, "lip_med": 1.8789219856262207, "curv_mean": 4.4140238761901855, "hue_rot_std": 0.16971865566956074, "hue_rot_mean": 0.05044157291016393, "native_size": 64}
{"lut_id": "e18__e18_001603", "affine_psnr": 25.09867789242564, "resid_rms": 0.19893954694271088, "nonaffine_rms": 0.055598887970959514, "clip_frac": 0.0, "lip_p999": 2.9161417484283447, "lip_med": 0.9774950742721558, "curv_mean": 2.3604001998901367, "hue_rot_std": 0.2183782287435434, "hue_rot_mean": 0.07363278942025692, "native_size": 64}
{"lut_id": "e18__e18_001608", "affine_psnr": 24.68206181998881, "resid_rms": 0.2096482515335083, "nonaffine_rms": 0.05833066249626859, "clip_frac": 0.0, "lip_p999": 2.975100040435791, "lip_med": 1.1849534511566162, "curv_mean": 3.475626230239868, "hue_rot_std": 0.15567053930978195, "hue_rot_mean": 0.02247789987192567, "native_size": 64}
{"lut_id": "e18__e18_001613", "affine_psnr": 20.582077767858372, "resid_rms": 0.170027956366539, "nonaffine_rms": 0.09351819407727353, "clip_frac": 0.0, "lip_p999": 4.161098480224609, "lip_med": 1.8123323917388916, "curv_mean": 4.09448766708374, "hue_rot_std": 0.2429856355685344, "hue_rot_mean": 0.04246836666772003, "native_size": 64}
{"lut_id": "e18__e18_001615", "affine_psnr": 21.162298982770366, "resid_rms": 0.23939931392669678, "nonaffine_rms": 0.08747522150166577, "clip_frac": 0.0, "lip_p999": 5.539848327636719, "lip_med": 1.2642453908920288, "curv_mean": 4.125013828277588, "hue_rot_std": 0.55799254317617, "hue_rot_mean": 0.08419079306409175, "native_size": 64}
{"lut_id": "e18__e18_001617", "affine_psnr": 24.28799192533058, "resid_rms": 0.19711293280124664, "nonaffine_rms": 0.06103801529863787, "clip_frac": 0.0, "lip_p999": 4.912919998168945, "lip_med": 1.1492990255355835, "curv_mean": 4.321807384490967, "hue_rot_std": 0.20042894736620415, "hue_rot_mean": 0.029401624427653057, "native_size": 64}
{"lut_id": "e18__e18_001623", "affine_psnr": 20.946732889991473, "resid_rms": 0.15057320892810822, "nonaffine_rms": 0.0896733419777255, "clip_frac": 0.0, "lip_p999": 4.795698642730713, "lip_med": 1.6937509775161743, "curv_mean": 4.224660873413086, "hue_rot_std": 0.2281735812849467, "hue_rot_mean": 0.16381360237936277, "native_size": 64}
{"lut_id": "e18__e18_001631", "affine_psnr": 27.03699405287303, "resid_rms": 0.20223574340343475, "nonaffine_rms": 0.04447851687311439, "clip_frac": 0.0, "lip_p999": 2.5233840942382812, "lip_med": 0.9044830799102783, "curv_mean": 2.5949041843414307, "hue_rot_std": 0.1899945250559531, "hue_rot_mean": 0.049107728935073515, "native_size": 64}
{"lut_id": "e18__e18_001634", "affine_psnr": 20.771734641000194, "resid_rms": 0.1709209680557251, "nonaffine_rms": 0.0914983511574894, "clip_frac": 0.0, "lip_p999": 4.137220859527588, "lip_med": 1.8030427694320679, "curv_mean": 4.644802570343018, "hue_rot_std": 0.19778225951973916, "hue_rot_mean": 0.016668728814687072, "native_size": 64}
{"lut_id": "e18__e18_001635", "affine_psnr": 23.292721842684333, "resid_rms": 0.22882798314094543, "nonaffine_rms": 0.06844849567285027, "clip_frac": 0.0, "lip_p999": 4.002085208892822, "lip_med": 1.0916647911071777, "curv_mean": 3.8429477214813232, "hue_rot_std": 0.1908517972932637, "hue_rot_mean": 0.04247332965548583, "native_size": 64}
{"lut_id": "e18__e18_001647", "affine_psnr": 19.181147539542604, "resid_rms": 0.27484533190727234, "nonaffine_rms": 0.1098860653457832, "clip_frac": 0.0, "lip_p999": 6.8371686935424805, "lip_med": 1.2912544012069702, "curv_mean": 4.757846355438232, "hue_rot_std": 0.4234945420650311, "hue_rot_mean": 0.05240559843789031, "native_size": 64}
{"lut_id": "e18__e18_001650", "affine_psnr": 20.638306301804757, "resid_rms": 0.2507784962654114, "nonaffine_rms": 0.09291475475094778, "clip_frac": 0.0, "lip_p999": 4.915826320648193, "lip_med": 1.3470797538757324, "curv_mean": 4.632848739624023, "hue_rot_std": 0.33697405763014726, "hue_rot_mean": 0.3010981577834126, "native_size": 64}
{"lut_id": "e18__e18_001651", "affine_psnr": 24.3648477659873, "resid_rms": 0.22234691679477692, "nonaffine_rms": 0.060500311635925084, "clip_frac": 0.0, "lip_p999": 3.2918877601623535, "lip_med": 1.1718688011169434, "curv_mean": 3.616973876953125, "hue_rot_std": 0.4889557601812949, "hue_rot_mean": 0.07029609586380307, "native_size": 64}
{"lut_id": "e18__e18_001652", "affine_psnr": 21.06576122650835, "resid_rms": 0.21612869203090668, "nonaffine_rms": 0.08845287199511494, "clip_frac": 0.0, "lip_p999": 5.683699607849121, "lip_med": 1.3726192712783813, "curv_mean": 5.012746810913086, "hue_rot_std": 0.3678933747198205, "hue_rot_mean": 0.04440400070995641, "native_size": 64}
{"lut_id": "e18__e18_001654", "affine_psnr": 24.772906078537908, "resid_rms": 0.21844333410263062, "nonaffine_rms": 0.05772377112936299, "clip_frac": 0.0, "lip_p999": 2.860776424407959, "lip_med": 1.182454228401184, "curv_mean": 3.4655063152313232, "hue_rot_std": 0.15987196448857402, "hue_rot_mean": 0.017322197826541527, "native_size": 64}
{"lut_id": "e18__e18_001937", "affine_psnr": 22.481730500563483, "resid_rms": 0.1402139812707901, "nonaffine_rms": 0.07514731621731102, "clip_frac": 0.0, "lip_p999": 3.321780204772949, "lip_med": 1.8868365287780762, "curv_mean": 4.1072001457214355, "hue_rot_std": 0.1437489430411863, "hue_rot_mean": 0.06116582480798255, "native_size": 64}
{"lut_id": "e18__e18_001938", "affine_psnr": 24.77135592951521, "resid_rms": 0.2117796540260315, "nonaffine_rms": 0.057734073865902694, "clip_frac": 0.0, "lip_p999": 3.4550137519836426, "lip_med": 1.2064785957336426, "curv_mean": 3.5216128826141357, "hue_rot_std": 0.17358640604159634, "hue_rot_mean": 0.19118908063830747, "native_size": 64}
{"lut_id": "e18__e18_001943", "affine_psnr": 26.345182969091585, "resid_rms": 0.19537773728370667, "nonaffine_rms": 0.04816602996804921, "clip_frac": 0.0, "lip_p999": 2.409198760986328, "lip_med": 0.9510706067085266, "curv_mean": 2.2092294692993164, "hue_rot_std": 0.2606487600832661, "hue_rot_mean": 0.11891432245374388, "native_size": 64}
{"lut_id": "e18__e18_001946", "affine_psnr": 20.33833294665929, "resid_rms": 0.24242371320724487, "nonaffine_rms": 0.0961796855079044, "clip_frac": 0.0, "lip_p999": 5.2359113693237305, "lip_med": 1.311837911605835, "curv_mean": 3.970614194869995, "hue_rot_std": 0.3659616433902439, "hue_rot_mean": 0.018205911113172466, "native_size": 64}
{"lut_id": "e18__e18_001949", "affine_psnr": 22.222948674398864, "resid_rms": 0.20498497784137726, "nonaffine_rms": 0.07741989291509173, "clip_frac": 0.0, "lip_p999": 4.146029949188232, "lip_med": 1.3318524360656738, "curv_mean": 4.383970737457275, "hue_rot_std": 0.3172699257706983, "hue_rot_mean": 0.017209441909612527, "native_size": 64}
{"lut_id": "e18__e18_001951", "affine_psnr": 25.990760777637423, "resid_rms": 0.1926860809326172, "nonaffine_rms": 0.05017206325246206, "clip_frac": 0.0, "lip_p999": 3.62009334564209, "lip_med": 1.1031490564346313, "curv_mean": 3.818317174911499, "hue_rot_std": 0.17086345485312782, "hue_rot_mean": 0.04403275404582472, "native_size": 64}
{"lut_id": "e18__e18_001953", "affine_psnr": 22.632194554472097, "resid_rms": 0.15725764632225037, "nonaffine_rms": 0.07385676348245353, "clip_frac": 0.0, "lip_p999": 3.1277105808258057, "lip_med": 1.8392415046691895, "curv_mean": 3.1625397205352783, "hue_rot_std": 0.18104457032544535, "hue_rot_mean": 0.1282669025522261, "native_size": 64}
{"lut_id": "e18__e18_001957", "affine_psnr": 24.07266553847974, "resid_rms": 0.2208937406539917, "nonaffine_rms": 0.06257008184756509, "clip_frac": 0.0, "lip_p999": 3.0425467491149902, "lip_med": 1.1986576318740845, "curv_mean": 3.045668601989746, "hue_rot_std": 0.202242456377692, "hue_rot_mean": 0.0013510982080668745, "native_size": 64}
{"lut_id": "e18__e18_001959", "affine_psnr": 21.789410067200514, "resid_rms": 0.15309874713420868, "nonaffine_rms": 0.08138221324994088, "clip_frac": 0.0, "lip_p999": 3.4695940017700195, "lip_med": 1.7999601364135742, "curv_mean": 3.8420093059539795, "hue_rot_std": 0.17722044101878184, "hue_rot_mean": 0.06410356282437418, "native_size": 64}
{"lut_id": "e18__e18_001961", "affine_psnr": 24.345360090679016, "resid_rms": 0.2187599539756775, "nonaffine_rms": 0.06063620261346372, "clip_frac": 0.0, "lip_p999": 3.0949788093566895, "lip_med": 1.1407700777053833, "curv_mean": 3.235125780105591, "hue_rot_std": 0.19158716547304794, "hue_rot_mean": 0.029883627757491597, "native_size": 64}
{"lut_id": "e18__e18_001962", "affine_psnr": 25.89265209872699, "resid_rms": 0.19799640774726868, "nonaffine_rms": 0.05074197827854735, "clip_frac": 0.0, "lip_p999": 2.460383892059326, "lip_med": 1.2005088329315186, "curv_mean": 2.9427192211151123, "hue_rot_std": 0.15114377000462664, "hue_rot_mean": 0.09979016605527338, "native_size": 64}
{"lut_id": "e18__e18_001963", "affine_psnr": 26.749576272456746, "resid_rms": 0.18725071847438812, "nonaffine_rms": 0.04597494161401436, "clip_frac": 0.0, "lip_p999": 2.106623411178589, "lip_med": 1.03584623336792, "curv_mean": 2.2957849502563477, "hue_rot_std": 0.21096964322343603, "hue_rot_mean": 0.12163308719062321, "native_size": 64}
{"lut_id": "e18__e18_001969", "affine_psnr": 23.165311679458927, "resid_rms": 0.24204139411449432, "nonaffine_rms": 0.06945994195105613, "clip_frac": 0.0, "lip_p999": 3.7043051719665527, "lip_med": 1.2856183052062988, "curv_mean": 3.3912875652313232, "hue_rot_std": 0.24087775001154438, "hue_rot_mean": 0.04596160077856143, "native_size": 64}
{"lut_id": "e18__e18_001970", "affine_psnr": 24.40826668557671, "resid_rms": 0.2074470967054367, "nonaffine_rms": 0.060198638042525135, "clip_frac": 0.0, "lip_p999": 3.1834073066711426, "lip_med": 1.2286456823349, "curv_mean": 3.265068769454956, "hue_rot_std": 0.15323242046021704, "hue_rot_mean": 0.005053309276669598, "native_size": 64}
{"lut_id": "e18__e18_001979", "affine_psnr": 30.364220591112513, "resid_rms": 0.19461371004581451, "nonaffine_rms": 0.030324173335940993, "clip_frac": 0.0, "lip_p999": 1.465760588645935, "lip_med": 0.8577959537506104, "curv_mean": 1.300586223602295, "hue_rot_std": 0.3938762003437588, "hue_rot_mean": 0.049358930428013786, "native_size": 64}
{"lut_id": "e18__e18_002049", "affine_psnr": 26.941006885036924, "resid_rms": 0.07774510979652405, "nonaffine_rms": 0.04497277185691435, "clip_frac": 8.742014567057291e-06, "lip_p999": 2.856414318084717, "lip_med": 1.7852131128311157, "curv_mean": 4.953607559204102, "hue_rot_std": 0.10397463356761923, "hue_rot_mean": 0.0025251136753049823, "native_size": 64}
{"lut_id": "e18__e18_002055", "affine_psnr": 17.69513417312857, "resid_rms": 0.16216295957565308, "nonaffine_rms": 0.13038970157257448, "clip_frac": 0.0939486821492513, "lip_p999": 10.382023811340332, "lip_med": 1.9028501510620117, "curv_mean": 5.283786296844482, "hue_rot_std": 0.4088120845717242, "hue_rot_mean": 0.05727753062977291, "native_size": 64}
{"lut_id": "e18__e18_002056", "affine_psnr": 25.061656945011933, "resid_rms": 0.1152411699295044, "nonaffine_rms": 0.05583636695349193, "clip_frac": 4.76837158203125e-07, "lip_p999": 3.294464588165283, "lip_med": 1.5144532918930054, "curv_mean": 2.436159372329712, "hue_rot_std": 0.13536244934724972, "hue_rot_mean": 0.0018050421706234275, "native_size": 64}
{"lut_id": "e18__e18_002574", "affine_psnr": 21.839977075276863, "resid_rms": 0.17763172090053558, "nonaffine_rms": 0.08090980346330942, "clip_frac": 0.0, "lip_p999": 6.156917095184326, "lip_med": 1.4960341453552246, "curv_mean": 6.848320007324219, "hue_rot_std": 0.3460858152573217, "hue_rot_mean": 0.0115936207476296, "native_size": 64}
{"lut_id": "e18__e18_002575", "affine_psnr": 19.508273172943237, "resid_rms": 0.2605800926685333, "nonaffine_rms": 0.10582452830425344, "clip_frac": 0.0, "lip_p999": 4.538393974304199, "lip_med": 1.8830045461654663, "curv_mean": 5.2604851722717285, "hue_rot_std": 0.30291344022896427, "hue_rot_mean": 0.16998096773281438, "native_size": 64}
{"lut_id": "e18__e18_002577", "affine_psnr": 19.7015550590116, "resid_rms": 0.24718539416790009, "nonaffine_rms": 0.1034956858883013, "clip_frac": 0.0, "lip_p999": 8.134706497192383, "lip_med": 1.5933516025543213, "curv_mean": 6.767522811889648, "hue_rot_std": 0.358191333553313, "hue_rot_mean": 0.03402136567901295, "native_size": 64}
{"lut_id": "e18__e18_002594", "affine_psnr": 17.672644166808933, "resid_rms": 0.2245463728904724, "nonaffine_rms": 0.1307277515671676, "clip_frac": 0.07135725021362305, "lip_p999": 8.286520004272461, "lip_med": 2.364724636077881, "curv_mean": 7.174057483673096, "hue_rot_std": 0.2069085326797299, "hue_rot_mean": 0.11709479914852672, "native_size": 64}
{"lut_id": "e18__e18_002596", "affine_psnr": 25.01842464321747, "resid_rms": 0.1728975772857666, "nonaffine_rms": 0.05611497423371203, "clip_frac": 0.0, "lip_p999": 4.243886947631836, "lip_med": 1.1762118339538574, "curv_mean": 3.325563430786133, "hue_rot_std": 0.2541164804716239, "hue_rot_mean": 0.003433579273867163, "native_size": 64}
{"lut_id": "e18__e18_002606", "affine_psnr": 21.277244710310338, "resid_rms": 0.24894802272319794, "nonaffine_rms": 0.086325234045411, "clip_frac": 0.0, "lip_p999": 5.371165752410889, "lip_med": 1.3917438983917236, "curv_mean": 5.895490646362305, "hue_rot_std": 0.24953604323036224, "hue_rot_mean": 0.004556141847560329, "native_size": 64}
{"lut_id": "e18__e18_002613", "affine_psnr": 20.35351060259629, "resid_rms": 0.22211837768554688, "nonaffine_rms": 0.09601176862522541, "clip_frac": 0.0, "lip_p999": 7.825048923492432, "lip_med": 1.4054933786392212, "curv_mean": 6.0579833984375, "hue_rot_std": 0.34552630060469636, "hue_rot_mean": 0.02690333105799636, "native_size": 64}
{"lut_id": "e18__e18_002614", "affine_psnr": 22.944588248600617, "resid_rms": 0.21747750043869019, "nonaffine_rms": 0.07124765709111822, "clip_frac": 0.0, "lip_p999": 4.716606140136719, "lip_med": 1.2346711158752441, "curv_mean": 4.683392524719238, "hue_rot_std": 0.19337411345236946, "hue_rot_mean": 0.012934778665628954, "native_size": 64}
{"lut_id": "e18__e18_002625", "affine_psnr": 18.925265217359822, "resid_rms": 0.245102196931839, "nonaffine_rms": 0.11317141321712937, "clip_frac": 0.0, "lip_p999": 6.09006404876709, "lip_med": 1.88021981716156, "curv_mean": 7.312591552734375, "hue_rot_std": 0.2477077660082867, "hue_rot_mean": 0.02927311878370685, "native_size": 64}
{"lut_id": "e18__e18_002630", "affine_psnr": 23.43939296645423, "resid_rms": 0.21640506386756897, "nonaffine_rms": 0.06730236904625547, "clip_frac": 0.0, "lip_p999": 3.1272170543670654, "lip_med": 1.2297749519348145, "curv_mean": 3.8390064239501953, "hue_rot_std": 0.273483715664194, "hue_rot_mean": 0.180674857826041, "native_size": 64}
{"lut_id": "e18__e18_002631", "affine_psnr": 24.941633273848154, "resid_rms": 0.18783126771450043, "nonaffine_rms": 0.05661328247708331, "clip_frac": 0.0, "lip_p999": 3.5612547397613525, "lip_med": 1.2708991765975952, "curv_mean": 4.714620590209961, "hue_rot_std": 0.14535120784906477, "hue_rot_mean": 0.08218748023002936, "native_size": 64}
{"lut_id": "quandian__quandian_004314", "affine_psnr": 20.125163471553215, "resid_rms": 0.3200470507144928, "nonaffine_rms": 0.09856933496242505, "clip_frac": 0.0052356719970703125, "lip_p999": 11.438292503356934, "lip_med": 1.1152406930923462, "curv_mean": 8.9390869140625, "hue_rot_std": 0.3537393583937007, "hue_rot_mean": 0.06749333933012286, "native_size": 64}
{"lut_id": "quandian__quandian_004317", "affine_psnr": 18.43821565096394, "resid_rms": 0.3332487642765045, "nonaffine_rms": 0.11969864038955663, "clip_frac": 0.039738972981770836, "lip_p999": 12.334555625915527, "lip_med": 1.2137013673782349, "curv_mean": 8.276413917541504, "hue_rot_std": 0.3107795728505147, "hue_rot_mean": 0.18724341863408836, "native_size": 64}
{"lut_id": "quandian__quandian_004319", "affine_psnr": 18.541670529561387, "resid_rms": 0.27045121788978577, "nonaffine_rms": 0.11828140469796711, "clip_frac": 0.008143424987792969, "lip_p999": 11.307019233703613, "lip_med": 1.2424118518829346, "curv_mean": 8.9509859085083, "hue_rot_std": 0.5770416283168567, "hue_rot_mean": 0.19078702522772473, "native_size": 64}
{"lut_id": "quandian__quandian_004321", "affine_psnr": 19.85422294166382, "resid_rms": 0.22303946316242218, "nonaffine_rms": 0.10169248332618637, "clip_frac": 0.042304674784342446, "lip_p999": 11.947731971740723, "lip_med": 1.3486162424087524, "curv_mean": 8.694218635559082, "hue_rot_std": 0.2895830205919724, "hue_rot_mean": 0.2013165967759554, "native_size": 64}
{"lut_id": "quandian__quandian_006461", "affine_psnr": 18.00240749794809, "resid_rms": 0.18858464062213898, "nonaffine_rms": 0.12585765194556991, "clip_frac": 0.06453259785970052, "lip_p999": 12.107609748840332, "lip_med": 1.910772442817688, "curv_mean": 12.485127449035645, "hue_rot_std": 0.3326714987711099, "hue_rot_mean": 0.04362218709368326, "native_size": 64}
{"lut_id": "quandian__quandian_006462", "affine_psnr": 18.916057754689866, "resid_rms": 0.18513764441013336, "nonaffine_rms": 0.11329144399091905, "clip_frac": 0.15437793731689453, "lip_p999": 17.21277618408203, "lip_med": 1.560508370399475, "curv_mean": 12.184191703796387, "hue_rot_std": 0.430300007991477, "hue_rot_mean": 0.22402711937173156, "native_size": 64}
{"lut_id": "quandian__quandian_006464", "affine_psnr": 17.737380048434108, "resid_rms": 0.3594474792480469, "nonaffine_rms": 0.12975706021673458, "clip_frac": 0.0, "lip_p999": 27.410236358642578, "lip_med": 1.5728672742843628, "curv_mean": 10.662516593933105, "hue_rot_std": 1.6291795621773724, "hue_rot_mean": 0.21579084264725373, "native_size": 64}
{"lut_id": "quandian__quandian_009893", "affine_psnr": 19.63431632069527, "resid_rms": 0.16298411786556244, "nonaffine_rms": 0.10429997010942645, "clip_frac": 0.004925251007080078, "lip_p999": 7.8313422203063965, "lip_med": 1.8805510997772217, "curv_mean": 13.21786880493164, "hue_rot_std": 0.4157613930006689, "hue_rot_mean": 0.01168112557420895, "native_size": 64}
{"lut_id": "quandian__quandian_009896", "affine_psnr": 20.340671049396683, "resid_rms": 0.18740583956241608, "nonaffine_rms": 0.0961537989572721, "clip_frac": 0.052738030751546226, "lip_p999": 9.540992736816406, "lip_med": 1.3617857694625854, "curv_mean": 7.790594577789307, "hue_rot_std": 0.2911054450695712, "hue_rot_mean": 0.012304330026536109, "native_size": 64}
{"lut_id": "quandian__quandian_009915", "affine_psnr": 16.80470300157978, "resid_rms": 0.1928219050168991, "nonaffine_rms": 0.14446573447922026, "clip_frac": 0.11132526397705078, "lip_p999": 17.68986701965332, "lip_med": 2.304172992706299, "curv_mean": 17.77712059020996, "hue_rot_std": 0.3960432660222259, "hue_rot_mean": 0.03791214164454968, "native_size": 64}
{"lut_id": "quandian__quandian_011990", "affine_psnr": 19.66685116265036, "resid_rms": 0.2440384328365326, "nonaffine_rms": 0.10391002321921318, "clip_frac": 0.037308851877848305, "lip_p999": 9.623208045959473, "lip_med": 1.4176068305969238, "curv_mean": 8.150500297546387, "hue_rot_std": 0.14584759854163235, "hue_rot_mean": 0.08440853212457643, "native_size": 64}
{"lut_id": "quandian__quandian_011993", "affine_psnr": 22.698122794384062, "resid_rms": 0.11202435940504074, "nonaffine_rms": 0.07329829292332708, "clip_frac": 0.11710961659749348, "lip_p999": 10.960756301879883, "lip_med": 1.6998236179351807, "curv_mean": 7.784843444824219, "hue_rot_std": 0.15226453638297996, "hue_rot_mean": 0.016054984179394455, "native_size": 64}
{"lut_id": "quandian__quandian_011995", "affine_psnr": 23.894932885332445, "resid_rms": 0.18138852715492249, "nonaffine_rms": 0.06386359405907628, "clip_frac": 0.04385248819986979, "lip_p999": 5.640452861785889, "lip_med": 1.4442403316497803, "curv_mean": 8.153233528137207, "hue_rot_std": 0.11725236519703705, "hue_rot_mean": 0.073322500465598, "native_size": 64}
{"lut_id": "nilut__LUT01", "affine_psnr": 27.734971656448945, "resid_rms": 0.06849350035190582, "nonaffine_rms": 0.04104416427666444, "clip_frac": 0.07905133565266927, "lip_p999": 3.5283150672912598, "lip_med": 1.8643715381622314, "curv_mean": 1.4010006189346313, "hue_rot_std": 0.1529404501082373, "hue_rot_mean": 0.04478287655501384, "native_size": 33}
{
 "corr_with_rec_psnr": {
  "affine_psnr": {
   "pearson_r": 0.8146857917166768,
   "spearman_r": 0.8467994310099574
  },
  "resid_rms": {
   "pearson_r": -0.453519535986379,
   "spearman_r": -0.33115220483641533
  },
  "nonaffine_rms": {
   "pearson_r": -0.8022907983743451,
   "spearman_r": -0.8467994310099574
  },
  "clip_frac": {
   "pearson_r": -0.13117915045189674,
   "spearman_r": -0.3741109530583214
  },
  "lip_p999": {
   "pearson_r": -0.6635953610745388,
   "spearman_r": -0.873456614509246
  },
  "lip_med": {
   "pearson_r": -0.36277773484365794,
   "spearman_r": -0.4779800853485064
  },
  "curv_mean": {
   "pearson_r": -0.6973707954286779,
   "spearman_r": -0.8868563300142247
  },
  "hue_rot_std": {
   "pearson_r": -0.3226007089987923,
   "spearman_r": -0.4526600284495021
  },
  "hue_rot_mean": {
   "pearson_r": -0.22089628404731124,
   "spearman_r": -0.13652916073968704
  }
 },
 "best_predictor": "affine_psnr",
 "psnr_projection": {
  "our_top_decile": {
   "affine_psnr": 25.804264972146584,
   "predicted_rec_psnr": 45.23145838079769
  },
  "our_top_quartile": {
   "affine_psnr": 24.739669488634352,
   "predicted_rec_psnr": 44.20584813878939
  },
  "our_median": {
   "affine_psnr": 22.222948674398864,
   "predicted_rec_psnr": 41.781289061345475
  },
  "nilut_LUT01": {
   "affine_psnr": 27.734971656448945,
   "predicted_rec_psnr": 47.09146303082835,
   "measured_rec_psnr_smoke": 49.02
  }
 },
 "corpus_summary": {
  "affine_psnr": {
   "p10": 18.91974073975785,
   "p50": 22.222948674398864,
   "p90": 25.804264972146584
  },
  "nonaffine_rms": {
   "p10": 0.05126494976414284,
   "p50": 0.07741989291509173,
   "p90": 0.11324343168140318
  },
  "clip_frac": {
   "p10": 0.0,
   "p50": 0.0,
   "p90": 0.04918381373087573
  },
  "lip_p999": {
   "p10": 2.915583944320679,
   "p50": 4.146029949188232,
   "p90": 11.168514060974124
  },
  "curv_mean": {
   "p10": 2.6121717929840087,
   "p50": 4.224660873413086,
   "p90": 8.527096748352054
  },
  "hue_rot_std": {
   "p10": 0.1526516900138748,
   "p50": 0.2477077660082867,
   "p90": 0.4204012824392863
  }
 }
}
