[e1a0] 75 LUTs, N=32, steps=3000
[e1a0] chunk 0: fit 16 LUTs in 122s loss 0.00525 alive [0.96875, 1.0, 1.0, 1.0, 1.0, 1.0, 1.0, 1.0, 1.0, 1.0, 1.0, 1.0, 1.0, 1.0, 1.0, 1.0]
{"lut_id": "e18__e18_000902", "n": 32, "steps": 3000, "psnr_float": 45.823889713377646, "psnr_8bit": 45.40860244798755, "de00_mean": 0.3529651165008545, "de00_p99": 2.119903087615967, "alive_frac": 0.96875, "final_loss": 0.005245413165539503}
{"lut_id": "e18__e18_000965", "n": 32, "steps": 3000, "psnr_float": 44.38268363017269, "psnr_8bit": 44.09672786000507, "de00_mean": 0.7514464259147644, "de00_p99": 3.692345380783081, "alive_frac": 1.0, "final_loss": 0.005245413165539503}
{"lut_id": "e18__e18_000980", "n": 32, "steps": 3000, "psnr_float": 42.0861852397245, "psnr_8bit": 41.911370142538956, "de00_mean": 0.8557397723197937, "de00_p99": 3.303225517272949, "alive_frac": 1.0, "final_loss": 0.005245413165539503}
{"lut_id": "e18__e18_000993", "n": 32, "steps": 3000, "psnr_float": 42.083380013194855, "psnr_8bit": 41.90816498678343, "de00_mean": 0.7983165979385376, "de00_p99": 2.8858988285064697, "alive_frac": 1.0, "final_loss": 0.005245413165539503}
{"lut_id": "e18__e18_000998", "n": 32, "steps": 3000, "psnr_float": 41.74400037106321, "psnr_8bit": 41.584787175503905, "de00_mean": 0.7959084510803223, "de00_p99": 2.893604040145874, "alive_frac": 1.0, "final_loss": 0.005245413165539503}
{"lut_id": "e18__e18_001000", "n": 32, "steps": 3000, "psnr_float": 43.334987935976116, "psnr_8bit": 43.10998656434713, "de00_mean": 0.7291804552078247, "de00_p99": 2.8745927810668945, "alive_frac": 1.0, "final_loss": 0.005245413165539503}
{"lut_id": "e18__e18_001001", "n": 32, "steps": 3000, "psnr_float": 40.51898594385908, "psnr_8bit": 40.395655465402456, "de00_mean": 0.8812373876571655, "de00_p99": 3.309375286102295, "alive_frac": 1.0, "final_loss": 0.005245413165539503}
{"lut_id": "e18__e18_001006", "n": 32, "steps": 3000, "psnr_float": 39.51218620838935, "psnr_8bit": 39.414315428284915, "de00_mean": 1.0076361894607544, "de00_p99": 4.185057640075684, "alive_frac": 1.0, "final_loss": 0.005245413165539503}
{"lut_id": "e18__e18_001017", "n": 32, "steps": 3000, "psnr_float": 40.54141072034837, "psnr_8bit": 40.41927689375189, "de00_mean": 0.7617315053939819, "de00_p99": 3.032681465148926, "alive_frac": 1.0, "final_loss": 0.005245413165539503}
{"lut_id": "e18__e18_001018", "n": 32, "steps": 3000, "psnr_float": 40.46955925005023, "psnr_8bit": 40.346711327788526, "de00_mean": 0.9095149636268616, "de00_p99": 3.932634115219116, "alive_frac": 1.0, "final_loss": 0.005245413165539503}
{"lut_id": "e18__e18_001474", "n": 32, "steps": 3000, "psnr_float": 41.93013992153303, "psnr_8bit": 41.76090586439023, "de00_mean": 0.8733668327331543, "de00_p99": 3.37638783454895, "alive_frac": 1.0, "final_loss": 0.005245413165539503}
{"lut_id": "e18__e18_001487", "n": 32, "steps": 3000, "psnr_float": 42.624257930888874, "psnr_8bit": 42.424524847190796, "de00_mean": 0.7314152717590332, "de00_p99": 2.7639319896698, "alive_frac": 1.0, "final_loss": 0.005245413165539503}
{"lut_id": "e18__e18_001493", "n": 32, "steps": 3000, "psnr_float": 47.328016857530244, "psnr_8bit": 46.77117343118793, "de00_mean": 0.4237450957298279, "de00_p99": 1.5753374099731445, "alive_frac": 1.0, "final_loss": 0.005245413165539503}
{"lut_id": "e18__e18_001502", "n": 32, "steps": 3000, "psnr_float": 42.14646305323601, "psnr_8bit": 41.96877586616718, "de00_mean": 0.6906554698944092, "de00_p99": 2.5454070568084717, "alive_frac": 1.0, "final_loss": 0.005245413165539503}
{"lut_id": "e18__e18_001504", "n": 32, "steps": 3000, "psnr_float": 42.28413184062484, "psnr_8bit": 42.10076334130192, "de00_mean": 0.7828326225280762, "de00_p99": 3.6691365242004395, "alive_frac": 1.0, "final_loss": 0.005245413165539503}
{"lut_id": "e18__e18_001509", "n": 32, "steps": 3000, "psnr_float": 42.457569258350425, "psnr_8bit": 42.26254758938987, "de00_mean": 0.6099898219108582, "de00_p99": 2.5593297481536865, "alive_frac": 1.0, "final_loss": 0.005245413165539503}
[e1a0] chunk 16: fit 16 LUTs in 104s loss 0.00514 alive [1.0, 1.0, 1.0, 1.0, 1.0, 1.0, 1.0, 1.0, 1.0, 1.0, 1.0, 1.0, 1.0, 1.0, 1.0, 1.0]
{"lut_id": "e18__e18_001511", "n": 32, "steps": 3000, "psnr_float": 42.86890444359087, "psnr_8bit": 42.65819937959706, "de00_mean": 0.7114325165748596, "de00_p99": 2.830618381500244, "alive_frac": 1.0, "final_loss": 0.005141587927937508}
{"lut_id": "e18__e18_001514", "n": 32, "steps": 3000, "psnr_float": 43.84147444941383, "psnr_8bit": 43.58142856535093, "de00_mean": 0.7966042160987854, "de00_p99": 3.315183401107788, "alive_frac": 1.0, "final_loss": 0.005141587927937508}
{"lut_id": "e18__e18_001531", "n": 32, "steps": 3000, "psnr_float": 42.32282964595635, "psnr_8bit": 42.13649958971254, "de00_mean": 0.5538452863693237, "de00_p99": 2.2254817485809326, "alive_frac": 1.0, "final_loss": 0.005141587927937508}
{"lut_id": "e18__e18_001603", "n": 32, "steps": 3000, "psnr_float": 45.151649963153616, "psnr_8bit": 44.80738212248902, "de00_mean": 0.5950219035148621, "de00_p99": 2.477078914642334, "alive_frac": 1.0, "final_loss": 0.005141587927937508}
{"lut_id": "e18__e18_001608", "n": 32, "steps": 3000, "psnr_float": 42.92709685699323, "psnr_8bit": 42.71136325226487, "de00_mean": 0.7293891906738281, "de00_p99": 2.498272657394409, "alive_frac": 1.0, "final_loss": 0.005141587927937508}
{"lut_id": "e18__e18_001613", "n": 32, "steps": 3000, "psnr_float": 42.03676406375732, "psnr_8bit": 41.86294581549763, "de00_mean": 0.644291877746582, "de00_p99": 2.4619483947753906, "alive_frac": 1.0, "final_loss": 0.005141587927937508}
{"lut_id": "e18__e18_001615", "n": 32, "steps": 3000, "psnr_float": 41.56103192688199, "psnr_8bit": 41.40463143788779, "de00_mean": 0.842631459236145, "de00_p99": 3.238103151321411, "alive_frac": 1.0, "final_loss": 0.005141587927937508}
{"lut_id": "e18__e18_001617", "n": 32, "steps": 3000, "psnr_float": 42.37335149909016, "psnr_8bit": 42.18723487257278, "de00_mean": 0.8485546112060547, "de00_p99": 3.1942079067230225, "alive_frac": 1.0, "final_loss": 0.005141587927937508}
{"lut_id": "e18__e18_001623", "n": 32, "steps": 3000, "psnr_float": 41.93868284600475, "psnr_8bit": 41.767022313834545, "de00_mean": 0.6769931316375732, "de00_p99": 3.012169361114502, "alive_frac": 1.0, "final_loss": 0.005141587927937508}
{"lut_id": "e18__e18_001631", "n": 32, "steps": 3000, "psnr_float": 45.67461569102445, "psnr_8bit": 45.28703770845041, "de00_mean": 0.6106612682342529, "de00_p99": 2.2696373462677, "alive_frac": 1.0, "final_loss": 0.005141587927937508}
{"lut_id": "e18__e18_001634", "n": 32, "steps": 3000, "psnr_float": 41.7456488997259, "psnr_8bit": 41.58254825546549, "de00_mean": 0.623149037361145, "de00_p99": 2.182689666748047, "alive_frac": 1.0, "final_loss": 0.005141587927937508}
{"lut_id": "e18__e18_001635", "n": 32, "steps": 3000, "psnr_float": 41.91781832845197, "psnr_8bit": 41.74970876827714, "de00_mean": 0.8183509707450867, "de00_p99": 3.014744997024536, "alive_frac": 1.0, "final_loss": 0.005141587927937508}
{"lut_id": "e18__e18_001647", "n": 32, "steps": 3000, "psnr_float": 41.55812564155805, "psnr_8bit": 41.402188183096186, "de00_mean": 0.8051855564117432, "de00_p99": 3.109220504760742, "alive_frac": 1.0, "final_loss": 0.005141587927937508}
{"lut_id": "e18__e18_001650", "n": 32, "steps": 3000, "psnr_float": 40.88000327679906, "psnr_8bit": 40.744965788036176, "de00_mean": 0.8923649787902832, "de00_p99": 3.431347608566284, "alive_frac": 1.0, "final_loss": 0.005141587927937508}
{"lut_id": "e18__e18_001651", "n": 32, "steps": 3000, "psnr_float": 42.88352746288568, "psnr_8bit": 42.676123153202795, "de00_mean": 0.8727700710296631, "de00_p99": 3.074089288711548, "alive_frac": 1.0, "final_loss": 0.005141587927937508}
{"lut_id": "e18__e18_001652", "n": 32, "steps": 3000, "psnr_float": 40.379664791555136, "psnr_8bit": 40.25946194965795, "de00_mean": 0.8938204050064087, "de00_p99": 3.903738021850586, "alive_frac": 1.0, "final_loss": 0.005141587927937508}
[e1a0] chunk 32: fit 16 LUTs in 91s loss 0.00436 alive [1.0, 1.0, 1.0, 1.0, 1.0, 1.0, 1.0, 0.96875, 1.0, 1.0, 1.0, 1.0, 1.0, 1.0, 1.0, 1.0]
{"lut_id": "e18__e18_001654", "n": 32, "steps": 3000, "psnr_float": 43.18540409830484, "psnr_8bit": 42.95917955774192, "de00_mean": 0.7072948217391968, "de00_p99": 2.4933953285217285, "alive_frac": 1.0, "final_loss": 0.004364877939224243}
{"lut_id": "e18__e18_001937", "n": 32, "steps": 3000, "psnr_float": 42.36869449549129, "psnr_8bit": 42.177610518336834, "de00_mean": 0.6006922721862793, "de00_p99": 2.128952980041504, "alive_frac": 1.0, "final_loss": 0.004364877939224243}
{"lut_id": "e18__e18_001938", "n": 32, "steps": 3000, "psnr_float": 43.346287658596054, "psnr_8bit": 43.11380633908017, "de00_mean": 0.7402145862579346, "de00_p99": 2.863363027572632, "alive_frac": 1.0, "final_loss": 0.004364877939224243}
{"lut_id": "e18__e18_001943", "n": 32, "steps": 3000, "psnr_float": 46.417918262311204, "psnr_8bit": 45.95785070632371, "de00_mean": 0.4774933457374573, "de00_p99": 1.962227463722229, "alive_frac": 1.0, "final_loss": 0.004364877939224243}
{"lut_id": "e18__e18_001946", "n": 32, "steps": 3000, "psnr_float": 41.78242974268629, "psnr_8bit": 41.617803116900845, "de00_mean": 0.761888861656189, "de00_p99": 2.6960256099700928, "alive_frac": 1.0, "final_loss": 0.004364877939224243}
{"lut_id": "e18__e18_001949", "n": 32, "steps": 3000, "psnr_float": 42.67676501181228, "psnr_8bit": 42.47627559335284, "de00_mean": 0.7218366861343384, "de00_p99": 2.7218706607818604, "alive_frac": 1.0, "final_loss": 0.004364877939224243}
{"lut_id": "e18__e18_001951", "n": 32, "steps": 3000, "psnr_float": 42.68656384425099, "psnr_8bit": 42.48615308901545, "de00_mean": 0.811720609664917, "de00_p99": 2.7756214141845703, "alive_frac": 1.0, "final_loss": 0.004364877939224243}
{"lut_id": "e18__e18_001953", "n": 32, "steps": 3000, "psnr_float": 44.16788362483775, "psnr_8bit": 43.8897199382047, "de00_mean": 0.5250343084335327, "de00_p99": 2.0266366004943848, "alive_frac": 0.96875, "final_loss": 0.004364877939224243}
{"lut_id": "e18__e18_001957", "n": 32, "steps": 3000, "psnr_float": 44.66556667582674, "psnr_8bit": 44.35357155147696, "de00_mean": 0.6331608295440674, "de00_p99": 2.693230390548706, "alive_frac": 1.0, "final_loss": 0.004364877939224243}
{"lut_id": "e18__e18_001959", "n": 32, "steps": 3000, "psnr_float": 42.88445980697608, "psnr_8bit": 42.673863919744576, "de00_mean": 0.5218896865844727, "de00_p99": 1.9362497329711914, "alive_frac": 1.0, "final_loss": 0.004364877939224243}
{"lut_id": "e18__e18_001961", "n": 32, "steps": 3000, "psnr_float": 42.94218652178799, "psnr_8bit": 42.72833058947671, "de00_mean": 0.7240565419197083, "de00_p99": 2.6421618461608887, "alive_frac": 1.0, "final_loss": 0.004364877939224243}
{"lut_id": "e18__e18_001962", "n": 32, "steps": 3000, "psnr_float": 44.46345486079125, "psnr_8bit": 44.1622613022816, "de00_mean": 0.6276959776878357, "de00_p99": 2.190929412841797, "alive_frac": 1.0, "final_loss": 0.004364877939224243}
{"lut_id": "e18__e18_001963", "n": 32, "steps": 3000, "psnr_float": 46.100429253434044, "psnr_8bit": 45.67283807372321, "de00_mean": 0.4759789705276489, "de00_p99": 1.7928577661514282, "alive_frac": 1.0, "final_loss": 0.004364877939224243}
{"lut_id": "e18__e18_001969", "n": 32, "steps": 3000, "psnr_float": 43.38310651091697, "psnr_8bit": 43.14621658327883, "de00_mean": 0.7271295785903931, "de00_p99": 2.625786304473877, "alive_frac": 1.0, "final_loss": 0.004364877939224243}
{"lut_id": "e18__e18_001970", "n": 32, "steps": 3000, "psnr_float": 44.44235497786376, "psnr_8bit": 44.14670131099108, "de00_mean": 0.6242002248764038, "de00_p99": 2.43581485748291, "alive_frac": 1.0, "final_loss": 0.004364877939224243}
{"lut_id": "e18__e18_001979", "n": 32, "steps": 3000, "psnr_float": 50.83179364404469, "psnr_8bit": 49.67586391832298, "de00_mean": 0.33477190136909485, "de00_p99": 1.2710685729980469, "alive_frac": 1.0, "final_loss": 0.004364877939224243}
[e1a0] chunk 48: fit 16 LUTs in 104s loss 0.00655 alive [1.0, 1.0, 1.0, 1.0, 1.0, 1.0, 1.0, 1.0, 1.0, 1.0, 1.0, 1.0, 1.0, 1.0, 1.0, 1.0]
{"lut_id": "e18__e18_002049", "n": 32, "steps": 3000, "psnr_float": 55.72563260942199, "psnr_8bit": 52.963624804712666, "de00_mean": 0.15046285092830658, "de00_p99": 0.5285530090332031, "alive_frac": 1.0, "final_loss": 0.006546369753777981}
{"lut_id": "e18__e18_002055", "n": 32, "steps": 3000, "psnr_float": 39.090541632277166, "psnr_8bit": 39.00407782337655, "de00_mean": 0.8324633836746216, "de00_p99": 4.064783573150635, "alive_frac": 1.0, "final_loss": 0.006546369753777981}
{"lut_id": "e18__e18_002056", "n": 32, "steps": 3000, "psnr_float": 45.937702407225146, "psnr_8bit": 45.523265718274864, "de00_mean": 0.3931178152561188, "de00_p99": 2.229375123977661, "alive_frac": 1.0, "final_loss": 0.006546369753777981}
{"lut_id": "e18__e18_002574", "n": 32, "steps": 3000, "psnr_float": 37.75147843975082, "psnr_8bit": 37.68485900608107, "de00_mean": 1.1617053747177124, "de00_p99": 4.466585159301758, "alive_frac": 1.0, "final_loss": 0.006546369753777981}
{"lut_id": "e18__e18_002575", "n": 32, "steps": 3000, "psnr_float": 39.187312265058715, "psnr_8bit": 39.09505033033518, "de00_mean": 0.9559942483901978, "de00_p99": 3.687293529510498, "alive_frac": 1.0, "final_loss": 0.006546369753777981}
{"lut_id": "e18__e18_002577", "n": 32, "steps": 3000, "psnr_float": 38.513898788292494, "psnr_8bit": 38.43623824775291, "de00_mean": 0.9959530830383301, "de00_p99": 3.9343481063842773, "alive_frac": 1.0, "final_loss": 0.006546369753777981}
{"lut_id": "e18__e18_002594", "n": 32, "steps": 3000, "psnr_float": 36.97624977562445, "psnr_8bit": 36.92544508283393, "de00_mean": 1.0103905200958252, "de00_p99": 4.171599864959717, "alive_frac": 1.0, "final_loss": 0.006546369753777981}
{"lut_id": "e18__e18_002596", "n": 32, "steps": 3000, "psnr_float": 43.80470414256108, "psnr_8bit": 43.549107224210815, "de00_mean": 0.6343724131584167, "de00_p99": 2.334185838699341, "alive_frac": 1.0, "final_loss": 0.006546369753777981}
{"lut_id": "e18__e18_002606", "n": 32, "steps": 3000, "psnr_float": 38.98091931782862, "psnr_8bit": 38.89441895536733, "de00_mean": 1.0941749811172485, "de00_p99": 4.187882423400879, "alive_frac": 1.0, "final_loss": 0.006546369753777981}
{"lut_id": "e18__e18_002613", "n": 32, "steps": 3000, "psnr_float": 39.630240375749935, "psnr_8bit": 39.52801542579782, "de00_mean": 0.927122175693512, "de00_p99": 3.9229612350463867, "alive_frac": 1.0, "final_loss": 0.006546369753777981}
{"lut_id": "e18__e18_002614", "n": 32, "steps": 3000, "psnr_float": 40.95138896902763, "psnr_8bit": 40.81674707018153, "de00_mean": 0.9175864458084106, "de00_p99": 4.05877685546875, "alive_frac": 1.0, "final_loss": 0.006546369753777981}
{"lut_id": "e18__e18_002625", "n": 32, "steps": 3000, "psnr_float": 35.98561021458043, "psnr_8bit": 35.94012289208743, "de00_mean": 1.3424177169799805, "de00_p99": 6.217410564422607, "alive_frac": 1.0, "final_loss": 0.006546369753777981}
{"lut_id": "e18__e18_002630", "n": 32, "steps": 3000, "psnr_float": 41.64453882385694, "psnr_8bit": 41.48658822651939, "de00_mean": 0.7961587309837341, "de00_p99": 3.2911031246185303, "alive_frac": 1.0, "final_loss": 0.006546369753777981}
{"lut_id": "e18__e18_002631", "n": 32, "steps": 3000, "psnr_float": 40.988778878549255, "psnr_8bit": 40.852481156034145, "de00_mean": 0.8236777782440186, "de00_p99": 3.2408254146575928, "alive_frac": 1.0, "final_loss": 0.006546369753777981}
{"lut_id": "quandian__quandian_004314", "n": 32, "steps": 3000, "psnr_float": 38.85660080176579, "psnr_8bit": 38.77444358720475, "de00_mean": 0.7925814390182495, "de00_p99": 3.7554879188537598, "alive_frac": 1.0, "final_loss": 0.006546369753777981}
{"lut_id": "quandian__quandian_004317", "n": 32, "steps": 3000, "psnr_float": 36.300704678859375, "psnr_8bit": 36.25420839015936, "de00_mean": 0.9246712327003479, "de00_p99": 4.557839393615723, "alive_frac": 1.0, "final_loss": 0.006546369753777981}
[e1a0] chunk 64: fit 11 LUTs in 81s loss 0.00780 alive [1.0, 1.0, 1.0, 1.0, 0.96875, 1.0, 1.0, 1.0, 1.0, 1.0, 1.0]
{"lut_id": "quandian__quandian_004319", "n": 32, "steps": 3000, "psnr_float": 37.539045665627214, "psnr_8bit": 37.47708889459253, "de00_mean": 1.0271357297897339, "de00_p99": 5.268617153167725, "alive_frac": 1.0, "final_loss": 0.007799580693244934}
{"lut_id": "quandian__quandian_004321", "n": 32, "steps": 3000, "psnr_float": 37.804872552348634, "psnr_8bit": 37.74021204617579, "de00_mean": 0.6833624243736267, "de00_p99": 2.6851067543029785, "alive_frac": 1.0, "final_loss": 0.007799580693244934}
{"lut_id": "quandian__quandian_006461", "n": 32, "steps": 3000, "psnr_float": 36.117927891850144, "psnr_8bit": 36.07388569613511, "de00_mean": 0.9733626842498779, "de00_p99": 3.6127235889434814, "alive_frac": 1.0, "final_loss": 0.007799580693244934}
{"lut_id": "quandian__quandian_006462", "n": 32, "steps": 3000, "psnr_float": 36.941302712818995, "psnr_8bit": 36.89192659065137, "de00_mean": 0.8729459047317505, "de00_p99": 3.7456917762756348, "alive_frac": 1.0, "final_loss": 0.007799580693244934}
{"lut_id": "quandian__quandian_006464", "n": 32, "steps": 3000, "psnr_float": 35.47912647797706, "psnr_8bit": 35.439084050341556, "de00_mean": 1.1080422401428223, "de00_p99": 5.982501983642578, "alive_frac": 0.96875, "final_loss": 0.007799580693244934}
{"lut_id": "quandian__quandian_009893", "n": 32, "steps": 3000, "psnr_float": 38.236713037607586, "psnr_8bit": 38.16393663306845, "de00_mean": 1.1064553260803223, "de00_p99": 4.1998467445373535, "alive_frac": 1.0, "final_loss": 0.007799580693244934}
{"lut_id": "quandian__quandian_009896", "n": 32, "steps": 3000, "psnr_float": 39.53204009481306, "psnr_8bit": 39.4374945929815, "de00_mean": 0.7412054538726807, "de00_p99": 2.833430290222168, "alive_frac": 1.0, "final_loss": 0.007799580693244934}
{"lut_id": "quandian__quandian_009915", "n": 32, "steps": 3000, "psnr_float": 34.020573168933964, "psnr_8bit": 33.99430912295662, "de00_mean": 1.33711576461792, "de00_p99": 5.381535053253174, "alive_frac": 1.0, "final_loss": 0.007799580693244934}
{"lut_id": "quandian__quandian_011990", "n": 32, "steps": 3000, "psnr_float": 38.14874921027738, "psnr_8bit": 38.07756293437719, "de00_mean": 0.7999730110168457, "de00_p99": 4.010140895843506, "alive_frac": 1.0, "final_loss": 0.007799580693244934}
{"lut_id": "quandian__quandian_011993", "n": 32, "steps": 3000, "psnr_float": 39.668493591218194, "psnr_8bit": 39.57367653738097, "de00_mean": 0.4223403334617615, "de00_p99": 1.8561965227127075, "alive_frac": 1.0, "final_loss": 0.007799580693244934}
{"lut_id": "quandian__quandian_011995", "n": 32, "steps": 3000, "psnr_float": 42.27864445333854, "psnr_8bit": 42.09569316487772, "de00_mean": 0.5202997922897339, "de00_p99": 1.881287932395935, "alive_frac": 1.0, "final_loss": 0.007799580693244934}
{
 "exp": "A0_gap_hypA_e1_engine",
 "n_gaussians": 32,
 "steps": 3000,
 "n_luts": 75,
 "eval_part": "evalsub_2^21",
 "psnr_float_mean": 41.75690836856447,
 "psnr_float_std": 3.383365774781,
 "psnr_8bit_mean": 41.528461876001806,
 "psnr_min": 34.020573168933964,
 "psnr_p10": 37.62401877527665,
 "de00_mean_over_luts": 0.7630786202351252,
 "de00_p50": 0.761888861656189,
 "de00_p90": 1.0092887878417969,
 "alive_frac_mean": 0.99875,
 "anchor": {
  "psnr_db": 45.47,
  "de00": 0.41
 },
 "git_commit": "0e5d04a71b1b8fc1bd7124d888b2755e67f7a333",
 "args": {
  "lut_list": "experiments/A0_glut_repro_20260803/config/a0_luts_75.txt",
  "outdir": "experiments/A0_glut_repro_20260803/hypA",
  "n": 32,
  "steps": 3000,
  "bs": 8192,
  "lr": 0.005,
  "batch_luts": 16,
  "seed": 0,
  "de_workers": 8,
  "tag": "e1_on_a0_3k"
 }
}
E1_ON_A0_DONE
[e1a0] 75 LUTs, N=32, steps=12000
[e1a0] chunk 0: fit 16 LUTs in 472s loss 0.00409 alive [0.9375, 1.0, 1.0, 1.0, 1.0, 1.0, 1.0, 1.0, 1.0, 1.0, 1.0, 1.0, 1.0, 1.0, 1.0, 1.0]
multiprocessing.pool.RemoteTraceback: 
"""
Traceback (most recent call last):
  File "/home/bc/miniconda3/lib/python3.13/multiprocessing/pool.py", line 125, in worker
    result = (True, func(*args, **kwds))
                    ~~~~^^^^^^^^^^^^^^^
  File "/home/bc/miniconda3/lib/python3.13/multiprocessing/pool.py", line 48, in mapstar
    return list(map(*args))
  File "/home/bc/VeraRetouch/model/glut_repro/train_a0.py", line 173, in de00_worker
    pred_mm = np.load(pred_path, mmap_mode="r")[sl]
              ~~~~~~~^^^^^^^^^^^^^^^^^^^^^^^^^^
  File "/home/bc/miniconda3/lib/python3.13/site-packages/numpy/lib/_npyio_impl.py", line 454, in load
    fid = stack.enter_context(open(os.fspath(file), "rb"))
                              ~~~~^^^^^^^^^^^^^^^^^^^^^^^
FileNotFoundError: [Errno 2] No such file or directory: 'experiments/A0_glut_repro_20260803/hypA/pred_tmp/e18__e18_001509.npy'
"""

The above exception was the direct cause of the following exception:

Traceback (most recent call last):
  File "<frozen runpy>", line 198, in _run_module_as_main
  File "<frozen runpy>", line 88, in _run_code
  File "/home/bc/VeraRetouch/model/glut_repro/run_e1_on_a0.py", line 154, in <module>
    main()
    ~~~~^^
  File "/home/bc/VeraRetouch/model/glut_repro/run_e1_on_a0.py", line 113, in main
    de_stats = pool.map(de00_worker, de_jobs)
  File "/home/bc/miniconda3/lib/python3.13/multiprocessing/pool.py", line 367, in map
    return self._map_async(func, iterable, mapstar, chunksize).get()
           ~~~~~~~~~~~~~~~~~~~~~~~~~~~~~~~~~~~~~~~~~~~~~~~~~~~~~~~^^
  File "/home/bc/miniconda3/lib/python3.13/multiprocessing/pool.py", line 774, in get
    raise self._value
FileNotFoundError: [Errno 2] No such file or directory: 'experiments/A0_glut_repro_20260803/hypA/pred_tmp/e18__e18_001509.npy'
