[e1a0] 75 LUTs, N=32, steps=12000
[e1a0] chunk 0: fit 16 LUTs in 412s loss 0.00408 alive [0.90625, 1.0, 1.0, 1.0, 1.0, 1.0, 1.0, 1.0, 1.0, 1.0, 1.0, 1.0, 1.0, 1.0, 1.0, 1.0]
{"lut_id": "e18__e18_000902", "n": 32, "steps": 12000, "psnr_float": 48.25521954342837, "psnr_8bit": 47.617496874639244, "de00_mean": 0.266762912273407, "de00_p99": 1.6435562372207642, "alive_frac": 0.90625, "final_loss": 0.004083966836333275}
{"lut_id": "e18__e18_000965", "n": 32, "steps": 12000, "psnr_float": 46.383485115071935, "psnr_8bit": 45.94217495956399, "de00_mean": 0.5958796739578247, "de00_p99": 2.8298234939575195, "alive_frac": 1.0, "final_loss": 0.004083966836333275}
{"lut_id": "e18__e18_000980", "n": 32, "steps": 12000, "psnr_float": 43.74659036651921, "psnr_8bit": 43.49351008193466, "de00_mean": 0.679558277130127, "de00_p99": 2.459791898727417, "alive_frac": 1.0, "final_loss": 0.004083966836333275}
{"lut_id": "e18__e18_000993", "n": 32, "steps": 12000, "psnr_float": 44.16152578253072, "psnr_8bit": 43.88384571010975, "de00_mean": 0.6299264430999756, "de00_p99": 2.324824094772339, "alive_frac": 1.0, "final_loss": 0.004083966836333275}
{"lut_id": "e18__e18_000998", "n": 32, "steps": 12000, "psnr_float": 43.244296310099145, "psnr_8bit": 43.017356982731584, "de00_mean": 0.6534428596496582, "de00_p99": 2.5339057445526123, "alive_frac": 1.0, "final_loss": 0.004083966836333275}
{"lut_id": "e18__e18_001000", "n": 32, "steps": 12000, "psnr_float": 45.70366953334782, "psnr_8bit": 45.32019345214139, "de00_mean": 0.5776121616363525, "de00_p99": 2.5360920429229736, "alive_frac": 1.0, "final_loss": 0.004083966836333275}
{"lut_id": "e18__e18_001001", "n": 32, "steps": 12000, "psnr_float": 42.940292423436226, "psnr_8bit": 42.7251072911302, "de00_mean": 0.672152578830719, "de00_p99": 2.5808300971984863, "alive_frac": 1.0, "final_loss": 0.004083966836333275}
{"lut_id": "e18__e18_001006", "n": 32, "steps": 12000, "psnr_float": 41.33587113548092, "psnr_8bit": 41.186620022394564, "de00_mean": 0.7950276136398315, "de00_p99": 3.160970449447632, "alive_frac": 1.0, "final_loss": 0.004083966836333275}
{"lut_id": "e18__e18_001017", "n": 32, "steps": 12000, "psnr_float": 42.99667366181954, "psnr_8bit": 42.77913451983508, "de00_mean": 0.6073344945907593, "de00_p99": 2.4224743843078613, "alive_frac": 1.0, "final_loss": 0.004083966836333275}
{"lut_id": "e18__e18_001018", "n": 32, "steps": 12000, "psnr_float": 43.661751784140264, "psnr_8bit": 43.41046468056834, "de00_mean": 0.6864898204803467, "de00_p99": 2.789755344390869, "alive_frac": 1.0, "final_loss": 0.004083966836333275}
{"lut_id": "e18__e18_001474", "n": 32, "steps": 12000, "psnr_float": 43.97986687907985, "psnr_8bit": 43.709385459265555, "de00_mean": 0.6984553933143616, "de00_p99": 2.4129674434661865, "alive_frac": 1.0, "final_loss": 0.004083966836333275}
{"lut_id": "e18__e18_001487", "n": 32, "steps": 12000, "psnr_float": 44.85647010928102, "psnr_8bit": 44.52717569345748, "de00_mean": 0.5721445083618164, "de00_p99": 1.9246364831924438, "alive_frac": 1.0, "final_loss": 0.004083966836333275}
{"lut_id": "e18__e18_001493", "n": 32, "steps": 12000, "psnr_float": 49.350302130585845, "psnr_8bit": 48.49989050646996, "de00_mean": 0.3177375793457031, "de00_p99": 1.1988860368728638, "alive_frac": 1.0, "final_loss": 0.004083966836333275}
{"lut_id": "e18__e18_001502", "n": 32, "steps": 12000, "psnr_float": 44.461352351100714, "psnr_8bit": 44.162452304124585, "de00_mean": 0.555393636226654, "de00_p99": 1.86942720413208, "alive_frac": 1.0, "final_loss": 0.004083966836333275}
{"lut_id": "e18__e18_001504", "n": 32, "steps": 12000, "psnr_float": 44.096130494453604, "psnr_8bit": 43.82106638776871, "de00_mean": 0.6316607594490051, "de00_p99": 2.7997326850891113, "alive_frac": 1.0, "final_loss": 0.004083966836333275}
{"lut_id": "e18__e18_001509", "n": 32, "steps": 12000, "psnr_float": 44.89194732407022, "psnr_8bit": 44.55630250931189, "de00_mean": 0.49610283970832825, "de00_p99": 2.119769334793091, "alive_frac": 1.0, "final_loss": 0.004083966836333275}
[e1a0] chunk 16: fit 16 LUTs in 412s loss 0.00396 alive [1.0, 1.0, 1.0, 1.0, 1.0, 1.0, 1.0, 1.0, 1.0, 1.0, 1.0, 1.0, 1.0, 1.0, 1.0, 1.0]
{"lut_id": "e18__e18_001511", "n": 32, "steps": 12000, "psnr_float": 45.05806516723556, "psnr_8bit": 44.71537318887208, "de00_mean": 0.553185224533081, "de00_p99": 2.2241616249084473, "alive_frac": 1.0, "final_loss": 0.003958585672080517}
{"lut_id": "e18__e18_001514", "n": 32, "steps": 12000, "psnr_float": 47.28379793583147, "psnr_8bit": 46.73754074219714, "de00_mean": 0.5080498456954956, "de00_p99": 2.025543212890625, "alive_frac": 1.0, "final_loss": 0.003958585672080517}
{"lut_id": "e18__e18_001531", "n": 32, "steps": 12000, "psnr_float": 44.82317848864608, "psnr_8bit": 44.497151143707626, "de00_mean": 0.4228234589099884, "de00_p99": 1.6674001216888428, "alive_frac": 1.0, "final_loss": 0.003958585672080517}
{"lut_id": "e18__e18_001603", "n": 32, "steps": 12000, "psnr_float": 47.34386984392816, "psnr_8bit": 46.79231954442349, "de00_mean": 0.44436123967170715, "de00_p99": 1.8911781311035156, "alive_frac": 1.0, "final_loss": 0.003958585672080517}
{"lut_id": "e18__e18_001608", "n": 32, "steps": 12000, "psnr_float": 44.19662232119633, "psnr_8bit": 43.91320409906028, "de00_mean": 0.633476972579956, "de00_p99": 2.383333206176758, "alive_frac": 1.0, "final_loss": 0.003958585672080517}
{"lut_id": "e18__e18_001613", "n": 32, "steps": 12000, "psnr_float": 43.83882131226449, "psnr_8bit": 43.57930997303282, "de00_mean": 0.5153107047080994, "de00_p99": 2.0725393295288086, "alive_frac": 1.0, "final_loss": 0.003958585672080517}
{"lut_id": "e18__e18_001615", "n": 32, "steps": 12000, "psnr_float": 43.651121212088285, "psnr_8bit": 43.40037693015363, "de00_mean": 0.6500698328018188, "de00_p99": 2.5492329597473145, "alive_frac": 1.0, "final_loss": 0.003958585672080517}
{"lut_id": "e18__e18_001617", "n": 32, "steps": 12000, "psnr_float": 43.653796596660115, "psnr_8bit": 43.4066945832721, "de00_mean": 0.7240452766418457, "de00_p99": 2.643904685974121, "alive_frac": 1.0, "final_loss": 0.003958585672080517}
{"lut_id": "e18__e18_001623", "n": 32, "steps": 12000, "psnr_float": 44.04146572938952, "psnr_8bit": 43.76797217107642, "de00_mean": 0.5304139852523804, "de00_p99": 2.472590923309326, "alive_frac": 1.0, "final_loss": 0.003958585672080517}
{"lut_id": "e18__e18_001631", "n": 32, "steps": 12000, "psnr_float": 47.652708990064454, "psnr_8bit": 47.057410173220156, "de00_mean": 0.4779009222984314, "de00_p99": 2.0759167671203613, "alive_frac": 1.0, "final_loss": 0.003958585672080517}
{"lut_id": "e18__e18_001634", "n": 32, "steps": 12000, "psnr_float": 43.389675202128316, "psnr_8bit": 43.1516275903181, "de00_mean": 0.5389081239700317, "de00_p99": 2.161888360977173, "alive_frac": 1.0, "final_loss": 0.003958585672080517}
{"lut_id": "e18__e18_001635", "n": 32, "steps": 12000, "psnr_float": 45.38680063521957, "psnr_8bit": 45.019882298156716, "de00_mean": 0.5629735589027405, "de00_p99": 2.3160793781280518, "alive_frac": 1.0, "final_loss": 0.003958585672080517}
{"lut_id": "e18__e18_001647", "n": 32, "steps": 12000, "psnr_float": 44.100148784522645, "psnr_8bit": 43.82689366615878, "de00_mean": 0.5708509683609009, "de00_p99": 2.322324752807617, "alive_frac": 1.0, "final_loss": 0.003958585672080517}
{"lut_id": "e18__e18_001650", "n": 32, "steps": 12000, "psnr_float": 43.567456164720554, "psnr_8bit": 43.32199298057401, "de00_mean": 0.6455239057540894, "de00_p99": 2.4959299564361572, "alive_frac": 1.0, "final_loss": 0.003958585672080517}
{"lut_id": "e18__e18_001651", "n": 32, "steps": 12000, "psnr_float": 44.59400426957758, "psnr_8bit": 44.28641911705039, "de00_mean": 0.6599100828170776, "de00_p99": 2.3560659885406494, "alive_frac": 1.0, "final_loss": 0.003958585672080517}
{"lut_id": "e18__e18_001652", "n": 32, "steps": 12000, "psnr_float": 43.280648413617854, "psnr_8bit": 43.05487015134679, "de00_mean": 0.6575267314910889, "de00_p99": 2.795931100845337, "alive_frac": 1.0, "final_loss": 0.003958585672080517}
[e1a0] chunk 32: fit 16 LUTs in 300s loss 0.00343 alive [1.0, 1.0, 1.0, 1.0, 1.0, 1.0, 1.0, 1.0, 1.0, 1.0, 1.0, 1.0, 1.0, 1.0, 1.0, 1.0]
{"lut_id": "e18__e18_001654", "n": 32, "steps": 12000, "psnr_float": 44.33403484256025, "psnr_8bit": 44.0426983283256, "de00_mean": 0.6121858358383179, "de00_p99": 2.248636484146118, "alive_frac": 1.0, "final_loss": 0.003434577025473118}
{"lut_id": "e18__e18_001937", "n": 32, "steps": 12000, "psnr_float": 43.747815470898566, "psnr_8bit": 43.489899589462844, "de00_mean": 0.5202671885490417, "de00_p99": 1.867441177368164, "alive_frac": 1.0, "final_loss": 0.003434577025473118}
{"lut_id": "e18__e18_001938", "n": 32, "steps": 12000, "psnr_float": 44.52478032850284, "psnr_8bit": 44.2261301767323, "de00_mean": 0.610291063785553, "de00_p99": 2.8177120685577393, "alive_frac": 1.0, "final_loss": 0.003434577025473118}
{"lut_id": "e18__e18_001943", "n": 32, "steps": 12000, "psnr_float": 47.885323098144525, "psnr_8bit": 47.25874802121368, "de00_mean": 0.40546101331710815, "de00_p99": 1.5659832954406738, "alive_frac": 1.0, "final_loss": 0.003434577025473118}
{"lut_id": "e18__e18_001946", "n": 32, "steps": 12000, "psnr_float": 44.961237456647325, "psnr_8bit": 44.62663020911961, "de00_mean": 0.537700891494751, "de00_p99": 1.931355357170105, "alive_frac": 1.0, "final_loss": 0.003434577025473118}
{"lut_id": "e18__e18_001949", "n": 32, "steps": 12000, "psnr_float": 44.79500272441208, "psnr_8bit": 44.471139253516014, "de00_mean": 0.5671078562736511, "de00_p99": 2.0384161472320557, "alive_frac": 1.0, "final_loss": 0.003434577025473118}
{"lut_id": "e18__e18_001951", "n": 32, "steps": 12000, "psnr_float": 45.27656848616183, "psnr_8bit": 44.9205967265335, "de00_mean": 0.6126266717910767, "de00_p99": 2.2542474269866943, "alive_frac": 1.0, "final_loss": 0.003434577025473118}
{"lut_id": "e18__e18_001953", "n": 32, "steps": 12000, "psnr_float": 45.92538536741726, "psnr_8bit": 45.517013190961244, "de00_mean": 0.4203663468360901, "de00_p99": 1.5968470573425293, "alive_frac": 1.0, "final_loss": 0.003434577025473118}
{"lut_id": "e18__e18_001957", "n": 32, "steps": 12000, "psnr_float": 46.352211523212574, "psnr_8bit": 45.90049755762314, "de00_mean": 0.5066470503807068, "de00_p99": 2.10343337059021, "alive_frac": 1.0, "final_loss": 0.003434577025473118}
{"lut_id": "e18__e18_001959", "n": 32, "steps": 12000, "psnr_float": 45.29516504143193, "psnr_8bit": 44.93782709360556, "de00_mean": 0.4228091835975647, "de00_p99": 1.6277586221694946, "alive_frac": 1.0, "final_loss": 0.003434577025473118}
{"lut_id": "e18__e18_001961", "n": 32, "steps": 12000, "psnr_float": 45.832066583501415, "psnr_8bit": 45.42836846951566, "de00_mean": 0.5260556936264038, "de00_p99": 2.120828628540039, "alive_frac": 1.0, "final_loss": 0.003434577025473118}
{"lut_id": "e18__e18_001962", "n": 32, "steps": 12000, "psnr_float": 45.98047133952798, "psnr_8bit": 45.560101406599145, "de00_mean": 0.5174227952957153, "de00_p99": 1.7694350481033325, "alive_frac": 1.0, "final_loss": 0.003434577025473118}
{"lut_id": "e18__e18_001963", "n": 32, "steps": 12000, "psnr_float": 48.294335255113495, "psnr_8bit": 47.60777892974802, "de00_mean": 0.3840797543525696, "de00_p99": 1.3994865417480469, "alive_frac": 1.0, "final_loss": 0.003434577025473118}
{"lut_id": "e18__e18_001969", "n": 32, "steps": 12000, "psnr_float": 45.20650387765286, "psnr_8bit": 44.85194265639272, "de00_mean": 0.5691929459571838, "de00_p99": 2.166297674179077, "alive_frac": 1.0, "final_loss": 0.003434577025473118}
{"lut_id": "e18__e18_001970", "n": 32, "steps": 12000, "psnr_float": 46.61932887122901, "psnr_8bit": 46.13965540228773, "de00_mean": 0.4846915602684021, "de00_p99": 2.0572760105133057, "alive_frac": 1.0, "final_loss": 0.003434577025473118}
{"lut_id": "e18__e18_001979", "n": 32, "steps": 12000, "psnr_float": 54.4005218888251, "psnr_8bit": 52.19767132391786, "de00_mean": 0.22032716870307922, "de00_p99": 0.7267646193504333, "alive_frac": 1.0, "final_loss": 0.003434577025473118}
[e1a0] chunk 48: fit 16 LUTs in 419s loss 0.00529 alive [1.0, 0.96875, 1.0, 1.0, 0.96875, 1.0, 1.0, 1.0, 1.0, 1.0, 1.0, 1.0, 1.0, 1.0, 0.96875, 1.0]
{"lut_id": "e18__e18_002049", "n": 32, "steps": 12000, "psnr_float": 55.96546338267581, "psnr_8bit": 53.09558837646045, "de00_mean": 0.14688076078891754, "de00_p99": 0.5163285136222839, "alive_frac": 1.0, "final_loss": 0.0052949655801057816}
{"lut_id": "e18__e18_002055", "n": 32, "steps": 12000, "psnr_float": 41.65549596333606, "psnr_8bit": 41.5060372831304, "de00_mean": 0.6210359334945679, "de00_p99": 3.020185708999634, "alive_frac": 0.96875, "final_loss": 0.0052949655801057816}
{"lut_id": "e18__e18_002056", "n": 32, "steps": 12000, "psnr_float": 47.715097313540454, "psnr_8bit": 47.112171642314564, "de00_mean": 0.3253583610057831, "de00_p99": 1.8962458372116089, "alive_frac": 1.0, "final_loss": 0.0052949655801057816}
{"lut_id": "e18__e18_002574", "n": 32, "steps": 12000, "psnr_float": 39.390571588280736, "psnr_8bit": 39.29332944535902, "de00_mean": 0.9381113052368164, "de00_p99": 3.4861433506011963, "alive_frac": 1.0, "final_loss": 0.0052949655801057816}
{"lut_id": "e18__e18_002575", "n": 32, "steps": 12000, "psnr_float": 40.98108590265602, "psnr_8bit": 40.8429902221871, "de00_mean": 0.7752910852432251, "de00_p99": 2.9015438556671143, "alive_frac": 0.96875, "final_loss": 0.0052949655801057816}
{"lut_id": "e18__e18_002577", "n": 32, "steps": 12000, "psnr_float": 40.06282681433927, "psnr_8bit": 39.95134634654094, "de00_mean": 0.8298419117927551, "de00_p99": 3.228787660598755, "alive_frac": 1.0, "final_loss": 0.0052949655801057816}
{"lut_id": "e18__e18_002594", "n": 32, "steps": 12000, "psnr_float": 37.84628198937595, "psnr_8bit": 37.784795071309915, "de00_mean": 0.8958696126937866, "de00_p99": 3.5771644115448, "alive_frac": 1.0, "final_loss": 0.0052949655801057816}
{"lut_id": "e18__e18_002596", "n": 32, "steps": 12000, "psnr_float": 46.88345600514737, "psnr_8bit": 46.37820641375146, "de00_mean": 0.4518529176712036, "de00_p99": 1.6690564155578613, "alive_frac": 1.0, "final_loss": 0.0052949655801057816}
{"lut_id": "e18__e18_002606", "n": 32, "steps": 12000, "psnr_float": 41.004700442151815, "psnr_8bit": 40.86515776342533, "de00_mean": 0.8677857518196106, "de00_p99": 3.324741840362549, "alive_frac": 1.0, "final_loss": 0.0052949655801057816}
{"lut_id": "e18__e18_002613", "n": 32, "steps": 12000, "psnr_float": 41.695715816851305, "psnr_8bit": 41.534178141811495, "de00_mean": 0.7468270063400269, "de00_p99": 3.1675186157226562, "alive_frac": 1.0, "final_loss": 0.0052949655801057816}
{"lut_id": "e18__e18_002614", "n": 32, "steps": 12000, "psnr_float": 42.989815660397, "psnr_8bit": 42.77494023029992, "de00_mean": 0.6795066595077515, "de00_p99": 3.0711944103240967, "alive_frac": 1.0, "final_loss": 0.0052949655801057816}
{"lut_id": "e18__e18_002625", "n": 32, "steps": 12000, "psnr_float": 37.54505074866718, "psnr_8bit": 37.48036093907968, "de00_mean": 1.0414888858795166, "de00_p99": 5.240344047546387, "alive_frac": 1.0, "final_loss": 0.0052949655801057816}
{"lut_id": "e18__e18_002630", "n": 32, "steps": 12000, "psnr_float": 42.88225408008118, "psnr_8bit": 42.67237989222076, "de00_mean": 0.6464766263961792, "de00_p99": 2.8783345222473145, "alive_frac": 1.0, "final_loss": 0.0052949655801057816}
{"lut_id": "e18__e18_002631", "n": 32, "steps": 12000, "psnr_float": 42.49798077784863, "psnr_8bit": 42.30600924213661, "de00_mean": 0.6811308860778809, "de00_p99": 2.6158323287963867, "alive_frac": 1.0, "final_loss": 0.0052949655801057816}
{"lut_id": "quandian__quandian_004314", "n": 32, "steps": 12000, "psnr_float": 40.20660057921723, "psnr_8bit": 40.092884322407, "de00_mean": 0.6707688570022583, "de00_p99": 3.1989905834198, "alive_frac": 0.96875, "final_loss": 0.0052949655801057816}
{"lut_id": "quandian__quandian_004317", "n": 32, "steps": 12000, "psnr_float": 38.83917863509999, "psnr_8bit": 38.75690462516693, "de00_mean": 0.6820003986358643, "de00_p99": 3.057781219482422, "alive_frac": 1.0, "final_loss": 0.0052949655801057816}
[e1a0] chunk 64: fit 11 LUTs in 293s loss 0.00651 alive [1.0, 0.96875, 1.0, 0.96875, 0.875, 0.96875, 1.0, 1.0, 0.96875, 1.0, 1.0]
{"lut_id": "quandian__quandian_004319", "n": 32, "steps": 12000, "psnr_float": 39.38169899563571, "psnr_8bit": 39.28751807312592, "de00_mean": 0.8304796814918518, "de00_p99": 4.300502777099609, "alive_frac": 1.0, "final_loss": 0.006509567145258188}
{"lut_id": "quandian__quandian_004321", "n": 32, "steps": 12000, "psnr_float": 40.010018873604366, "psnr_8bit": 39.90340887866957, "de00_mean": 0.547724723815918, "de00_p99": 2.194159984588623, "alive_frac": 0.96875, "final_loss": 0.006509567145258188}
{"lut_id": "quandian__quandian_006461", "n": 32, "steps": 12000, "psnr_float": 36.86437438516738, "psnr_8bit": 36.812219815879295, "de00_mean": 0.8311123847961426, "de00_p99": 2.879210948944092, "alive_frac": 1.0, "final_loss": 0.006509567145258188}
{"lut_id": "quandian__quandian_006462", "n": 32, "steps": 12000, "psnr_float": 38.2929988520595, "psnr_8bit": 38.22810722099267, "de00_mean": 0.8061502575874329, "de00_p99": 3.275144100189209, "alive_frac": 0.96875, "final_loss": 0.006509567145258188}
{"lut_id": "quandian__quandian_006464", "n": 32, "steps": 12000, "psnr_float": 37.559013512138335, "psnr_8bit": 37.4893536303961, "de00_mean": 0.647017240524292, "de00_p99": 4.47786283493042, "alive_frac": 0.875, "final_loss": 0.006509567145258188}
{"lut_id": "quandian__quandian_009893", "n": 32, "steps": 12000, "psnr_float": 39.76442718949745, "psnr_8bit": 39.66049578411287, "de00_mean": 0.9040927886962891, "de00_p99": 3.3895273208618164, "alive_frac": 0.96875, "final_loss": 0.006509567145258188}
{"lut_id": "quandian__quandian_009896", "n": 32, "steps": 12000, "psnr_float": 41.94408106740957, "psnr_8bit": 41.78267017260771, "de00_mean": 0.6297667026519775, "de00_p99": 2.498600721359253, "alive_frac": 1.0, "final_loss": 0.006509567145258188}
{"lut_id": "quandian__quandian_009915", "n": 32, "steps": 12000, "psnr_float": 36.085099128504815, "psnr_8bit": 36.04311606122692, "de00_mean": 1.0947904586791992, "de00_p99": 4.71206521987915, "alive_frac": 1.0, "final_loss": 0.006509567145258188}
{"lut_id": "quandian__quandian_011990", "n": 32, "steps": 12000, "psnr_float": 39.64878451286006, "psnr_8bit": 39.5492262007719, "de00_mean": 0.6407305598258972, "de00_p99": 3.011923313140869, "alive_frac": 0.96875, "final_loss": 0.006509567145258188}
{"lut_id": "quandian__quandian_011993", "n": 32, "steps": 12000, "psnr_float": 41.09482243059453, "psnr_8bit": 40.966328712864396, "de00_mean": 0.37463194131851196, "de00_p99": 1.7315973043441772, "alive_frac": 1.0, "final_loss": 0.006509567145258188}
{"lut_id": "quandian__quandian_011995", "n": 32, "steps": 12000, "psnr_float": 43.421015532546186, "psnr_8bit": 43.187135254595795, "de00_mean": 0.4635666012763977, "de00_p99": 1.8594653606414795, "alive_frac": 1.0, "final_loss": 0.006509567145258188}
{
 "exp": "A0_gap_hypA_e1_engine",
 "n_gaussians": 32,
 "steps": 12000,
 "n_luts": 75,
 "eval_part": "evalsub_2^21",
 "psnr_float_mean": 43.75448384461945,
 "psnr_float_std": 3.47551083701521,
 "psnr_8bit_mean": 43.409530318486226,
 "psnr_min": 36.085099128504815,
 "psnr_p10": 39.38524803269372,
 "de00_mean_over_luts": 0.6029138094186783,
 "de00_p50": 0.610291063785553,
 "de00_p90": 0.8302245736122131,
 "alive_frac_mean": 0.9941666666666666,
 "anchor": {
  "psnr_db": 45.47,
  "de00": 0.41
 },
 "git_commit": "0e5d04a71b1b8fc1bd7124d888b2755e67f7a333",
 "args": {
  "lut_list": "experiments/A0_glut_repro_20260803/config/a0_luts_75.txt",
  "outdir": "experiments/A0_glut_repro_20260803/hypA",
  "n": 32,
  "steps": 12000,
  "bs": 8192,
  "lr": 0.005,
  "batch_luts": 16,
  "seed": 0,
  "de_workers": 8,
  "tag": "e1_on_a0_12k"
 }
}
E1_ON_A0_DONE
WAVE5_DONE
