[e1a0] 75 LUTs, N=48, steps=3000
[e1a0] chunk 0: fit 16 LUTs in 258s loss 0.00411 alive [0.9375, 1.0, 1.0, 1.0, 1.0, 1.0, 1.0, 1.0, 1.0, 1.0, 1.0, 1.0, 1.0, 1.0, 1.0, 1.0]
{"lut_id": "e18__e18_000902", "n": 48, "steps": 3000, "psnr_float": 48.56860019098364, "psnr_8bit": 47.941596766387406, "de00_mean": 0.25344380736351013, "de00_p99": 1.688520073890686, "alive_frac": 0.9375, "final_loss": 0.0041138846427202225}
{"lut_id": "e18__e18_000965", "n": 48, "steps": 3000, "psnr_float": 46.037481802260764, "psnr_8bit": 45.62847269482813, "de00_mean": 0.601747989654541, "de00_p99": 2.914675712585449, "alive_frac": 1.0, "final_loss": 0.0041138846427202225}
{"lut_id": "e18__e18_000980", "n": 48, "steps": 3000, "psnr_float": 43.27024595032064, "psnr_8bit": 43.0437585862678, "de00_mean": 0.7236450910568237, "de00_p99": 2.7818009853363037, "alive_frac": 1.0, "final_loss": 0.0041138846427202225}
{"lut_id": "e18__e18_000993", "n": 48, "steps": 3000, "psnr_float": 44.67509504027839, "psnr_8bit": 44.36539755323051, "de00_mean": 0.6178351640701294, "de00_p99": 2.467965602874756, "alive_frac": 1.0, "final_loss": 0.0041138846427202225}
{"lut_id": "e18__e18_000998", "n": 48, "steps": 3000, "psnr_float": 43.235892705523895, "psnr_8bit": 43.01129016710074, "de00_mean": 0.6439271569252014, "de00_p99": 2.5369415283203125, "alive_frac": 1.0, "final_loss": 0.0041138846427202225}
{"lut_id": "e18__e18_001000", "n": 48, "steps": 3000, "psnr_float": 45.25248946644516, "psnr_8bit": 44.903037530100804, "de00_mean": 0.6159629225730896, "de00_p99": 2.4959142208099365, "alive_frac": 1.0, "final_loss": 0.0041138846427202225}
{"lut_id": "e18__e18_001001", "n": 48, "steps": 3000, "psnr_float": 42.58165569644055, "psnr_8bit": 42.38463310400525, "de00_mean": 0.7239457964897156, "de00_p99": 2.914376974105835, "alive_frac": 1.0, "final_loss": 0.0041138846427202225}
{"lut_id": "e18__e18_001006", "n": 48, "steps": 3000, "psnr_float": 40.8153199958264, "psnr_8bit": 40.68237852242328, "de00_mean": 0.8089805245399475, "de00_p99": 3.142786741256714, "alive_frac": 1.0, "final_loss": 0.0041138846427202225}
{"lut_id": "e18__e18_001017", "n": 48, "steps": 3000, "psnr_float": 42.725550095403015, "psnr_8bit": 42.51961906848669, "de00_mean": 0.6107643842697144, "de00_p99": 2.455747365951538, "alive_frac": 1.0, "final_loss": 0.0041138846427202225}
{"lut_id": "e18__e18_001018", "n": 48, "steps": 3000, "psnr_float": 42.64599961720621, "psnr_8bit": 42.44633189656818, "de00_mean": 0.7003976106643677, "de00_p99": 3.0789921283721924, "alive_frac": 1.0, "final_loss": 0.0041138846427202225}
{"lut_id": "e18__e18_001474", "n": 48, "steps": 3000, "psnr_float": 43.60225368518111, "psnr_8bit": 43.35669119071423, "de00_mean": 0.73832768201828, "de00_p99": 2.7327022552490234, "alive_frac": 1.0, "final_loss": 0.0041138846427202225}
{"lut_id": "e18__e18_001487", "n": 48, "steps": 3000, "psnr_float": 45.33129392125974, "psnr_8bit": 44.96822152821111, "de00_mean": 0.5301003456115723, "de00_p99": 1.8846616744995117, "alive_frac": 1.0, "final_loss": 0.0041138846427202225}
{"lut_id": "e18__e18_001493", "n": 48, "steps": 3000, "psnr_float": 49.32384265172904, "psnr_8bit": 48.47861226230638, "de00_mean": 0.3351491689682007, "de00_p99": 1.2200762033462524, "alive_frac": 1.0, "final_loss": 0.0041138846427202225}
{"lut_id": "e18__e18_001502", "n": 48, "steps": 3000, "psnr_float": 44.35282351171757, "psnr_8bit": 44.0588643245627, "de00_mean": 0.5416675806045532, "de00_p99": 1.9595869779586792, "alive_frac": 1.0, "final_loss": 0.0041138846427202225}
{"lut_id": "e18__e18_001504", "n": 48, "steps": 3000, "psnr_float": 44.337069655456894, "psnr_8bit": 44.04723260090073, "de00_mean": 0.6346604824066162, "de00_p99": 2.7097301483154297, "alive_frac": 1.0, "final_loss": 0.0041138846427202225}
{"lut_id": "e18__e18_001509", "n": 48, "steps": 3000, "psnr_float": 45.05965393215065, "psnr_8bit": 44.71321627417764, "de00_mean": 0.47322988510131836, "de00_p99": 2.0409321784973145, "alive_frac": 1.0, "final_loss": 0.0041138846427202225}
[e1a0] chunk 16: fit 16 LUTs in 172s loss 0.00406 alive [1.0, 1.0, 1.0, 1.0, 1.0, 1.0, 0.9791666666666666, 1.0, 1.0, 1.0, 1.0, 1.0, 1.0, 1.0, 1.0, 1.0]
{"lut_id": "e18__e18_001511", "n": 48, "steps": 3000, "psnr_float": 45.29289552484002, "psnr_8bit": 44.93741940758535, "de00_mean": 0.517318606376648, "de00_p99": 2.2586188316345215, "alive_frac": 1.0, "final_loss": 0.004064375534653664}
{"lut_id": "e18__e18_001514", "n": 48, "steps": 3000, "psnr_float": 46.33678795602656, "psnr_8bit": 45.889717952292074, "de00_mean": 0.5886176824569702, "de00_p99": 2.4697537422180176, "alive_frac": 1.0, "final_loss": 0.004064375534653664}
{"lut_id": "e18__e18_001531", "n": 48, "steps": 3000, "psnr_float": 44.721507897320684, "psnr_8bit": 44.40208612005287, "de00_mean": 0.4139513373374939, "de00_p99": 1.601151943206787, "alive_frac": 1.0, "final_loss": 0.004064375534653664}
{"lut_id": "e18__e18_001603", "n": 48, "steps": 3000, "psnr_float": 46.913428110743226, "psnr_8bit": 46.4129056111317, "de00_mean": 0.4810307025909424, "de00_p99": 1.9872103929519653, "alive_frac": 1.0, "final_loss": 0.004064375534653664}
{"lut_id": "e18__e18_001608", "n": 48, "steps": 3000, "psnr_float": 44.38118536807266, "psnr_8bit": 44.085024060558794, "de00_mean": 0.625930666923523, "de00_p99": 2.331698417663574, "alive_frac": 1.0, "final_loss": 0.004064375534653664}
{"lut_id": "e18__e18_001613", "n": 48, "steps": 3000, "psnr_float": 43.635322401512575, "psnr_8bit": 43.38639343835916, "de00_mean": 0.5523842573165894, "de00_p99": 2.1311452388763428, "alive_frac": 1.0, "final_loss": 0.004064375534653664}
{"lut_id": "e18__e18_001615", "n": 48, "steps": 3000, "psnr_float": 43.86853980595121, "psnr_8bit": 43.60713187042005, "de00_mean": 0.6592991948127747, "de00_p99": 2.429140567779541, "alive_frac": 0.9791666666666666, "final_loss": 0.004064375534653664}
{"lut_id": "e18__e18_001617", "n": 48, "steps": 3000, "psnr_float": 43.320894718465375, "psnr_8bit": 43.09368400793744, "de00_mean": 0.7452297210693359, "de00_p99": 2.9920034408569336, "alive_frac": 1.0, "final_loss": 0.004064375534653664}
{"lut_id": "e18__e18_001623", "n": 48, "steps": 3000, "psnr_float": 44.2520343074431, "psnr_8bit": 43.966489794491316, "de00_mean": 0.5428009033203125, "de00_p99": 2.5017549991607666, "alive_frac": 1.0, "final_loss": 0.004064375534653664}
{"lut_id": "e18__e18_001631", "n": 48, "steps": 3000, "psnr_float": 47.10284743675225, "psnr_8bit": 46.573646393258066, "de00_mean": 0.5187103748321533, "de00_p99": 2.2340476512908936, "alive_frac": 1.0, "final_loss": 0.004064375534653664}
{"lut_id": "e18__e18_001634", "n": 48, "steps": 3000, "psnr_float": 43.424361287386475, "psnr_8bit": 43.187759576261016, "de00_mean": 0.53223717212677, "de00_p99": 2.018519401550293, "alive_frac": 1.0, "final_loss": 0.004064375534653664}
{"lut_id": "e18__e18_001635", "n": 48, "steps": 3000, "psnr_float": 44.24362683003899, "psnr_8bit": 43.961814055941694, "de00_mean": 0.6052237749099731, "de00_p99": 2.563739776611328, "alive_frac": 1.0, "final_loss": 0.004064375534653664}
{"lut_id": "e18__e18_001647", "n": 48, "steps": 3000, "psnr_float": 43.51649309746151, "psnr_8bit": 43.27730889669099, "de00_mean": 0.6150789260864258, "de00_p99": 2.4464428424835205, "alive_frac": 1.0, "final_loss": 0.004064375534653664}
{"lut_id": "e18__e18_001650", "n": 48, "steps": 3000, "psnr_float": 43.05442676097659, "psnr_8bit": 42.835841869595576, "de00_mean": 0.6757111549377441, "de00_p99": 2.7691309452056885, "alive_frac": 1.0, "final_loss": 0.004064375534653664}
{"lut_id": "e18__e18_001651", "n": 48, "steps": 3000, "psnr_float": 45.04784103442026, "psnr_8bit": 44.70892606180577, "de00_mean": 0.6590017080307007, "de00_p99": 2.4724514484405518, "alive_frac": 1.0, "final_loss": 0.004064375534653664}
{"lut_id": "e18__e18_001652", "n": 48, "steps": 3000, "psnr_float": 42.237237386503075, "psnr_8bit": 42.056273966046064, "de00_mean": 0.7182769179344177, "de00_p99": 3.0060548782348633, "alive_frac": 1.0, "final_loss": 0.004064375534653664}
[e1a0] chunk 32: fit 16 LUTs in 151s loss 0.00348 alive [1.0, 1.0, 1.0, 1.0, 1.0, 1.0, 1.0, 0.9791666666666666, 1.0, 1.0, 1.0, 1.0, 1.0, 1.0, 1.0, 1.0]
{"lut_id": "e18__e18_001654", "n": 48, "steps": 3000, "psnr_float": 44.5988296111926, "psnr_8bit": 44.290256696885784, "de00_mean": 0.6034799814224243, "de00_p99": 2.285081148147583, "alive_frac": 1.0, "final_loss": 0.0034838407300412655}
{"lut_id": "e18__e18_001937", "n": 48, "steps": 3000, "psnr_float": 44.51983664689378, "psnr_8bit": 44.21647567649707, "de00_mean": 0.4930714964866638, "de00_p99": 1.9269222021102905, "alive_frac": 1.0, "final_loss": 0.0034838407300412655}
{"lut_id": "e18__e18_001938", "n": 48, "steps": 3000, "psnr_float": 44.46648794652144, "psnr_8bit": 44.1716017125982, "de00_mean": 0.6222057342529297, "de00_p99": 2.8316383361816406, "alive_frac": 1.0, "final_loss": 0.0034838407300412655}
{"lut_id": "e18__e18_001943", "n": 48, "steps": 3000, "psnr_float": 48.07132128622708, "psnr_8bit": 47.42433337593916, "de00_mean": 0.3921234607696533, "de00_p99": 1.5542323589324951, "alive_frac": 1.0, "final_loss": 0.0034838407300412655}
{"lut_id": "e18__e18_001946", "n": 48, "steps": 3000, "psnr_float": 43.85900469429706, "psnr_8bit": 43.597090377848374, "de00_mean": 0.5926606059074402, "de00_p99": 2.268162250518799, "alive_frac": 1.0, "final_loss": 0.0034838407300412655}
{"lut_id": "e18__e18_001949", "n": 48, "steps": 3000, "psnr_float": 43.98550445131994, "psnr_8bit": 43.71342607436779, "de00_mean": 0.6154838800430298, "de00_p99": 2.314420223236084, "alive_frac": 1.0, "final_loss": 0.0034838407300412655}
{"lut_id": "e18__e18_001951", "n": 48, "steps": 3000, "psnr_float": 44.653340745973324, "psnr_8bit": 44.34276758646106, "de00_mean": 0.6480449438095093, "de00_p99": 2.3476548194885254, "alive_frac": 1.0, "final_loss": 0.0034838407300412655}
{"lut_id": "e18__e18_001953", "n": 48, "steps": 3000, "psnr_float": 46.438040975535124, "psnr_8bit": 45.98020128051076, "de00_mean": 0.4012461006641388, "de00_p99": 1.5258806943893433, "alive_frac": 0.9791666666666666, "final_loss": 0.0034838407300412655}
{"lut_id": "e18__e18_001957", "n": 48, "steps": 3000, "psnr_float": 46.29530184711822, "psnr_8bit": 45.85115469900417, "de00_mean": 0.5261218547821045, "de00_p99": 2.271174192428589, "alive_frac": 1.0, "final_loss": 0.0034838407300412655}
{"lut_id": "e18__e18_001959", "n": 48, "steps": 3000, "psnr_float": 45.518692101404866, "psnr_8bit": 45.13996303956276, "de00_mean": 0.38761037588119507, "de00_p99": 1.4289604425430298, "alive_frac": 1.0, "final_loss": 0.0034838407300412655}
{"lut_id": "e18__e18_001961", "n": 48, "steps": 3000, "psnr_float": 45.18281995866242, "psnr_8bit": 44.83307704833669, "de00_mean": 0.5487717986106873, "de00_p99": 2.2454891204833984, "alive_frac": 1.0, "final_loss": 0.0034838407300412655}
{"lut_id": "e18__e18_001962", "n": 48, "steps": 3000, "psnr_float": 45.857889389798004, "psnr_8bit": 45.44973923327737, "de00_mean": 0.5244244337081909, "de00_p99": 2.025017023086548, "alive_frac": 1.0, "final_loss": 0.0034838407300412655}
{"lut_id": "e18__e18_001963", "n": 48, "steps": 3000, "psnr_float": 48.47926005749493, "psnr_8bit": 47.76529328849329, "de00_mean": 0.37881335616111755, "de00_p99": 1.4384912252426147, "alive_frac": 1.0, "final_loss": 0.0034838407300412655}
{"lut_id": "e18__e18_001969", "n": 48, "steps": 3000, "psnr_float": 45.58604078783275, "psnr_8bit": 45.20137982597069, "de00_mean": 0.5531138777732849, "de00_p99": 1.9321857690811157, "alive_frac": 1.0, "final_loss": 0.0034838407300412655}
{"lut_id": "e18__e18_001970", "n": 48, "steps": 3000, "psnr_float": 45.75392064094687, "psnr_8bit": 45.356361603636955, "de00_mean": 0.5092841386795044, "de00_p99": 2.2503280639648438, "alive_frac": 1.0, "final_loss": 0.0034838407300412655}
{"lut_id": "e18__e18_001979", "n": 48, "steps": 3000, "psnr_float": 53.61200799640453, "psnr_8bit": 51.682470434269526, "de00_mean": 0.249352365732193, "de00_p99": 0.855536162853241, "alive_frac": 1.0, "final_loss": 0.0034838407300412655}
[e1a0] chunk 48: fit 16 LUTs in 142s loss 0.00547 alive [1.0, 0.9791666666666666, 1.0, 1.0, 1.0, 1.0, 1.0, 1.0, 0.9791666666666666, 1.0, 1.0, 1.0, 1.0, 1.0, 1.0, 0.9791666666666666]
{"lut_id": "e18__e18_002049", "n": 48, "steps": 3000, "psnr_float": 55.881875016097986, "psnr_8bit": 53.046783508693984, "de00_mean": 0.14850012958049774, "de00_p99": 0.5237723588943481, "alive_frac": 1.0, "final_loss": 0.0054695820435881615}
{"lut_id": "e18__e18_002055", "n": 48, "steps": 3000, "psnr_float": 40.79629280508709, "psnr_8bit": 40.670684333882335, "de00_mean": 0.7125563621520996, "de00_p99": 3.499131441116333, "alive_frac": 0.9791666666666666, "final_loss": 0.0054695820435881615}
{"lut_id": "e18__e18_002056", "n": 48, "steps": 3000, "psnr_float": 47.21298981968993, "psnr_8bit": 46.67533861750367, "de00_mean": 0.32349228858947754, "de00_p99": 1.9311529397964478, "alive_frac": 1.0, "final_loss": 0.0054695820435881615}
{"lut_id": "e18__e18_002574", "n": 48, "steps": 3000, "psnr_float": 39.282242536605104, "psnr_8bit": 39.18871122108344, "de00_mean": 0.9439986944198608, "de00_p99": 3.6852242946624756, "alive_frac": 1.0, "final_loss": 0.0054695820435881615}
{"lut_id": "e18__e18_002575", "n": 48, "steps": 3000, "psnr_float": 40.616867768610675, "psnr_8bit": 40.489840336212325, "de00_mean": 0.7967643737792969, "de00_p99": 3.151986598968506, "alive_frac": 1.0, "final_loss": 0.0054695820435881615}
{"lut_id": "e18__e18_002577", "n": 48, "steps": 3000, "psnr_float": 39.968430592548295, "psnr_8bit": 39.86035166663819, "de00_mean": 0.8564063310623169, "de00_p99": 3.436404228210449, "alive_frac": 1.0, "final_loss": 0.0054695820435881615}
{"lut_id": "e18__e18_002594", "n": 48, "steps": 3000, "psnr_float": 38.27796854720175, "psnr_8bit": 38.20841981276018, "de00_mean": 0.8367977142333984, "de00_p99": 3.3763959407806396, "alive_frac": 1.0, "final_loss": 0.0054695820435881615}
{"lut_id": "e18__e18_002596", "n": 48, "steps": 3000, "psnr_float": 45.99142772972804, "psnr_8bit": 45.57562710064485, "de00_mean": 0.48274123668670654, "de00_p99": 1.8537204265594482, "alive_frac": 1.0, "final_loss": 0.0054695820435881615}
{"lut_id": "e18__e18_002606", "n": 48, "steps": 3000, "psnr_float": 40.76598385041211, "psnr_8bit": 40.633082144554265, "de00_mean": 0.8943644165992737, "de00_p99": 3.587167739868164, "alive_frac": 0.9791666666666666, "final_loss": 0.0054695820435881615}
{"lut_id": "e18__e18_002613", "n": 48, "steps": 3000, "psnr_float": 41.35218574642689, "psnr_8bit": 41.1996642502507, "de00_mean": 0.7549533843994141, "de00_p99": 3.285524368286133, "alive_frac": 1.0, "final_loss": 0.0054695820435881615}
{"lut_id": "e18__e18_002614", "n": 48, "steps": 3000, "psnr_float": 42.80922742463689, "psnr_8bit": 42.60396810091804, "de00_mean": 0.7395490407943726, "de00_p99": 3.678929567337036, "alive_frac": 1.0, "final_loss": 0.0054695820435881615}
{"lut_id": "e18__e18_002625", "n": 48, "steps": 3000, "psnr_float": 37.743297608670446, "psnr_8bit": 37.67613163506237, "de00_mean": 1.0276293754577637, "de00_p99": 5.484228134155273, "alive_frac": 1.0, "final_loss": 0.0054695820435881615}
{"lut_id": "e18__e18_002630", "n": 48, "steps": 3000, "psnr_float": 42.263404887943146, "psnr_8bit": 42.08027124880786, "de00_mean": 0.7028148174285889, "de00_p99": 3.201932191848755, "alive_frac": 1.0, "final_loss": 0.0054695820435881615}
{"lut_id": "e18__e18_002631", "n": 48, "steps": 3000, "psnr_float": 42.20651360818577, "psnr_8bit": 42.02675926261331, "de00_mean": 0.712159276008606, "de00_p99": 2.8833374977111816, "alive_frac": 1.0, "final_loss": 0.0054695820435881615}
{"lut_id": "quandian__quandian_004314", "n": 48, "steps": 3000, "psnr_float": 39.52901972100441, "psnr_8bit": 39.43143421671048, "de00_mean": 0.7256652116775513, "de00_p99": 4.000908374786377, "alive_frac": 1.0, "final_loss": 0.0054695820435881615}
{"lut_id": "quandian__quandian_004317", "n": 48, "steps": 3000, "psnr_float": 37.278254100808155, "psnr_8bit": 37.22124083566454, "de00_mean": 0.7898561954498291, "de00_p99": 3.946855306625366, "alive_frac": 0.9791666666666666, "final_loss": 0.0054695820435881615}
[e1a0] chunk 64: fit 11 LUTs in 93s loss 0.00670 alive [1.0, 1.0, 1.0, 1.0, 0.9791666666666666, 1.0, 1.0, 0.9583333333333334, 1.0, 0.9791666666666666, 1.0]
{"lut_id": "quandian__quandian_004319", "n": 48, "steps": 3000, "psnr_float": 38.306322686929406, "psnr_8bit": 38.23218370849774, "de00_mean": 0.8925002813339233, "de00_p99": 4.471495151519775, "alive_frac": 1.0, "final_loss": 0.0067046103067696095}
{"lut_id": "quandian__quandian_004321", "n": 48, "steps": 3000, "psnr_float": 39.287474614735316, "psnr_8bit": 39.197288640023565, "de00_mean": 0.5749737024307251, "de00_p99": 2.547382116317749, "alive_frac": 1.0, "final_loss": 0.0067046103067696095}
{"lut_id": "quandian__quandian_006461", "n": 48, "steps": 3000, "psnr_float": 37.09241807841248, "psnr_8bit": 37.03719537113717, "de00_mean": 0.8087059259414673, "de00_p99": 2.794347047805786, "alive_frac": 1.0, "final_loss": 0.0067046103067696095}
{"lut_id": "quandian__quandian_006462", "n": 48, "steps": 3000, "psnr_float": 37.99071570934349, "psnr_8bit": 37.92975733917089, "de00_mean": 0.7816161513328552, "de00_p99": 3.386444568634033, "alive_frac": 1.0, "final_loss": 0.0067046103067696095}
{"lut_id": "quandian__quandian_006464", "n": 48, "steps": 3000, "psnr_float": 36.673847811467, "psnr_8bit": 36.61987946365537, "de00_mean": 1.0045515298843384, "de00_p99": 5.2095208168029785, "alive_frac": 0.9791666666666666, "final_loss": 0.0067046103067696095}
{"lut_id": "quandian__quandian_009893", "n": 48, "steps": 3000, "psnr_float": 39.64502709740234, "psnr_8bit": 39.543242783407166, "de00_mean": 0.9154409170150757, "de00_p99": 3.1974527835845947, "alive_frac": 1.0, "final_loss": 0.0067046103067696095}
{"lut_id": "quandian__quandian_009896", "n": 48, "steps": 3000, "psnr_float": 40.80712789059909, "psnr_8bit": 40.68083424868459, "de00_mean": 0.6055154800415039, "de00_p99": 2.547356128692627, "alive_frac": 1.0, "final_loss": 0.0067046103067696095}
{"lut_id": "quandian__quandian_009915", "n": 48, "steps": 3000, "psnr_float": 35.65755013119449, "psnr_8bit": 35.61929693196353, "de00_mean": 1.134788990020752, "de00_p99": 5.145218849182129, "alive_frac": 0.9583333333333334, "final_loss": 0.0067046103067696095}
{"lut_id": "quandian__quandian_011990", "n": 48, "steps": 3000, "psnr_float": 39.61444916176381, "psnr_8bit": 39.515916628805634, "de00_mean": 0.6190928816795349, "de00_p99": 3.072082757949829, "alive_frac": 1.0, "final_loss": 0.0067046103067696095}
{"lut_id": "quandian__quandian_011993", "n": 48, "steps": 3000, "psnr_float": 40.55556494543522, "psnr_8bit": 40.43971994965872, "de00_mean": 0.3639160990715027, "de00_p99": 1.4582650661468506, "alive_frac": 0.9791666666666666, "final_loss": 0.0067046103067696095}
{"lut_id": "quandian__quandian_011995", "n": 48, "steps": 3000, "psnr_float": 43.34962627471235, "psnr_8bit": 43.11750782378091, "de00_mean": 0.4390191435813904, "de00_p99": 1.592629313468933, "alive_frac": 1.0, "final_loss": 0.0067046103067696095}
{
 "exp": "A0_gap_hypA_e1_engine",
 "n_gaussians": 48,
 "steps": 3000,
 "n_luts": 75,
 "eval_part": "evalsub_2^21",
 "psnr_float_mean": 43.47998804193831,
 "psnr_float_std": 3.544002223320941,
 "psnr_8bit_mean": 43.15291333716194,
 "psnr_min": 35.65755013119449,
 "psnr_p10": 38.696690626799686,
 "de00_mean_over_luts": 0.6218502273162206,
 "de00_p50": 0.6154838800430298,
 "de00_p90": 0.8485628843307497,
 "alive_frac_mean": 0.9966666666666668,
 "anchor": {
  "psnr_db": 45.47,
  "de00": 0.41
 },
 "git_commit": "0e5d04a71b1b8fc1bd7124d888b2755e67f7a333",
 "args": {
  "lut_list": "experiments/A0_glut_repro_20260803/config/a0_luts_75.txt",
  "outdir": "experiments/A0_glut_repro_20260803/hypA",
  "n": 48,
  "steps": 3000,
  "bs": 8192,
  "lr": 0.005,
  "batch_luts": 16,
  "seed": 0,
  "de_workers": 8,
  "tag": "e1_on_a0_N48"
 }
}
E1_ON_A0_DONE
[e1a0] 75 LUTs, N=64, steps=3000
[e1a0] chunk 0: fit 16 LUTs in 188s loss 0.00358 alive [0.9375, 1.0, 1.0, 1.0, 0.96875, 1.0, 1.0, 1.0, 1.0, 1.0, 1.0, 1.0, 1.0, 1.0, 0.984375, 1.0]
{"lut_id": "e18__e18_000902", "n": 64, "steps": 3000, "psnr_float": 48.79806778223168, "psnr_8bit": 48.12533855157543, "de00_mean": 0.24439939856529236, "de00_p99": 1.5238028764724731, "alive_frac": 0.9375, "final_loss": 0.00357613991945982}
{"lut_id": "e18__e18_000965", "n": 64, "steps": 3000, "psnr_float": 47.29768250052875, "psnr_8bit": 46.77125015277072, "de00_mean": 0.5088047385215759, "de00_p99": 2.567631244659424, "alive_frac": 1.0, "final_loss": 0.00357613991945982}
{"lut_id": "e18__e18_000980", "n": 64, "steps": 3000, "psnr_float": 44.6521375384389, "psnr_8bit": 44.34510811460105, "de00_mean": 0.6036421060562134, "de00_p99": 2.1883978843688965, "alive_frac": 1.0, "final_loss": 0.00357613991945982}
{"lut_id": "e18__e18_000993", "n": 64, "steps": 3000, "psnr_float": 45.34052657156036, "psnr_8bit": 44.98337331275701, "de00_mean": 0.5551363229751587, "de00_p99": 2.1096179485321045, "alive_frac": 1.0, "final_loss": 0.00357613991945982}
{"lut_id": "e18__e18_000998", "n": 64, "steps": 3000, "psnr_float": 44.04834574313965, "psnr_8bit": 43.78123856013187, "de00_mean": 0.5752397775650024, "de00_p99": 2.28554630279541, "alive_frac": 0.96875, "final_loss": 0.00357613991945982}
{"lut_id": "e18__e18_001000", "n": 64, "steps": 3000, "psnr_float": 47.41632507390703, "psnr_8bit": 46.86506796380687, "de00_mean": 0.4721404016017914, "de00_p99": 1.8398107290267944, "alive_frac": 1.0, "final_loss": 0.00357613991945982}
{"lut_id": "e18__e18_001001", "n": 64, "steps": 3000, "psnr_float": 43.73957330938252, "psnr_8bit": 43.48695975762087, "de00_mean": 0.6027246713638306, "de00_p99": 2.554931879043579, "alive_frac": 1.0, "final_loss": 0.00357613991945982}
{"lut_id": "e18__e18_001006", "n": 64, "steps": 3000, "psnr_float": 42.49548079932544, "psnr_8bit": 42.301367362643475, "de00_mean": 0.6778901219367981, "de00_p99": 2.7297751903533936, "alive_frac": 1.0, "final_loss": 0.00357613991945982}
{"lut_id": "e18__e18_001017", "n": 64, "steps": 3000, "psnr_float": 44.12319963733641, "psnr_8bit": 43.8421910308772, "de00_mean": 0.5110495686531067, "de00_p99": 1.9249792098999023, "alive_frac": 1.0, "final_loss": 0.00357613991945982}
{"lut_id": "e18__e18_001018", "n": 64, "steps": 3000, "psnr_float": 43.52238544159229, "psnr_8bit": 43.280695548161475, "de00_mean": 0.6136259436607361, "de00_p99": 2.661844491958618, "alive_frac": 1.0, "final_loss": 0.00357613991945982}
{"lut_id": "e18__e18_001474", "n": 64, "steps": 3000, "psnr_float": 44.90607552305094, "psnr_8bit": 44.57633979203112, "de00_mean": 0.6294673681259155, "de00_p99": 2.408090591430664, "alive_frac": 1.0, "final_loss": 0.00357613991945982}
{"lut_id": "e18__e18_001487", "n": 64, "steps": 3000, "psnr_float": 46.713071172318934, "psnr_8bit": 46.22673084473512, "de00_mean": 0.4694144129753113, "de00_p99": 1.806948184967041, "alive_frac": 1.0, "final_loss": 0.00357613991945982}
{"lut_id": "e18__e18_001493", "n": 64, "steps": 3000, "psnr_float": 50.48344557254231, "psnr_8bit": 49.41438147749465, "de00_mean": 0.2749471664428711, "de00_p99": 1.101656198501587, "alive_frac": 1.0, "final_loss": 0.00357613991945982}
{"lut_id": "e18__e18_001502", "n": 64, "steps": 3000, "psnr_float": 45.37317482543951, "psnr_8bit": 45.00529348017011, "de00_mean": 0.48626598715782166, "de00_p99": 1.8572206497192383, "alive_frac": 1.0, "final_loss": 0.00357613991945982}
{"lut_id": "e18__e18_001504", "n": 64, "steps": 3000, "psnr_float": 44.88679605298906, "psnr_8bit": 44.559335457177056, "de00_mean": 0.5908175706863403, "de00_p99": 2.795714855194092, "alive_frac": 0.984375, "final_loss": 0.00357613991945982}
{"lut_id": "e18__e18_001509", "n": 64, "steps": 3000, "psnr_float": 45.88242436528994, "psnr_8bit": 45.471559558662015, "de00_mean": 0.4275710880756378, "de00_p99": 1.80446195602417, "alive_frac": 1.0, "final_loss": 0.00357613991945982}
[e1a0] chunk 16: fit 16 LUTs in 188s loss 0.00356 alive [1.0, 1.0, 1.0, 1.0, 1.0, 1.0, 1.0, 1.0, 1.0, 1.0, 1.0, 1.0, 1.0, 0.984375, 1.0, 0.984375]
{"lut_id": "e18__e18_001511", "n": 64, "steps": 3000, "psnr_float": 45.79890662363718, "psnr_8bit": 45.40156077046025, "de00_mean": 0.4788312613964081, "de00_p99": 2.084256410598755, "alive_frac": 1.0, "final_loss": 0.0035576890222728252}
{"lut_id": "e18__e18_001514", "n": 64, "steps": 3000, "psnr_float": 47.46819636643748, "psnr_8bit": 46.89870620049536, "de00_mean": 0.5124679803848267, "de00_p99": 2.3094065189361572, "alive_frac": 1.0, "final_loss": 0.0035576890222728252}
{"lut_id": "e18__e18_001531", "n": 64, "steps": 3000, "psnr_float": 46.10195262987872, "psnr_8bit": 45.66989979476179, "de00_mean": 0.36615973711013794, "de00_p99": 1.501905918121338, "alive_frac": 1.0, "final_loss": 0.0035576890222728252}
{"lut_id": "e18__e18_001603", "n": 64, "steps": 3000, "psnr_float": 47.731962344659436, "psnr_8bit": 47.14081528802653, "de00_mean": 0.42846250534057617, "de00_p99": 1.9936366081237793, "alive_frac": 1.0, "final_loss": 0.0035576890222728252}
{"lut_id": "e18__e18_001608", "n": 64, "steps": 3000, "psnr_float": 45.76122760531271, "psnr_8bit": 45.361739233784476, "de00_mean": 0.5318762063980103, "de00_p99": 2.0533204078674316, "alive_frac": 1.0, "final_loss": 0.0035576890222728252}
{"lut_id": "e18__e18_001613", "n": 64, "steps": 3000, "psnr_float": 44.77729112499128, "psnr_8bit": 44.46113413967215, "de00_mean": 0.4754813313484192, "de00_p99": 1.833130121231079, "alive_frac": 1.0, "final_loss": 0.0035576890222728252}
{"lut_id": "e18__e18_001615", "n": 64, "steps": 3000, "psnr_float": 44.81629447064941, "psnr_8bit": 44.49352372348824, "de00_mean": 0.5823628902435303, "de00_p99": 2.265636682510376, "alive_frac": 1.0, "final_loss": 0.0035576890222728252}
{"lut_id": "e18__e18_001617", "n": 64, "steps": 3000, "psnr_float": 45.25590450215142, "psnr_8bit": 44.89948426908004, "de00_mean": 0.6135385036468506, "de00_p99": 2.4830634593963623, "alive_frac": 1.0, "final_loss": 0.0035576890222728252}
{"lut_id": "e18__e18_001623", "n": 64, "steps": 3000, "psnr_float": 45.279588664381706, "psnr_8bit": 44.921054262039476, "de00_mean": 0.4603921175003052, "de00_p99": 2.019242286682129, "alive_frac": 1.0, "final_loss": 0.0035576890222728252}
{"lut_id": "e18__e18_001631", "n": 64, "steps": 3000, "psnr_float": 48.739573952199535, "psnr_8bit": 47.99717537248128, "de00_mean": 0.42351675033569336, "de00_p99": 1.8354754447937012, "alive_frac": 1.0, "final_loss": 0.0035576890222728252}
{"lut_id": "e18__e18_001634", "n": 64, "steps": 3000, "psnr_float": 44.32675800814829, "psnr_8bit": 44.03671099117285, "de00_mean": 0.49102848768234253, "de00_p99": 2.1134650707244873, "alive_frac": 1.0, "final_loss": 0.0035576890222728252}
{"lut_id": "e18__e18_001635", "n": 64, "steps": 3000, "psnr_float": 45.15270674494602, "psnr_8bit": 44.80642684354719, "de00_mean": 0.5725063681602478, "de00_p99": 2.275031328201294, "alive_frac": 1.0, "final_loss": 0.0035576890222728252}
{"lut_id": "e18__e18_001647", "n": 64, "steps": 3000, "psnr_float": 44.406889068729356, "psnr_8bit": 44.115081881244805, "de00_mean": 0.5619556903839111, "de00_p99": 2.1549863815307617, "alive_frac": 1.0, "final_loss": 0.0035576890222728252}
{"lut_id": "e18__e18_001650", "n": 64, "steps": 3000, "psnr_float": 44.69322955343814, "psnr_8bit": 44.381248809805015, "de00_mean": 0.5687570571899414, "de00_p99": 2.157543659210205, "alive_frac": 0.984375, "final_loss": 0.0035576890222728252}
{"lut_id": "e18__e18_001651", "n": 64, "steps": 3000, "psnr_float": 45.67782119829989, "psnr_8bit": 45.29069951332936, "de00_mean": 0.6082862615585327, "de00_p99": 2.384244441986084, "alive_frac": 1.0, "final_loss": 0.0035576890222728252}
{"lut_id": "e18__e18_001652", "n": 64, "steps": 3000, "psnr_float": 43.27343095660084, "psnr_8bit": 43.04762224732312, "de00_mean": 0.6417061686515808, "de00_p99": 2.9605202674865723, "alive_frac": 0.984375, "final_loss": 0.0035576890222728252}
[e1a0] chunk 32: fit 16 LUTs in 185s loss 0.00298 alive [1.0, 1.0, 1.0, 1.0, 1.0, 1.0, 1.0, 1.0, 1.0, 1.0, 1.0, 1.0, 1.0, 1.0, 1.0, 1.0]
{"lut_id": "e18__e18_001654", "n": 64, "steps": 3000, "psnr_float": 46.02299763040317, "psnr_8bit": 45.598012636740506, "de00_mean": 0.5210590362548828, "de00_p99": 2.0083696842193604, "alive_frac": 1.0, "final_loss": 0.0029792224522680044}
{"lut_id": "e18__e18_001937", "n": 64, "steps": 3000, "psnr_float": 45.86369243955985, "psnr_8bit": 45.4524562220806, "de00_mean": 0.40984395146369934, "de00_p99": 1.6497193574905396, "alive_frac": 1.0, "final_loss": 0.0029792224522680044}
{"lut_id": "e18__e18_001938", "n": 64, "steps": 3000, "psnr_float": 45.81573949623497, "psnr_8bit": 45.42014816317605, "de00_mean": 0.5340627431869507, "de00_p99": 2.3054604530334473, "alive_frac": 1.0, "final_loss": 0.0029792224522680044}
{"lut_id": "e18__e18_001943", "n": 64, "steps": 3000, "psnr_float": 49.298964024253856, "psnr_8bit": 48.471391801424275, "de00_mean": 0.33200803399086, "de00_p99": 1.2972651720046997, "alive_frac": 1.0, "final_loss": 0.0029792224522680044}
{"lut_id": "e18__e18_001946", "n": 64, "steps": 3000, "psnr_float": 45.277227251101415, "psnr_8bit": 44.92413234204924, "de00_mean": 0.5043343305587769, "de00_p99": 2.0234453678131104, "alive_frac": 1.0, "final_loss": 0.0029792224522680044}
{"lut_id": "e18__e18_001949", "n": 64, "steps": 3000, "psnr_float": 45.50207306186377, "psnr_8bit": 45.122566045323545, "de00_mean": 0.5161440372467041, "de00_p99": 1.9792218208312988, "alive_frac": 1.0, "final_loss": 0.0029792224522680044}
{"lut_id": "e18__e18_001951", "n": 64, "steps": 3000, "psnr_float": 46.152687454759345, "psnr_8bit": 45.72150762989964, "de00_mean": 0.5723633766174316, "de00_p99": 2.2290215492248535, "alive_frac": 1.0, "final_loss": 0.0029792224522680044}
{"lut_id": "e18__e18_001953", "n": 64, "steps": 3000, "psnr_float": 47.51892809202229, "psnr_8bit": 46.93898285445968, "de00_mean": 0.3345240354537964, "de00_p99": 1.3020597696304321, "alive_frac": 1.0, "final_loss": 0.0029792224522680044}
{"lut_id": "e18__e18_001957", "n": 64, "steps": 3000, "psnr_float": 47.43069768939975, "psnr_8bit": 46.863823579044926, "de00_mean": 0.43242964148521423, "de00_p99": 1.8204975128173828, "alive_frac": 1.0, "final_loss": 0.0029792224522680044}
{"lut_id": "e18__e18_001959", "n": 64, "steps": 3000, "psnr_float": 46.16913231720811, "psnr_8bit": 45.73737483410418, "de00_mean": 0.351259708404541, "de00_p99": 1.2480603456497192, "alive_frac": 1.0, "final_loss": 0.0029792224522680044}
{"lut_id": "e18__e18_001961", "n": 64, "steps": 3000, "psnr_float": 46.15270393500361, "psnr_8bit": 45.72102725296058, "de00_mean": 0.484713077545166, "de00_p99": 1.9364560842514038, "alive_frac": 1.0, "final_loss": 0.0029792224522680044}
{"lut_id": "e18__e18_001962", "n": 64, "steps": 3000, "psnr_float": 47.65162000695098, "psnr_8bit": 47.05272980965444, "de00_mean": 0.435353547334671, "de00_p99": 1.6698590517044067, "alive_frac": 1.0, "final_loss": 0.0029792224522680044}
{"lut_id": "e18__e18_001963", "n": 64, "steps": 3000, "psnr_float": 50.39252146562043, "psnr_8bit": 49.34845527448133, "de00_mean": 0.31670838594436646, "de00_p99": 1.1553575992584229, "alive_frac": 1.0, "final_loss": 0.0029792224522680044}
{"lut_id": "e18__e18_001969", "n": 64, "steps": 3000, "psnr_float": 46.63597879981726, "psnr_8bit": 46.156235268628514, "de00_mean": 0.4761366546154022, "de00_p99": 1.7715641260147095, "alive_frac": 1.0, "final_loss": 0.0029792224522680044}
{"lut_id": "e18__e18_001970", "n": 64, "steps": 3000, "psnr_float": 47.54591456203029, "psnr_8bit": 46.962357469290986, "de00_mean": 0.4106663763523102, "de00_p99": 1.6462749242782593, "alive_frac": 1.0, "final_loss": 0.0029792224522680044}
{"lut_id": "e18__e18_001979", "n": 64, "steps": 3000, "psnr_float": 54.12289629729479, "psnr_8bit": 52.048895946909155, "de00_mean": 0.23076796531677246, "de00_p99": 0.8642524480819702, "alive_frac": 1.0, "final_loss": 0.0029792224522680044}
[e1a0] chunk 48: fit 16 LUTs in 189s loss 0.00480 alive [1.0, 1.0, 1.0, 1.0, 0.96875, 1.0, 1.0, 1.0, 1.0, 1.0, 1.0, 1.0, 1.0, 1.0, 1.0, 1.0]
{"lut_id": "e18__e18_002049", "n": 64, "steps": 3000, "psnr_float": 56.00357505154625, "psnr_8bit": 53.11415620928413, "de00_mean": 0.14616084098815918, "de00_p99": 0.5125565528869629, "alive_frac": 1.0, "final_loss": 0.004797728732228279}
{"lut_id": "e18__e18_002055", "n": 64, "steps": 3000, "psnr_float": 40.85627210391167, "psnr_8bit": 40.730897226330754, "de00_mean": 0.6558728218078613, "de00_p99": 3.4136171340942383, "alive_frac": 1.0, "final_loss": 0.004797728732228279}
{"lut_id": "e18__e18_002056", "n": 64, "steps": 3000, "psnr_float": 48.02744676198306, "psnr_8bit": 47.399930734064995, "de00_mean": 0.29637134075164795, "de00_p99": 1.897739291191101, "alive_frac": 1.0, "final_loss": 0.004797728732228279}
{"lut_id": "e18__e18_002574", "n": 64, "steps": 3000, "psnr_float": 41.54022986716125, "psnr_8bit": 41.38742039119239, "de00_mean": 0.7765915393829346, "de00_p99": 2.9012680053710938, "alive_frac": 1.0, "final_loss": 0.004797728732228279}
{"lut_id": "e18__e18_002575", "n": 64, "steps": 3000, "psnr_float": 41.993225265000085, "psnr_8bit": 41.820869456553346, "de00_mean": 0.7035150527954102, "de00_p99": 2.734347343444824, "alive_frac": 0.96875, "final_loss": 0.004797728732228279}
{"lut_id": "e18__e18_002577", "n": 64, "steps": 3000, "psnr_float": 41.148601439346905, "psnr_8bit": 41.00655342807707, "de00_mean": 0.7300399541854858, "de00_p99": 2.9570181369781494, "alive_frac": 1.0, "final_loss": 0.004797728732228279}
{"lut_id": "e18__e18_002594", "n": 64, "steps": 3000, "psnr_float": 39.277496834313055, "psnr_8bit": 39.191212841688234, "de00_mean": 0.7334087491035461, "de00_p99": 3.190157651901245, "alive_frac": 1.0, "final_loss": 0.004797728732228279}
{"lut_id": "e18__e18_002596", "n": 64, "steps": 3000, "psnr_float": 47.14980974236817, "psnr_8bit": 46.61644221879256, "de00_mean": 0.4248191714286804, "de00_p99": 1.6814109086990356, "alive_frac": 1.0, "final_loss": 0.004797728732228279}
{"lut_id": "e18__e18_002606", "n": 64, "steps": 3000, "psnr_float": 41.81870860799977, "psnr_8bit": 41.65039602603444, "de00_mean": 0.7948577404022217, "de00_p99": 2.871293306350708, "alive_frac": 1.0, "final_loss": 0.004797728732228279}
{"lut_id": "e18__e18_002613", "n": 64, "steps": 3000, "psnr_float": 41.75996021773996, "psnr_8bit": 41.59592185757408, "de00_mean": 0.7156063318252563, "de00_p99": 3.0701098442077637, "alive_frac": 1.0, "final_loss": 0.004797728732228279}
{"lut_id": "e18__e18_002614", "n": 64, "steps": 3000, "psnr_float": 43.68788587714812, "psnr_8bit": 43.43804609036209, "de00_mean": 0.637546181678772, "de00_p99": 3.1613876819610596, "alive_frac": 1.0, "final_loss": 0.004797728732228279}
{"lut_id": "e18__e18_002625", "n": 64, "steps": 3000, "psnr_float": 38.92790940006656, "psnr_8bit": 38.83967179901701, "de00_mean": 0.9141852855682373, "de00_p99": 4.487943649291992, "alive_frac": 1.0, "final_loss": 0.004797728732228279}
{"lut_id": "e18__e18_002630", "n": 64, "steps": 3000, "psnr_float": 43.62265413244039, "psnr_8bit": 43.375814667818524, "de00_mean": 0.5960649251937866, "de00_p99": 2.618417739868164, "alive_frac": 1.0, "final_loss": 0.004797728732228279}
{"lut_id": "e18__e18_002631", "n": 64, "steps": 3000, "psnr_float": 43.378237832422215, "psnr_8bit": 43.14400217431731, "de00_mean": 0.6282565593719482, "de00_p99": 2.5144174098968506, "alive_frac": 1.0, "final_loss": 0.004797728732228279}
{"lut_id": "quandian__quandian_004314", "n": 64, "steps": 3000, "psnr_float": 40.58930247053291, "psnr_8bit": 40.4662407761807, "de00_mean": 0.6195462942123413, "de00_p99": 2.9526193141937256, "alive_frac": 1.0, "final_loss": 0.004797728732228279}
{"lut_id": "quandian__quandian_004317", "n": 64, "steps": 3000, "psnr_float": 38.9315431110387, "psnr_8bit": 38.84780263711662, "de00_mean": 0.6693800687789917, "de00_p99": 3.091289520263672, "alive_frac": 1.0, "final_loss": 0.004797728732228279}
[e1a0] chunk 64: fit 11 LUTs in 131s loss 0.00607 alive [1.0, 0.984375, 1.0, 1.0, 0.96875, 0.984375, 1.0, 0.984375, 1.0, 1.0, 0.984375]
{"lut_id": "quandian__quandian_004319", "n": 64, "steps": 3000, "psnr_float": 39.630364684105174, "psnr_8bit": 39.53131787162044, "de00_mean": 0.7611027956008911, "de00_p99": 4.005467891693115, "alive_frac": 1.0, "final_loss": 0.006065516732633114}
{"lut_id": "quandian__quandian_004321", "n": 64, "steps": 3000, "psnr_float": 40.26802015364426, "psnr_8bit": 40.15607862768234, "de00_mean": 0.4827297329902649, "de00_p99": 2.160285472869873, "alive_frac": 0.984375, "final_loss": 0.006065516732633114}
{"lut_id": "quandian__quandian_006461", "n": 64, "steps": 3000, "psnr_float": 37.482326828680115, "psnr_8bit": 37.42251739911471, "de00_mean": 0.756885826587677, "de00_p99": 2.61932635307312, "alive_frac": 1.0, "final_loss": 0.006065516732633114}
{"lut_id": "quandian__quandian_006462", "n": 64, "steps": 3000, "psnr_float": 38.86197782939785, "psnr_8bit": 38.787003317994845, "de00_mean": 0.7448645234107971, "de00_p99": 3.3575477600097656, "alive_frac": 1.0, "final_loss": 0.006065516732633114}
{"lut_id": "quandian__quandian_006464", "n": 64, "steps": 3000, "psnr_float": 38.55478358695448, "psnr_8bit": 38.469124873525104, "de00_mean": 0.8524497151374817, "de00_p99": 4.213164329528809, "alive_frac": 0.96875, "final_loss": 0.006065516732633114}
{"lut_id": "quandian__quandian_009893", "n": 64, "steps": 3000, "psnr_float": 40.429536143622414, "psnr_8bit": 40.30773579352085, "de00_mean": 0.8399417400360107, "de00_p99": 2.907982110977173, "alive_frac": 0.984375, "final_loss": 0.006065516732633114}
{"lut_id": "quandian__quandian_009896", "n": 64, "steps": 3000, "psnr_float": 41.39378025993804, "psnr_8bit": 41.24969770960238, "de00_mean": 0.5740270018577576, "de00_p99": 2.2186341285705566, "alive_frac": 1.0, "final_loss": 0.006065516732633114}
{"lut_id": "quandian__quandian_009915", "n": 64, "steps": 3000, "psnr_float": 36.55278844930148, "psnr_8bit": 36.50601144223024, "de00_mean": 1.0142110586166382, "de00_p99": 4.681741714477539, "alive_frac": 0.984375, "final_loss": 0.006065516732633114}
{"lut_id": "quandian__quandian_011990", "n": 64, "steps": 3000, "psnr_float": 40.31970232642736, "psnr_8bit": 40.20409072689382, "de00_mean": 0.5786712765693665, "de00_p99": 3.1437153816223145, "alive_frac": 1.0, "final_loss": 0.006065516732633114}
{"lut_id": "quandian__quandian_011993", "n": 64, "steps": 3000, "psnr_float": 41.64615686716259, "psnr_8bit": 41.50079563185065, "de00_mean": 0.3463091254234314, "de00_p99": 1.4805887937545776, "alive_frac": 1.0, "final_loss": 0.006065516732633114}
{"lut_id": "quandian__quandian_011995", "n": 64, "steps": 3000, "psnr_float": 43.90942573438735, "psnr_8bit": 43.64956816586135, "de00_mean": 0.39955443143844604, "de00_p99": 1.5136992931365967, "alive_frac": 0.984375, "final_loss": 0.006065516732633114}
{
 "exp": "A0_gap_hypA_e1_engine",
 "n_gaussians": 64,
 "steps": 3000,
 "n_luts": 75,
 "eval_part": "evalsub_2^21",
 "psnr_float_mean": 44.59007922434266,
 "psnr_float_std": 3.5149886248083537,
 "psnr_8bit_mean": 44.18544708707275,
 "psnr_min": 36.55278844930148,
 "psnr_p10": 39.88542687192081,
 "de00_mean_over_luts": 0.5442108126481374,
 "de00_p50": 0.5340627431869507,
 "de00_p90": 0.7520773053169252,
 "alive_frac_mean": 0.9964583333333333,
 "anchor": {
  "psnr_db": 45.47,
  "de00": 0.41
 },
 "git_commit": "0e5d04a71b1b8fc1bd7124d888b2755e67f7a333",
 "args": {
  "lut_list": "experiments/A0_glut_repro_20260803/config/a0_luts_75.txt",
  "outdir": "experiments/A0_glut_repro_20260803/hypA",
  "n": 64,
  "steps": 3000,
  "bs": 8192,
  "lr": 0.005,
  "batch_luts": 16,
  "seed": 0,
  "de_workers": 8,
  "tag": "e1_on_a0_N64"
 }
}
E1_ON_A0_DONE
[ablate] 9 LUTs, arms=hc_cal,full_fix,hc_w1, epochs=20
[ablate] hc_cal: PSNR 42.512 dB  dE00 0.7264  alive 0.854  gspike100x 0  (796s)
[ablate] full_fix: PSNR 43.030 dB  dE00 0.7641  alive 0.865  gspike100x 0  (878s)
[ablate] hc_w1: PSNR 39.509 dB  dE00 0.9034  alive 0.931  gspike100x 8  (821s)
ABLATE_DONE
WAVE3_DONE
