[donor] pool=64
[real] 25 done, 16s, median delta=8.529
[real] 50 done, 33s, median delta=6.620
[real] 75 done, 50s, median delta=7.188
[real] 100 done, 71s, median delta=7.095
[real] 125 done, 90s, median delta=7.282
[real] 150 done, 109s, median delta=7.229
[real] 175 done, 130s, median delta=6.718
[real] 200 done, 148s, median delta=6.980
[real] 225 done, 167s, median delta=7.002
[real] 250 done, 186s, median delta=6.918
[real] 275 done, 204s, median delta=6.708
[real] 300 done, 222s, median delta=6.642
[real] 325 done, 241s, median delta=6.660
[real] 350 done, 259s, median delta=6.702
[real] 375 done, 278s, median delta=6.708
[real] 400 done, 299s, median delta=6.713
[real] 425 done, 319s, median delta=6.708
[real] 450 done, 339s, median delta=6.731
[real] 475 done, 357s, median delta=6.718
[real] 500 done, 375s, median delta=6.713
[real] 525 done, 394s, median delta=6.745
[real] 550 done, 412s, median delta=6.791
[real] 575 done, 431s, median delta=6.787
[real] 600 done, 449s, median delta=6.835
{
  "track": "real",
  "n": 600,
  "delta": {
    "n": 600,
    "mean": 6.961821826207397,
    "median": 6.835063585655936,
    "p10": 2.5826302592876034,
    "p90": 11.524374491164986,
    "min": 0.07982924714691819,
    "max": 15.655952112031361,
    "std": 3.3567176093103117
  },
  "delta_arm": {
    "n": 600,
    "mean": 7.857560306804379,
    "median": 7.969169108808286,
    "p10": 2.991945760807976,
    "p90": 12.68831803741323,
    "min": 0.16326157191701895,
    "max": 17.781091976142637,
    "std": 3.6006915292229236
  },
  "delta_cv": {
    "n": 600,
    "mean": 5.633387970874198,
    "median": 5.2782693735901685,
    "p10": 1.4411688310372361,
    "p90": 10.002938276722539,
    "min": -0.06649820034952825,
    "max": 14.98036392321523,
    "std": 3.3057785557006616
  },
  "delta_arm_cv": {
    "n": 600,
    "mean": 5.850709740542704,
    "median": 5.513067896401122,
    "p10": 1.4814454645454902,
    "p90": 10.58097635438959,
    "min": -0.02152446009426967,
    "max": 15.433306534988574,
    "std": 3.3773004668967124
  },
  "delta_donor": {
    "n": 600,
    "mean": 1.1222538069602268,
    "median": 0.7757116839398357,
    "p10": 0.13764782566487774,
    "p90": 2.460192927625352,
    "min": 0.012847083145224758,
    "max": 9.270959218477351,
    "std": 1.1930512115421343
  },
  "delta_arm_donor": {
    "n": 600,
    "mean": 1.195153034914014,
    "median": 0.8080028158660024,
    "p10": 0.15056064172971767,
    "p90": 2.5345168782366856,
    "min": 0.012366556759019431,
    "max": 9.287523743609711,
    "std": 1.2649422489120556
  },
  "delta_const": {
    "n": 600,
    "mean": -2.502684672833766e-09,
    "median": 0.0,
    "p10": 0.0,
    "p90": 0.0,
    "min": -1.676781788972903e-06,
    "max": 8.531209445550303e-07,
    "std": 1.0958680749271659e-07
  },
  "delta_arm_const": {
    "n": 600,
    "mean": 0.0,
    "median": 0.0,
    "p10": 0.0,
    "p90": 0.0,
    "min": 0.0,
    "max": 0.0,
    "std": 0.0
  },
  "delta_alt": {
    "n": 600,
    "mean": 7.738979365226547,
    "median": 7.8618864296333335,
    "p10": 3.074129120261155,
    "p90": 12.471715457469625,
    "min": 0.13995778206305687,
    "max": 17.168430389506366,
    "std": 3.4917811783283876
  },
  "delta_arm_alt": {
    "n": 600,
    "mean": 8.00513784805025,
    "median": 8.111650884691896,
    "p10": 3.189168565220529,
    "p90": 12.773688830999701,
    "min": 0.17507035704831253,
    "max": 17.730638816450725,
    "std": 3.576856215470705
  },
  "delta_constest": {
    "n": 600,
    "mean": 5.922863879796674,
    "median": 5.710621229315816,
    "p10": 1.7394098422872595,
    "p90": 10.30054587550754,
    "min": 0.04239800330088883,
    "max": 15.828159917114267,
    "std": 3.249866517199732
  },
  "delta_arm_constest": {
    "n": 600,
    "mean": 6.414366632898498,
    "median": 6.178377570406113,
    "p10": 1.6712245469819522,
    "p90": 11.253384460648395,
    "min": -0.29153828099795476,
    "max": 16.1801206467817,
    "std": 3.526637425631665
  },
  "psnr_3d": {
    "n": 600,
    "mean": 32.81163871392548,
    "median": 32.86293433901383,
    "p10": 25.488181696980853,
    "p90": 39.981208216929446,
    "min": 16.235906982839627,
    "max": 49.275070789496226,
    "std": 5.493850882837493
  },
  "psnr_4d": {
    "n": 600,
    "mean": 39.77346054013289,
    "median": 39.86867871324041,
    "p10": 35.02995579704267,
    "p90": 44.40037740924832,
    "min": 28.60640840816341,
    "max": 49.68436346518288,
    "std": 3.7501486849675234
  },
  "psnr_4d_arm": {
    "n": 600,
    "mean": 40.66919902072986,
    "median": 40.815746292047386,
    "p10": 36.05837953005279,
    "p90": 44.75125093481833,
    "min": 29.11364335613205,
    "max": 49.870448417074506,
    "std": 3.462888928671143
  },
  "psnr_id": {
    "n": 600,
    "mean": 25.321393065171627,
    "median": 25.27288224503777,
    "p10": 18.389420879191036,
    "p90": 32.732394478658996,
    "min": 9.833930113046511,
    "max": 44.829921256331886,
    "std": 5.416679450965864
  },
  "psnr_3d_constest": {
    "n": 600,
    "mean": 31.629490784160723,
    "median": 31.865569224431773,
    "p10": 24.89762834801296,
    "p90": 37.675195149524136,
    "min": 15.879911133382507,
    "max": 43.390294482201554,
    "std": 4.9044718593501635
  },
  "psnr_4d_constest": {
    "n": 600,
    "mean": 37.552354663957395,
    "median": 37.7933015341078,
    "p10": 33.92815854890035,
    "p90": 40.96998564147354,
    "min": 26.846859932544277,
    "max": 44.7200087410674,
    "std": 2.9227826354156967
  },
  "n_s_buckets": {
    "n": 600,
    "mean": 3.6733333333333333,
    "median": 4.0,
    "p10": 2.0,
    "p90": 5.0,
    "min": 2.0,
    "max": 7.0,
    "std": 1.2041410031867346
  },
  "frac_refined": {
    "n": 600,
    "mean": 0.9937206899126371,
    "median": 0.9961002767086029,
    "p10": 0.984882241487503,
    "p90": 0.9992168307304382,
    "min": 0.9580809473991394,
    "max": 1.0,
    "std": 0.006394426300476579
  },
  "moran_i": {
    "n": 600,
    "mean": 0.9603036557694374,
    "median": 0.976497709964979,
    "p10": 0.9119246393059759,
    "p90": 0.9947969802965803,
    "min": 0.5812227247817823,
    "max": 0.999586673445628,
    "std": 0.04982024935813432
  },
  "blur_drop": {
    "n": 600,
    "mean": 0.05627274887012418,
    "median": 0.03031851173492972,
    "p10": 0.006589319193107369,
    "p90": 0.12263992481022064,
    "min": 0.0008687733554351151,
    "max": 0.7001318881501877,
    "std": 0.08476085088117129
  },
  "spearman_delta_vs_alt": 0.97709643637899,
  "delta_minus_donor": {
    "n": 600,
    "mean": 5.83956801924717,
    "median": 5.619142703688759,
    "p10": 1.7111927749216456,
    "p90": 10.134166369906126,
    "min": -0.4878052330362408,
    "max": 15.252526952308102,
    "std": 3.271331874945896
  },
  "delta_arm_minus_donor": {
    "n": 600,
    "mean": 6.662407271890364,
    "median": 6.595025255682167,
    "p10": 2.039737148348556,
    "p90": 11.65062203046473,
    "min": -0.5283905645198885,
    "max": 16.45169412552035,
    "std": 3.543791051929182
  },
  "spearman_delta_arm_vs_alt": 0.9982059950166527,
  "by_pool": {
    "awards": {
      "n": 174,
      "delta": {
        "n": 174,
        "mean": 6.755638032935994,
        "median": 6.806948531660719,
        "p10": 2.1066442333524833,
        "p90": 10.828128807174037,
        "min": 0.07982924714691819,
        "max": 15.476017727745077,
        "std": 3.3701595924488164
      },
      "delta_arm": {
        "n": 174,
        "mean": 7.572834090594694,
        "median": 7.867497552966043,
        "p10": 2.539488329818623,
        "p90": 12.420585157030095,
        "min": 0.16326157191701895,
        "max": 15.862326287173179,
        "std": 3.549349736603274
      }
    },
    "korean": {
      "n": 35,
      "delta": {
        "n": 35,
        "mean": 7.06170946512772,
        "median": 7.300040897341713,
        "p10": 3.758088426990838,
        "p90": 10.627006270672789,
        "min": 1.0882080066911541,
        "max": 12.857092436490646,
        "std": 2.8162468369006692
      },
      "delta_arm": {
        "n": 35,
        "mean": 8.16254625814284,
        "median": 8.0310537134655,
        "p10": 4.35829841555122,
        "p90": 12.469772255961347,
        "min": 1.7674448456191527,
        "max": 14.913134163977904,
        "std": 3.2467176790771823
      }
    },
    "mmart_ppr10k": {
      "n": 94,
      "delta": {
        "n": 94,
        "mean": 7.411644330590257,
        "median": 7.470875257843478,
        "p10": 2.7536393422609233,
        "p90": 11.900471366182524,
        "min": 0.19570370345524424,
        "max": 13.951093937019685,
        "std": 3.3139763794264367
      },
      "delta_arm": {
        "n": 94,
        "mean": 8.874866835400939,
        "median": 9.204477552680888,
        "p10": 3.388235414113989,
        "p90": 13.784324249785367,
        "min": 0.2213370269643562,
        "max": 16.573779029380994,
        "std": 3.9090198334565125
      }
    },
    "quandian": {
      "n": 29,
      "delta": {
        "n": 29,
        "mean": 5.622063804814215,
        "median": 5.830187313284327,
        "p10": 2.368722125399252,
        "p90": 8.059104679481585,
        "min": 1.5661307139922016,
        "max": 10.374233715764234,
        "std": 2.393831410396588
      },
      "delta_arm": {
        "n": 29,
        "mean": 6.689115143301757,
        "median": 7.672635277075084,
        "p10": 2.5625716971544534,
        "p90": 9.819243475207108,
        "min": 1.8761381208446366,
        "max": 12.175478242008346,
        "std": 2.821093866391348
      }
    },
    "unsplash": {
      "n": 268,
      "delta": {
        "n": 268,
        "mean": 7.069842646638093,
        "median": 6.7212773219257045,
        "p10": 2.7105383072750473,
        "p90": 12.05876244549616,
        "min": 0.12821032193520665,
        "max": 15.655952112031361,
        "std": 3.4695755128290706
      },
      "delta_arm": {
        "n": 268,
        "mean": 7.772209371644447,
        "median": 7.694667836088453,
        "p10": 3.443542864972799,
        "p90": 12.404921693020357,
        "min": 0.1918161490278223,
        "max": 17.781091976142637,
        "std": 3.559026218033479
      }
    }
  }
}
