[donor] pool=64
[construct] 25 done, 7s, median delta=0.000
[construct] 50 done, 13s, median delta=2.094
[construct] 75 done, 19s, median delta=3.911
[construct] 100 done, 26s, median delta=4.228
[construct] 125 done, 32s, median delta=5.097
[construct] 150 done, 38s, median delta=4.018
[construct] 175 done, 45s, median delta=3.911
{
  "track": "construct",
  "n": 192,
  "delta": {
    "n": 192,
    "mean": 5.757635139264398,
    "median": 4.616577757333747,
    "p10": 0.0,
    "p90": 12.962966881933358,
    "min": 0.0,
    "max": 36.10105905862051,
    "std": 5.861864864806767
  },
  "delta_arm": {
    "n": 192,
    "mean": 11.66407968841888,
    "median": 9.034019507902439,
    "p10": 0.0,
    "p90": 30.07382691478592,
    "min": 0.0,
    "max": 49.73174373795044,
    "std": 11.46691445638149
  },
  "delta_cv": {
    "n": 192,
    "mean": 1.6713668458349433,
    "median": 0.3340682604865499,
    "p10": -0.03389973362952005,
    "p90": 4.487807057631369,
    "min": -0.2566082852911791,
    "max": 27.533617267315343,
    "std": 3.3011495770470582
  },
  "delta_arm_cv": {
    "n": 192,
    "mean": 1.721468910572345,
    "median": 0.3210376048499164,
    "p10": -0.0792582535688723,
    "p90": 4.456710353229281,
    "min": -0.2785426148889272,
    "max": 27.534001793966063,
    "std": 3.400049870953378
  },
  "delta_donor": {
    "n": 192,
    "mean": 0.8096041838356455,
    "median": 0.5523043055816359,
    "p10": 0.09062015301314547,
    "p90": 1.8401009891519085,
    "min": -0.13833399407954516,
    "max": 6.189797036931523,
    "std": 0.8190697092360112
  },
  "delta_arm_donor": {
    "n": 192,
    "mean": 0.7695439319296412,
    "median": 0.598843057802597,
    "p10": 0.0003612975556379235,
    "p90": 2.1916835803771457,
    "min": -9.772714544922621,
    "max": 6.253720928537561,
    "std": 1.4582928686342336
  },
  "delta_const": {
    "n": 192,
    "mean": 0.0,
    "median": 0.0,
    "p10": 0.0,
    "p90": 0.0,
    "min": 0.0,
    "max": 0.0,
    "std": 0.0
  },
  "delta_arm_const": {
    "n": 192,
    "mean": 0.0,
    "median": 0.0,
    "p10": 0.0,
    "p90": 0.0,
    "min": 0.0,
    "max": 0.0,
    "std": 0.0
  },
  "delta_alt": {
    "n": 192,
    "mean": 7.69032431982603,
    "median": 6.869476712721738,
    "p10": 0.0,
    "p90": 16.80336691384459,
    "min": 0.0,
    "max": 32.421979727251724,
    "std": 6.993600144532636
  },
  "delta_arm_alt": {
    "n": 192,
    "mean": 11.237803091645219,
    "median": 9.316649906971328,
    "p10": 0.0,
    "p90": 27.025535465244054,
    "min": 0.0,
    "max": 50.228195621042865,
    "std": 10.830708175803622
  },
  "delta_constest": {
    "n": 192,
    "mean": 1.7793181907606852,
    "median": 0.5986967451217708,
    "p10": 8.651594326138956e-05,
    "p90": 5.15223804117443,
    "min": 0.0,
    "max": 16.7072915970996,
    "std": 2.708608645289507
  },
  "delta_arm_constest": {
    "n": 192,
    "mean": 1.746998352559168,
    "median": 0.13232317176830577,
    "p10": -0.5561018154860299,
    "p90": 6.2581651992966885,
    "min": -2.1633255709309367,
    "max": 19.34931008476544,
    "std": 3.4142211221118743
  },
  "psnr_3d": {
    "n": 192,
    "mean": 46.895002673219636,
    "median": 44.80819913896114,
    "p10": 33.920079652988,
    "p90": 62.604408038113,
    "min": 21.492552544917018,
    "max": 100.0,
    "std": 11.597642610440086
  },
  "psnr_4d": {
    "n": 192,
    "mean": 52.65263781248404,
    "median": 52.29888205094507,
    "p10": 38.5230633091529,
    "p90": 67.35651520903616,
    "min": 25.961179180384477,
    "max": 100.0,
    "std": 11.125138357437688
  },
  "psnr_4d_arm": {
    "n": 192,
    "mean": 58.559082361638524,
    "median": 59.21145329200932,
    "p10": 39.70072211583347,
    "p90": 74.19400973942702,
    "min": 26.23001709450641,
    "max": 100.0,
    "std": 13.39464636673769
  },
  "psnr_id": {
    "n": 192,
    "mean": 37.94318536257884,
    "median": 37.258677608315004,
    "p10": 23.985220119249576,
    "p90": 51.64106650860659,
    "min": 14.734533401000785,
    "max": 100.0,
    "std": 10.892477307592445
  },
  "psnr_3d_constest": {
    "n": 192,
    "mean": 38.183474139383826,
    "median": 39.45199723813477,
    "p10": 32.66123827480018,
    "p90": 42.442364121773785,
    "min": 20.80444176637206,
    "max": 45.172414528757855,
    "std": 4.592621959040519
  },
  "psnr_4d_constest": {
    "n": 192,
    "mean": 39.96279233014451,
    "median": 40.649007899214446,
    "p10": 36.18085314835289,
    "p90": 43.27386618702109,
    "min": 25.093046634128253,
    "max": 46.56299628771475,
    "std": 3.2634697622389273
  },
  "n_s_buckets": {
    "n": 192,
    "mean": 2.1354166666666665,
    "median": 2.0,
    "p10": 1.0,
    "p90": 3.0,
    "min": 1.0,
    "max": 6.0,
    "std": 0.7376735906814673
  },
  "frac_refined": {
    "n": 192,
    "mean": 0.993236355483532,
    "median": 0.9956214725971222,
    "p10": 0.9846965730190277,
    "p90": 0.9991061925888062,
    "min": 0.9571964144706726,
    "max": 0.9999951720237732,
    "std": 0.006788397673217741
  },
  "moran_i": {
    "n": 192,
    "mean": 0.9673806909678161,
    "median": 0.9867819724542003,
    "p10": 0.9433021185562845,
    "p90": 0.9974156892206201,
    "min": 0.0,
    "max": 1.0009690507317746,
    "std": 0.08222714315757203
  },
  "blur_drop": {
    "n": 192,
    "mean": 0.04451743783176548,
    "median": 0.020876076953999234,
    "p10": 0.004752967537243413,
    "p90": 0.08328055948632401,
    "min": 0.0006095424070553523,
    "max": 1.0,
    "std": 0.092733826428505
  },
  "spearman_delta_vs_alt": 0.9740730574126936,
  "delta_minus_donor": {
    "n": 192,
    "mean": 4.948030955428752,
    "median": 3.522779108344878,
    "p10": -0.46175012376986047,
    "p90": 11.999457351574748,
    "min": -2.0938337408236976,
    "max": 35.12501553408028,
    "std": 5.736601675304491
  },
  "delta_arm_minus_donor": {
    "n": 192,
    "mean": 10.894535756489239,
    "median": 8.221524029176436,
    "p10": -0.358228446801105,
    "p90": 29.048549264688106,
    "min": -2.37835026284408,
    "max": 49.68026660082816,
    "std": 11.283464654385853
  },
  "spearman_delta_arm_vs_alt": 0.9972482155468172
}
