/home/bc/miniconda3/lib/python3.13/site-packages/sklearn/base.py:1365: ConvergenceWarning: Number of distinct clusters (5) found smaller than n_clusters (32). Possibly due to duplicate points in X.
  return fit_method(estimator, *args, **kwargs)
/home/bc/miniconda3/lib/python3.13/site-packages/sklearn/base.py:1365: ConvergenceWarning: Number of distinct clusters (5) found smaller than n_clusters (32). Possibly due to duplicate points in X.
  return fit_method(estimator, *args, **kwargs)
[xcheck] 10/100 143s d_mask3=5.33 d_luma3=0.14
/home/bc/miniconda3/lib/python3.13/site-packages/sklearn/base.py:1365: ConvergenceWarning: Number of distinct clusters (11) found smaller than n_clusters (32). Possibly due to duplicate points in X.
  return fit_method(estimator, *args, **kwargs)
/home/bc/miniconda3/lib/python3.13/site-packages/sklearn/base.py:1365: ConvergenceWarning: Number of distinct clusters (30) found smaller than n_clusters (32). Possibly due to duplicate points in X.
  return fit_method(estimator, *args, **kwargs)
[xcheck] 20/100 286s d_mask3=6.34 d_luma3=0.15
[xcheck] 30/100 431s d_mask3=6.06 d_luma3=0.17
[xcheck] 40/100 576s d_mask3=5.52 d_luma3=0.17
/home/bc/miniconda3/lib/python3.13/site-packages/sklearn/base.py:1365: ConvergenceWarning: Number of distinct clusters (23) found smaller than n_clusters (32). Possibly due to duplicate points in X.
  return fit_method(estimator, *args, **kwargs)
/home/bc/miniconda3/lib/python3.13/site-packages/sklearn/base.py:1365: ConvergenceWarning: Number of distinct clusters (23) found smaller than n_clusters (32). Possibly due to duplicate points in X.
  return fit_method(estimator, *args, **kwargs)
[xcheck] 50/100 721s d_mask3=5.28 d_luma3=0.17
/home/bc/miniconda3/lib/python3.13/site-packages/sklearn/base.py:1365: ConvergenceWarning: Number of distinct clusters (11) found smaller than n_clusters (32). Possibly due to duplicate points in X.
  return fit_method(estimator, *args, **kwargs)
/home/bc/miniconda3/lib/python3.13/site-packages/sklearn/base.py:1365: ConvergenceWarning: Number of distinct clusters (1) found smaller than n_clusters (32). Possibly due to duplicate points in X.
  return fit_method(estimator, *args, **kwargs)
[xcheck] 60/100 865s d_mask3=5.38 d_luma3=0.16
/home/bc/miniconda3/lib/python3.13/site-packages/sklearn/base.py:1365: ConvergenceWarning: Number of distinct clusters (6) found smaller than n_clusters (32). Possibly due to duplicate points in X.
  return fit_method(estimator, *args, **kwargs)
/home/bc/miniconda3/lib/python3.13/site-packages/sklearn/base.py:1365: ConvergenceWarning: Number of distinct clusters (1) found smaller than n_clusters (32). Possibly due to duplicate points in X.
  return fit_method(estimator, *args, **kwargs)
/home/bc/miniconda3/lib/python3.13/site-packages/sklearn/base.py:1365: ConvergenceWarning: Number of distinct clusters (19) found smaller than n_clusters (32). Possibly due to duplicate points in X.
  return fit_method(estimator, *args, **kwargs)
/home/bc/miniconda3/lib/python3.13/site-packages/sklearn/base.py:1365: ConvergenceWarning: Number of distinct clusters (1) found smaller than n_clusters (32). Possibly due to duplicate points in X.
  return fit_method(estimator, *args, **kwargs)
[xcheck] 70/100 1009s d_mask3=5.38 d_luma3=0.15
/home/bc/miniconda3/lib/python3.13/site-packages/sklearn/base.py:1365: ConvergenceWarning: Number of distinct clusters (27) found smaller than n_clusters (32). Possibly due to duplicate points in X.
  return fit_method(estimator, *args, **kwargs)
[xcheck] 80/100 1154s d_mask3=5.45 d_luma3=0.14
[xcheck] 90/100 1300s d_mask3=5.31 d_luma3=0.14
/home/bc/miniconda3/lib/python3.13/site-packages/sklearn/base.py:1365: ConvergenceWarning: Number of distinct clusters (13) found smaller than n_clusters (32). Possibly due to duplicate points in X.
  return fit_method(estimator, *args, **kwargs)
/home/bc/miniconda3/lib/python3.13/site-packages/sklearn/base.py:1365: ConvergenceWarning: Number of distinct clusters (2) found smaller than n_clusters (32). Possibly due to duplicate points in X.
  return fit_method(estimator, *args, **kwargs)
/home/bc/miniconda3/lib/python3.13/site-packages/sklearn/base.py:1365: ConvergenceWarning: Number of distinct clusters (27) found smaller than n_clusters (32). Possibly due to duplicate points in X.
  return fit_method(estimator, *args, **kwargs)
[xcheck] 100/100 1445s d_mask3=5.37 d_luma3=0.14
{
  "n": 100,
  "n_gauss": 32,
  "steps": 1200,
  "params_per_lut": 716,
  "psnr_identity": {
    "n": 100,
    "mean": 26.03183722398962,
    "median": 26.205418394263013,
    "p10": 18.70339760150309,
    "p90": 34.09517266571244
  },
  "psnr_1lut": {
    "n": 100,
    "mean": 31.528977505093383,
    "median": 31.19930962442126,
    "p10": 24.94446388833356,
    "p90": 38.04462996354717
  },
  "psnr_mask3": {
    "n": 100,
    "mean": 36.93949414318898,
    "median": 37.0002756668687,
    "p10": 30.002219284866243,
    "p90": 43.05421358598707
  },
  "psnr_luma3": {
    "n": 100,
    "mean": 31.729341886625797,
    "median": 31.368427019704043,
    "p10": 25.162812494846765,
    "p90": 38.692773180146894
  },
  "delta_mask3": {
    "n": 100,
    "mean": 5.410516638095586,
    "median": 5.3704757100399245,
    "p10": 0.15343970092366135,
    "p90": 8.943545088141116
  },
  "delta_luma3": {
    "n": 100,
    "mean": 0.2003643815324061,
    "median": 0.1384073146918503,
    "p10": -0.0051844066244015555,
    "p90": 0.5636807512975782
  },
  "delta_net": {
    "n": 100,
    "mean": 5.2101522565631795,
    "median": 5.104623783482637,
    "p10": -0.01269307020844045,
    "p90": 8.774197070048814
  }
}
