[donor] pool=64
[strat] builds=['prod-l1-local17k-20260731', 'prod-l2-local17k-20260731', 'prod-l3-local17k-20260731', 'prod-l4-local17k-20260801', 'prod-l5-local17k-20260801', 'prod-l6-local17k-20260801'] per_build=100 avail=[157, 167, 202, 179, 171, 185]
[real] 25 done, 37s, median delta=8.529
[real] 50 done, 78s, median delta=6.620
[real] 75 done, 115s, median delta=7.188
[real] 100 done, 156s, median delta=7.095
[real] 125 done, 190s, median delta=6.767
[real] 150 done, 225s, median delta=7.199
[real] 175 done, 266s, median delta=7.188
[real] 200 done, 309s, median delta=6.790
[real] 225 done, 327s, median delta=6.879
[real] 250 done, 344s, median delta=6.918
[real] 275 done, 362s, median delta=6.957
[real] 300 done, 378s, median delta=6.866
[real] 325 done, 395s, median delta=6.957
[real] 350 done, 410s, median delta=6.943
[real] 375 done, 427s, median delta=7.080
[real] 400 done, 447s, median delta=7.150
[real] 425 done, 466s, median delta=7.210
[real] 450 done, 484s, median delta=7.224
[real] 475 done, 502s, median delta=7.103
[real] 500 done, 520s, median delta=7.058
[real] 525 done, 538s, median delta=7.002
[real] 550 done, 556s, median delta=7.020
[real] 575 done, 574s, median delta=7.002
[real] 600 done, 593s, median delta=7.020
{
  "track": "real",
  "n": 600,
  "delta": {
    "n": 600,
    "mean": 7.068480767117393,
    "median": 7.020141177829771,
    "p10": 2.6597111666677202,
    "p90": 11.341708817324655,
    "min": 0.07982924714691819,
    "max": 15.798422707613433,
    "std": 3.3197815990255766
  },
  "delta_arm": {
    "n": 600,
    "mean": 7.973677265226235,
    "median": 8.03657125985591,
    "p10": 3.074910234536398,
    "p90": 12.685805095636423,
    "min": 0.16326157191701895,
    "max": 17.781091976142637,
    "std": 3.565631317245864
  },
  "delta_cv": {
    "n": 600,
    "mean": 5.699730543120064,
    "median": 5.35870142158511,
    "p10": 1.4967165669996767,
    "p90": 10.019513439271744,
    "min": -0.06650489487943645,
    "max": 15.800223836320882,
    "std": 3.28642988429516
  },
  "delta_arm_cv": {
    "n": 600,
    "mean": 5.9210969280034895,
    "median": 5.605893377305581,
    "p10": 1.5726083354443308,
    "p90": 10.502756901439096,
    "min": -0.021531100381920965,
    "max": 15.800223836320882,
    "std": 3.354210873906028
  },
  "delta_donor": {
    "n": 600,
    "mean": 1.149006775874652,
    "median": 0.7548454394617998,
    "p10": 0.1273752311180065,
    "p90": 2.6249344192883317,
    "min": 0.0005439252803398631,
    "max": 8.774120054177878,
    "std": 1.1942732845635486
  },
  "delta_arm_donor": {
    "n": 600,
    "mean": 1.2138104543097923,
    "median": 0.8033585946978956,
    "p10": 0.14332013282331674,
    "p90": 2.718001004550782,
    "min": 0.0005448112076997802,
    "max": 9.022546698244703,
    "std": 1.251238290177756
  },
  "delta_const": {
    "n": 600,
    "mean": -6.055112405552639e-09,
    "median": 0.0,
    "p10": 0.0,
    "p90": 0.0,
    "min": -1.676781788972903e-06,
    "max": 7.162295929674656e-07,
    "std": 1.102587570093006e-07
  },
  "delta_arm_const": {
    "n": 600,
    "mean": 0.0,
    "median": 0.0,
    "p10": 0.0,
    "p90": 0.0,
    "min": 0.0,
    "max": 0.0,
    "std": 0.0
  },
  "delta_alt": {
    "n": 600,
    "mean": 7.8497065603028995,
    "median": 7.97825810285012,
    "p10": 3.1874715978296075,
    "p90": 12.496214100640353,
    "min": 0.13995778206305687,
    "max": 17.168430389506366,
    "std": 3.4555973975626633
  },
  "delta_arm_alt": {
    "n": 600,
    "mean": 8.113756532016318,
    "median": 8.19568753170525,
    "p10": 3.2971054714251253,
    "p90": 12.785729512743833,
    "min": 0.17507035704831253,
    "max": 17.730638816450725,
    "std": 3.540362097679816
  },
  "delta_constest": {
    "n": 600,
    "mean": 6.016696227177171,
    "median": 5.81072214355682,
    "p10": 1.817427776198828,
    "p90": 10.355997247009316,
    "min": 0.04238588508029295,
    "max": 15.828159917114267,
    "std": 3.216401658594171
  },
  "delta_arm_constest": {
    "n": 600,
    "mean": 6.501144022072868,
    "median": 6.3104302338044,
    "p10": 1.8277986967865925,
    "p90": 11.310575487954592,
    "min": -0.29153861723312957,
    "max": 16.1801206467817,
    "std": 3.4863753496421843
  },
  "psnr_3d": {
    "n": 600,
    "mean": 32.85182556146978,
    "median": 32.92338739810167,
    "p10": 25.978051879686163,
    "p90": 39.85088456227429,
    "min": 16.235906982839627,
    "max": 46.01844911556899,
    "std": 5.400141073159568
  },
  "psnr_4d": {
    "n": 600,
    "mean": 39.92030632858717,
    "median": 40.20090978703791,
    "p10": 35.07974148219752,
    "p90": 44.51459981688857,
    "min": 28.81152303510971,
    "max": 49.68436346518288,
    "std": 3.695489011354038
  },
  "psnr_4d_arm": {
    "n": 600,
    "mean": 40.82550282669602,
    "median": 41.129878799775085,
    "p10": 36.27265290808111,
    "p90": 44.831896399451544,
    "min": 29.17690916405197,
    "max": 49.68718001568015,
    "std": 3.377110034687297
  },
  "psnr_id": {
    "n": 600,
    "mean": 25.270861152877327,
    "median": 25.182126794012632,
    "p10": 18.176840005366962,
    "p90": 32.60040595771563,
    "min": 9.833930113046511,
    "max": 44.829921256331886,
    "std": 5.419652994072749
  },
  "psnr_3d_constest": {
    "n": 600,
    "mean": 31.684428924107305,
    "median": 32.01453380485567,
    "p10": 25.299640060581705,
    "p90": 37.652288698226386,
    "min": 15.879911133382507,
    "max": 41.89513474577392,
    "std": 4.811983676638051
  },
  "psnr_4d_constest": {
    "n": 600,
    "mean": 37.70112515128448,
    "median": 38.01004686603417,
    "p10": 33.93489209733303,
    "p90": 41.249795010156916,
    "min": 26.846891982318333,
    "max": 44.7200087410674,
    "std": 2.9246776985211786
  },
  "n_s_buckets": {
    "n": 600,
    "mean": 3.691666666666667,
    "median": 4.0,
    "p10": 2.0,
    "p90": 5.0,
    "min": 2.0,
    "max": 7.0,
    "std": 1.1732848001326115
  },
  "frac_refined": {
    "n": 600,
    "mean": 0.9937367650866509,
    "median": 0.9959140717983246,
    "p10": 0.9857067048549653,
    "p90": 0.999188882112503,
    "min": 0.9370874166488647,
    "max": 1.0,
    "std": 0.006558487693226011
  },
  "moran_i": {
    "n": 600,
    "mean": 0.9613775203988928,
    "median": 0.9763853207452007,
    "p10": 0.908903043164672,
    "p90": 0.9946647344709167,
    "min": 0.6245425174239998,
    "max": 0.999586673445628,
    "std": 0.04425692370622434
  },
  "blur_drop": {
    "n": 600,
    "mean": 0.05460142122579047,
    "median": 0.029394268548750713,
    "p10": 0.007246385207572181,
    "p90": 0.1232078342896529,
    "min": 0.0008608409985978449,
    "max": 0.7001318881501877,
    "std": 0.07475755593454451
  },
  "spearman_delta_vs_alt": 0.9765957683215786,
  "delta_minus_donor": {
    "n": 600,
    "mean": 5.919473991242739,
    "median": 5.816968951228862,
    "p10": 1.7694896538516511,
    "p90": 10.123535470954659,
    "min": -1.2692606572843488,
    "max": 15.487152624467626,
    "std": 3.243956338594335
  },
  "delta_arm_minus_donor": {
    "n": 600,
    "mean": 6.759866810916442,
    "median": 6.660417494353176,
    "p10": 2.136736113981615,
    "p90": 11.693899360267729,
    "min": -1.131006639635558,
    "max": 16.075856518993074,
    "std": 3.4925038133587814
  },
  "spearman_delta_arm_vs_alt": 0.9982995508320855,
  "by_pool": {
    "awards": {
      "n": 173,
      "delta": {
        "n": 173,
        "mean": 6.875982379274839,
        "median": 7.108440622336545,
        "p10": 2.1496053993170734,
        "p90": 10.974808409722261,
        "min": 0.07982924714691819,
        "max": 15.476017727745077,
        "std": 3.3327117885976443
      },
      "delta_arm": {
        "n": 173,
        "mean": 7.6492859414152194,
        "median": 7.984161781913983,
        "p10": 2.942421085873451,
        "p90": 12.372631276511296,
        "min": 0.16326157191701895,
        "max": 15.862326287173179,
        "std": 3.4506761443701643
      }
    },
    "korean": {
      "n": 33,
      "delta": {
        "n": 33,
        "mean": 7.064146565709095,
        "median": 7.07968137445533,
        "p10": 3.7414425574308297,
        "p90": 11.003413926916403,
        "min": 1.0882080066911541,
        "max": 12.857092436490646,
        "std": 2.8915392990024245
      },
      "delta_arm": {
        "n": 33,
        "mean": 8.405884052103103,
        "median": 8.0310537134655,
        "p10": 4.283882847925942,
        "p90": 13.475532382967723,
        "min": 1.7674448456191527,
        "max": 14.913134163977904,
        "std": 3.4268006353563703
      }
    },
    "mmart_ppr10k": {
      "n": 103,
      "delta": {
        "n": 103,
        "mean": 7.691756531199795,
        "median": 7.8578449656236415,
        "p10": 3.5066795772711954,
        "p90": 11.6362741788852,
        "min": 0.19570370345524424,
        "max": 13.951093937019685,
        "std": 2.9781210513188667
      },
      "delta_arm": {
        "n": 103,
        "mean": 9.139497589550267,
        "median": 9.68020948344412,
        "p10": 4.5555799196038,
        "p90": 13.484898929574014,
        "min": 0.2213370269643562,
        "max": 16.573779029380994,
        "std": 3.5001639715079804
      }
    },
    "quandian": {
      "n": 29,
      "delta": {
        "n": 29,
        "mean": 5.878344768255015,
        "median": 6.384394717205176,
        "p10": 2.4982661795302774,
        "p90": 8.938166747705003,
        "min": 1.5661307139922016,
        "max": 10.374233715764234,
        "std": 2.371402427466966
      },
      "delta_arm": {
        "n": 29,
        "mean": 7.0251036675170795,
        "median": 7.777932240963537,
        "p10": 2.6319062008465597,
        "p90": 11.116728312063186,
        "min": 1.8761381208446366,
        "max": 12.175478242008346,
        "std": 3.1356207641852483
      }
    },
    "unsplash": {
      "n": 262,
      "delta": {
        "n": 262,
        "mean": 7.082838744253868,
        "median": 6.788876415723134,
        "p10": 2.640832138806977,
        "p90": 11.70796793316555,
        "min": 0.13533647326515563,
        "max": 15.798422707613433,
        "std": 3.5225479893793756
      },
      "delta_arm": {
        "n": 262,
        "mean": 7.780112440724553,
        "median": 7.512301564361415,
        "p10": 3.30688275551061,
        "p90": 12.465070386504943,
        "min": 0.4131631630028778,
        "max": 17.781091976142637,
        "std": 3.620081905014731
      }
    }
  },
  "by_build": {
    "prod-l1-local17k-20260731": {
      "n": 100,
      "delta_arm": {
        "n": 100,
        "mean": 8.166409725325083,
        "median": 8.052899600892346,
        "p10": 3.344762306393782,
        "p90": 12.752389249147527,
        "min": 0.7450748402777307,
        "max": 15.362002907197155,
        "std": 3.5159461630243976
      },
      "delta": {
        "n": 100,
        "mean": 7.241618403005081,
        "median": 7.095043050003888,
        "p10": 2.993600808426906,
        "p90": 12.337140770186505,
        "min": 0.3785399926138098,
        "max": 15.30555802114402,
        "std": 3.41448189026342
      },
      "delta_arm_cv": {
        "n": 100,
        "mean": 6.1137022701137145,
        "median": 6.042737944386232,
        "p10": 1.7826014452574455,
        "p90": 10.447676282812289,
        "min": 0.3383550428645563,
        "max": 14.998430944686255,
        "std": 3.339196310029465
      },
      "delta_arm_donor": {
        "n": 100,
        "mean": 1.0686993538400187,
        "median": 0.7357623354675802,
        "p10": 0.12360021059363469,
        "p90": 2.1115757586002752,
        "min": 0.03684767973656733,
        "max": 5.620534426149376,
        "std": 1.0404213859404543
      },
      "delta_arm_const": {
        "n": 100,
        "mean": 0.0,
        "median": 0.0,
        "p10": 0.0,
        "p90": 0.0,
        "min": 0.0,
        "max": 0.0,
        "std": 0.0
      },
      "psnr_id": {
        "n": 100,
        "mean": 26.03151332770393,
        "median": 26.205443360427214,
        "p10": 18.709656329286677,
        "p90": 34.09718919239051,
        "min": 9.833930113046511,
        "max": 44.829921256331886,
        "std": 6.1883507992100615
      },
      "psnr_3d": {
        "n": 100,
        "mean": 33.04316932873435,
        "median": 32.677099996100665,
        "p10": 26.289709793498748,
        "p90": 39.98394389038315,
        "min": 18.387533866354968,
        "max": 46.01844911556899,
        "std": 5.530213814121442
      },
      "psnr_4d_arm": {
        "n": 100,
        "mean": 41.20957905405943,
        "median": 41.527029488397815,
        "p10": 36.91720258310609,
        "p90": 45.02469406671147,
        "min": 32.020970256529004,
        "max": 49.394675348765716,
        "std": 3.461077165989357
      },
      "mask_area": {
        "n": 100,
        "mean": 0.15390394999999998,
        "median": 0.1248215,
        "p10": 0.0346974,
        "p90": 0.31580800000000003,
        "min": 0.005061,
        "max": 0.524099,
        "std": 0.11556649365204216
      },
      "frac_ge_1db": 0.99,
      "frac_ge_04db": 1.0
    },
    "prod-l2-local17k-20260731": {
      "n": 100,
      "delta_arm": {
        "n": 100,
        "mean": 7.566955181759457,
        "median": 7.680632244540455,
        "p10": 2.7135776567178533,
        "p90": 13.10158063040299,
        "min": 0.2213370269643562,
        "max": 16.64047697016604,
        "std": 3.7408939422505587
      },
      "delta": {
        "n": 100,
        "mean": 6.700572509626498,
        "median": 6.673981874921559,
        "p10": 1.9622932386845662,
        "p90": 10.655223179722826,
        "min": 0.19570370345524424,
        "max": 14.963340810429766,
        "std": 3.3597923403588275
      },
      "delta_arm_cv": {
        "n": 100,
        "mean": 5.49748244559149,
        "median": 5.000614930139221,
        "p10": 1.0890185255936822,
        "p90": 9.964374855709277,
        "min": 0.12912594799443866,
        "max": 14.953803488965562,
        "std": 3.4114112623082717
      },
      "delta_arm_donor": {
        "n": 100,
        "mean": 1.0785431979025397,
        "median": 0.6715905966338749,
        "p10": 0.16066565513221534,
        "p90": 2.337082572900185,
        "min": 0.001693107497558799,
        "max": 5.128822029665262,
        "std": 1.024134184803592
      },
      "delta_arm_const": {
        "n": 100,
        "mean": 0.0,
        "median": 0.0,
        "p10": 0.0,
        "p90": 0.0,
        "min": 0.0,
        "max": 0.0,
        "std": 0.0
      },
      "psnr_id": {
        "n": 100,
        "mean": 25.42691206130472,
        "median": 25.14874728563655,
        "p10": 19.664106007117017,
        "p90": 32.7755044171901,
        "min": 12.9498823533687,
        "max": 36.44535624571144,
        "std": 5.021808851552408
      },
      "psnr_3d": {
        "n": 100,
        "mean": 33.568162772266234,
        "median": 34.53018025280404,
        "p10": 26.380590363042646,
        "p90": 40.554057049679685,
        "min": 18.766973334363538,
        "max": 44.52055354807656,
        "std": 5.271136305306097
      },
      "psnr_4d_arm": {
        "n": 100,
        "mean": 41.13511795402568,
        "median": 41.36211463131211,
        "p10": 36.85371511025463,
        "p90": 45.14525803824583,
        "min": 33.21168749797927,
        "max": 48.91275736196691,
        "std": 3.290416349536416
      },
      "mask_area": {
        "n": 100,
        "mean": 0.15283481,
        "median": 0.1203465,
        "p10": 0.021366200000000002,
        "p90": 0.3213988,
        "min": 0.006783,
        "max": 0.516227,
        "std": 0.11560013701061907
      },
      "frac_ge_1db": 0.98,
      "frac_ge_04db": 0.99
    },
    "prod-l3-local17k-20260731": {
      "n": 100,
      "delta_arm": {
        "n": 100,
        "mean": 7.9648480194098825,
        "median": 8.136307805723895,
        "p10": 3.4840606691171674,
        "p90": 12.495329299301524,
        "min": 0.16326157191701895,
        "max": 15.862326287173179,
        "std": 3.5138946583958033
      },
      "delta": {
        "n": 100,
        "mean": 7.088360014141784,
        "median": 6.966463981149847,
        "p10": 2.8542157141164006,
        "p90": 11.565652769372003,
        "min": 0.07982924714691819,
        "max": 15.476017727745077,
        "std": 3.28402618662865
      },
      "delta_arm_cv": {
        "n": 100,
        "mean": 5.889255969161558,
        "median": 5.653856103723992,
        "p10": 1.5718488226374803,
        "p90": 10.50931546951387,
        "min": -0.021531100381920965,
        "max": 14.945404162601054,
        "std": 3.3633838222631014
      },
      "delta_arm_donor": {
        "n": 100,
        "mean": 1.174362568049663,
        "median": 0.8033585946978956,
        "p10": 0.17318863264597725,
        "p90": 2.743360761707635,
        "min": 0.028855499856476285,
        "max": 7.0380767905771755,
        "std": 1.1315119293470493
      },
      "delta_arm_const": {
        "n": 100,
        "mean": 0.0,
        "median": 0.0,
        "p10": 0.0,
        "p90": 0.0,
        "min": 0.0,
        "max": 0.0,
        "std": 0.0
      },
      "psnr_id": {
        "n": 100,
        "mean": 24.89014866601112,
        "median": 24.40918468640919,
        "p10": 17.507693600206583,
        "p90": 31.869095080783037,
        "min": 14.937021188239651,
        "max": 38.85121247615787,
        "std": 5.345814478388098
      },
      "psnr_3d": {
        "n": 100,
        "mean": 32.693966843378966,
        "median": 32.601371642051376,
        "p10": 25.758772345530353,
        "p90": 39.76134892492461,
        "min": 21.277017318026793,
        "max": 45.855146849106944,
        "std": 5.762672391416311
      },
      "psnr_4d_arm": {
        "n": 100,
        "mean": 40.65881486278885,
        "median": 40.587189548849096,
        "p10": 35.94798942811662,
        "p90": 45.11816595452189,
        "min": 29.17690916405197,
        "max": 49.68718001568015,
        "std": 3.660286296690606
      },
      "mask_area": {
        "n": 100,
        "mean": 0.16647703000000003,
        "median": 0.11715800000000001,
        "p10": 0.026262399999999998,
        "p90": 0.34251230000000016,
        "min": 0.006674,
        "max": 0.737202,
        "std": 0.14276212300764196
      },
      "frac_ge_1db": 0.98,
      "frac_ge_04db": 0.99
    },
    "prod-l4-local17k-20260801": {
      "n": 100,
      "delta_arm": {
        "n": 100,
        "mean": 8.404564700765285,
        "median": 8.821957427455569,
        "p10": 3.7688684304479523,
        "p90": 12.840509712076404,
        "min": 0.7830979351747658,
        "max": 17.781091976142637,
        "std": 3.47954196856108
      },
      "delta": {
        "n": 100,
        "mean": 7.575417606467751,
        "median": 7.694701750804466,
        "p10": 3.2073558515060365,
        "p90": 11.291514192523048,
        "min": 0.36113404617163525,
        "max": 15.655952112031361,
        "std": 3.295080668265411
      },
      "delta_arm_cv": {
        "n": 100,
        "mean": 6.422682572633896,
        "median": 6.066398849975393,
        "p10": 1.8146265576488598,
        "p90": 10.93173328284399,
        "min": 0.2720088500450686,
        "max": 15.433293953164494,
        "std": 3.469122121644717
      },
      "delta_arm_donor": {
        "n": 100,
        "mean": 1.3549340206811504,
        "median": 0.7880457210050675,
        "p10": 0.12281340108119068,
        "p90": 2.9683957568651453,
        "min": 0.008698588989048517,
        "max": 7.496859395408357,
        "std": 1.4718750188095027
      },
      "delta_arm_const": {
        "n": 100,
        "mean": 0.0,
        "median": 0.0,
        "p10": 0.0,
        "p90": 0.0,
        "min": 0.0,
        "max": 0.0,
        "std": 0.0
      },
      "psnr_id": {
        "n": 100,
        "mean": 25.092133335499156,
        "median": 25.648258736103024,
        "p10": 17.8287647615655,
        "p90": 30.982768275827908,
        "min": 11.604543708749386,
        "max": 39.36555605743858,
        "std": 5.481145780889949
      },
      "psnr_3d": {
        "n": 100,
        "mean": 32.123093899798896,
        "median": 32.27472512465453,
        "p10": 25.651860770697454,
        "p90": 38.306699793457234,
        "min": 16.235906982839627,
        "max": 42.90208459891528,
        "std": 5.261678475543466
      },
      "psnr_4d_arm": {
        "n": 100,
        "mean": 40.52765860056418,
        "median": 40.913013135333685,
        "p10": 35.38126970479883,
        "p90": 44.7278778893259,
        "min": 29.769969538545663,
        "max": 47.84789404229336,
        "std": 3.6588436476233004
      },
      "mask_area": {
        "n": 100,
        "mean": 0.14263184,
        "median": 0.104752,
        "p10": 0.0320812,
        "p90": 0.32891010000000015,
        "min": 0.006897,
        "max": 0.524525,
        "std": 0.11503402580312662
      },
      "frac_ge_1db": 0.99,
      "frac_ge_04db": 1.0
    },
    "prod-l5-local17k-20260801": {
      "n": 100,
      "delta_arm": {
        "n": 100,
        "mean": 7.648195314090742,
        "median": 7.879097568756116,
        "p10": 3.0376782246603975,
        "p90": 12.023365954011652,
        "min": 0.5957893223206625,
        "max": 15.798461454685004,
        "std": 3.507301684319789
      },
      "delta": {
        "n": 100,
        "mean": 6.7218762711556135,
        "median": 6.807566749565801,
        "p10": 2.6205506060441337,
        "p90": 10.54610218301854,
        "min": 0.2921532555598816,
        "max": 15.798422707613433,
        "std": 3.275077392231249
      },
      "delta_arm_cv": {
        "n": 100,
        "mean": 5.741378502336005,
        "median": 5.728833078958619,
        "p10": 1.7211456094437303,
        "p90": 9.663250190388846,
        "min": 0.04654347178718865,
        "max": 15.800223836320882,
        "std": 3.3009439003951497
      },
      "delta_arm_donor": {
        "n": 100,
        "mean": 1.3205758962551695,
        "median": 0.8611722656901399,
        "p10": 0.12550180845843004,
        "p90": 2.9170259215888077,
        "min": 0.0005448112076997802,
        "max": 9.022546698244703,
        "std": 1.4677324241374363
      },
      "delta_arm_const": {
        "n": 100,
        "mean": 0.0,
        "median": 0.0,
        "p10": 0.0,
        "p90": 0.0,
        "min": 0.0,
        "max": 0.0,
        "std": 0.0
      },
      "psnr_id": {
        "n": 100,
        "mean": 25.286907427372046,
        "median": 24.996559423092855,
        "p10": 18.775940877796703,
        "p90": 32.46381830185762,
        "min": 14.94731810013718,
        "max": 36.63278169344986,
        "std": 5.044089154215204
      },
      "psnr_3d": {
        "n": 100,
        "mean": 33.04951188158154,
        "median": 33.25123761642078,
        "p10": 26.367811803647562,
        "p90": 39.59437449999867,
        "min": 20.036346628418467,
        "max": 43.087765060761846,
        "std": 5.089353228600942
      },
      "psnr_4d_arm": {
        "n": 100,
        "mean": 40.69770719567228,
        "median": 40.77818725519394,
        "p10": 36.820243452122604,
        "p90": 43.786962825409226,
        "min": 32.80617357926934,
        "max": 46.61132691283748,
        "std": 2.914820328047181
      },
      "mask_area": {
        "n": 100,
        "mean": 0.14541166000000003,
        "median": 0.12456049999999999,
        "p10": 0.0331418,
        "p90": 0.2688656,
        "min": 0.007359,
        "max": 0.42802,
        "std": 0.09356562194398325
      },
      "frac_ge_1db": 0.96,
      "frac_ge_04db": 1.0
    },
    "prod-l6-local17k-20260801": {
      "n": 100,
      "delta_arm": {
        "n": 100,
        "mean": 8.091090650006958,
        "median": 8.026391607060749,
        "p10": 3.384212613325041,
        "p90": 12.706449262777435,
        "min": 0.4777565907707242,
        "max": 16.470948713525623,
        "std": 3.558416382760456
      },
      "delta": {
        "n": 100,
        "mean": 7.083039798307621,
        "median": 6.942193496515479,
        "p10": 3.1259510910903208,
        "p90": 11.341143792241615,
        "min": 0.3459368139242329,
        "max": 15.227008327459728,
        "std": 3.2042521123820946
      },
      "delta_arm_cv": {
        "n": 100,
        "mean": 5.862079808184277,
        "median": 5.435393886226564,
        "p10": 1.7351113001050515,
        "p90": 10.49334566816854,
        "min": 0.029813402584309756,
        "max": 14.353554300868133,
        "std": 3.157230633311842
      },
      "delta_arm_donor": {
        "n": 100,
        "mean": 1.2857476891302124,
        "median": 0.9283136039301212,
        "p10": 0.16100569778855772,
        "p90": 2.7515871285123907,
        "min": 0.0038126736217947155,
        "max": 7.692504096809969,
        "std": 1.2585237358599874
      },
      "delta_arm_const": {
        "n": 100,
        "mean": 0.0,
        "median": 0.0,
        "p10": 0.0,
        "p90": 0.0,
        "min": 0.0,
        "max": 0.0,
        "std": 0.0
      },
      "psnr_id": {
        "n": 100,
        "mean": 24.897552099372987,
        "median": 24.668252385002962,
        "p10": 18.145001095005817,
        "p90": 31.24678650063248,
        "min": 14.837356730451674,
        "max": 38.234089038470294,
        "std": 5.2667455242464305
      },
      "psnr_3d": {
        "n": 100,
        "mean": 32.633048643058714,
        "median": 32.76742449676922,
        "p10": 25.882827743340684,
        "p90": 39.37332760796435,
        "min": 18.357833408121536,
        "max": 44.48894170242301,
        "std": 5.349127522993245
      },
      "psnr_4d_arm": {
        "n": 100,
        "mean": 40.724139293065676,
        "median": 40.84375967001132,
        "p10": 36.265666549528376,
        "p90": 44.431519415089085,
        "min": 31.06046214888326,
        "max": 47.729121498636424,
        "std": 3.1552891523100404
      },
      "mask_area": {
        "n": 100,
        "mean": 0.16286657999999998,
        "median": 0.1328445,
        "p10": 0.0351365,
        "p90": 0.35210130000000006,
        "min": 0.007654,
        "max": 0.561478,
        "std": 0.12247594158545425
      },
      "frac_ge_1db": 0.99,
      "frac_ge_04db": 1.0
    }
  },
  "sampling": "stratified_by_build",
  "per_build_cap": 100
}
