Loading checkpoint shards:   0%|          | 0/2 [00:00<?, ?it/s]Loading checkpoint shards: 100%|██████████| 2/2 [00:00<00:00, 27.11it/s]
{"shard_plan": {"shard": 0, "num_shards": 8, "shard_mode": "interleave", "shard_tag": "shard00of08", "n_samples_before_shard": 159215, "n_samples": 19902, "shard_first_sample_id": "sft_000008799cf88715e8f65bd08bf485bd", "shard_last_sample_id": "sft_fffb727b4a7f0f90a54ca39ec9be70de"}}
{
  "split": "train",
  "mode": "two_segment",
  "checkpoint": "/home/bc/data/runs/q3vl_base_sft_20260804/checkpoint-4976",
  "env": {
    "git_commit": "bdf93d37b49a55a87c59543b577c234d6c491354",
    "python": "3.12.12",
    "torch": "2.10.0+cu128",
    "cuda_available": true
  },
  "special_token_ids": {
    "<where>": 151669,
    "</where>": 151670,
    "<color>": 151671,
    "</color>": 151672
  },
  "vlm": {
    "layer": -1,
    "final_norm": true,
    "use_hook": true,
    "text_hidden": 2560,
    "n_text_layers": 36,
    "n_vision_blocks": 24,
    "dtype": "torch.bfloat16",
    "device": "cuda",
    "any_param_requires_grad": false
  },
  "dataset": {
    "split": "train",
    "need_mask": false,
    "mask_source": null,
    "n_samples": 19902,
    "shard": 0,
    "num_shards": 8,
    "shard_mode": "interleave",
    "shard_tag": "shard00of08",
    "n_samples_before_shard": 159215,
    "shard_first_sample_id": "sft_000008799cf88715e8f65bd08bf485bd",
    "shard_last_sample_id": "sft_fffb727b4a7f0f90a54ca39ec9be70de"
  },
  "n_samples": 19902,
  "batch_size": 64,
  "max_new_tokens": 512,
  "max_context_tokens": 96,
  "where_max_tokens": 96,
  "color_max_tokens": 384,
  "schema_version": "q3vl.where_b.genwhere/2",
  "out_root": "/mnt/nfs/bc/data/datasets/where_b-20260805/genwhere/_shards/two_segment/train/shard00of08/train"
}
The following generation flags are not valid and may be ignored: ['temperature', 'top_p', 'top_k']. Set `TRANSFORMERS_VERBOSITY=info` for more details.
{"done": 256, "of": 19902, "samples_per_s": 2.72, "eta_s": 7213}
{"done": 448, "of": 19902, "samples_per_s": 2.29, "eta_s": 8495}
{"done": 640, "of": 19902, "samples_per_s": 2.09, "eta_s": 9231}
{"done": 832, "of": 19902, "samples_per_s": 1.99, "eta_s": 9589}
