{
 "n": 300,
 "aggregate": {
  "n_sources": 300,
  "rho_syn_median": 0.867,
  "rho_opp_median": 0.8696,
  "rho_y_median": 0.1033,
  "rho_y_abs_median": 0.1771,
  "rho_syn_sp_median": 0.7631,
  "rho_opp_sp_median": 0.7725,
  "rho_y_sp_median": 0.1068,
  "outlier_frac_mean": 0.0334,
  "fallback_rate": 0.0633,
  "valid_frac_mean": 0.6744,
  "rho_syn_allcells_median": 0.9402,
  "rho_opp_allcells_median": 0.9441
 },
 "verdict": {
  "rho_syn": "PASS",
  "rho_opp": "CONTROL",
  "rho_y": "PASS",
  "rho_region_opp": "FAIL"
 },
 "gate": "FAIL",
 "gate_keys": [
  "rho_syn",
  "rho_region_opp",
  "rho_y"
 ],
 "by_pool": {
  "unsplash": {
   "n": 100,
   "rho_syn_median": 0.8894230214296924,
   "rho_opp_median": 0.8786373278470466,
   "rho_y_abs_median": 0.19660936954132432
  },
  "awards": {
   "n": 100,
   "rho_syn_median": 0.8757502017250267,
   "rho_opp_median": 0.8756627771067977,
   "rho_y_abs_median": 0.17172033866325365
  },
  "ppr10k": {
   "n": 100,
   "rho_syn_median": 0.8396463916198045,
   "rho_opp_median": 0.85787339492886,
   "rho_y_abs_median": 0.15659217181226315
  }
 },
 "by_task_conf": {
  "local/normal": {
   "n": 152,
   "rho_syn_median": 0.8818071578593876,
   "rho_opp_median": 0.869982304011421,
   "rho_y_abs_median": 0.16864684631428545,
   "fallback_rate": 0.0,
   "auc_light_median": 0.6966061528561529,
   "auc_luma_median": 0.46496581919350255
  },
  "local/low": {
   "n": 62,
   "rho_syn_median": 0.8641166424550512,
   "rho_opp_median": 0.874028639908125,
   "rho_y_abs_median": 0.15746150620676186,
   "fallback_rate": 0.0,
   "auc_light_median": 0.6781547863900805,
   "auc_luma_median": 0.4523176638176638
  },
  "style/normal": {
   "n": 56,
   "rho_syn_median": 0.8435032871960433,
   "rho_opp_median": 0.8713508638044967,
   "rho_y_abs_median": 0.20859619308782978,
   "fallback_rate": 0.25,
   "auc_light_median": 0.5716602996188594,
   "auc_luma_median": 0.6051365656166683
  },
  "style/low": {
   "n": 30,
   "rho_syn_median": 0.8392566954153832,
   "rho_opp_median": 0.8284575434230472,
   "rho_y_abs_median": 0.20460235727207082,
   "fallback_rate": 0.16666666666666666,
   "auc_light_median": 0.5733742717682255,
   "auc_luma_median": 0.41062867906757716
  }
 },
 "token_median": {
  "light": {
   "syn": 0.8669606945344244,
   "opp": 0.8695731236897191,
   "y": 0.10324709784371672
  },
  "colortemp": {
   "syn": 0.8127322692398296,
   "opp": 0.8200544095179609,
   "y": 0.11672389689189144
  },
  "colormixer": {
   "syn": 0.776469191369169,
   "opp": 0.7841949604964787,
   "y": 0.1008929595803777
  }
 },
 "cross_token_rho": {
  "light~colortemp": {
   "syn_a": 0.9277380980044165,
   "reg_a": 0.9357258802146393
  },
  "light~colormixer": {
   "syn_a": 0.8085324740896895,
   "reg_a": 0.8096249712040011
  },
  "colortemp~colormixer": {
   "syn_a": 0.898611194830092,
   "reg_a": 0.8986951177352267
  },
  "_note": "同一 (img, instr) 下三 token canonical s 两两 Pearson（valid-mask）；接近 1 = 三个 special token 的 attention 图高度同质，U5 选 light 不损失信息"
 },
 "subject_auc": {
  "mask": "veradata bank cache/subject/.subject.png（SAM3 主体软掩膜，逐源单主体）",
  "label_rule": "16×16 格主体覆盖 ≥0.5 判正，仅取 valid（非 pad）格",
  "main_syn_a": {
   "n": 300,
   "light": 0.6636417094833453,
   "colortemp": 0.6560605165485627,
   "colormixer": 0.625703125,
   "luma_baseline": 0.47460468307405124,
   "best_token": "light"
  },
  "region_reg_a": {
   "n": 214,
   "light": 0.6477738685868248,
   "colortemp": 0.6492244493546577,
   "colormixer": 0.6063903052528885,
   "luma_baseline": 0.46496581919350255,
   "best_token": "colortemp"
  },
  "region_reg_b": {
   "n": 214,
   "light": 0.6419197424610659,
   "colortemp": 0.6387852089182826,
   "colormixer": 0.6162775658954149,
   "luma_baseline": 0.46496581919350255,
   "best_token": "light"
  },
  "subject_area16_median": 0.15,
  "by_task_type": {
   "local": {
    "n": 214,
    "light": 0.6900363196125907,
    "colortemp": 0.6823531844499586,
    "colormixer": 0.6526582214082215,
    "luma_baseline": 0.46496581919350255,
    "best_token": "light"
   },
   "style": {
    "n": 86,
    "light": 0.5716602996188594,
    "colortemp": 0.5914453125,
    "colormixer": 0.544116752812405,
    "luma_baseline": 0.5213890842319112,
    "best_token": "colortemp"
   }
  },
  "note": "reg_a（指令点名主体）与 reg_b（指令点名补集）的 AUC 之差 = s 的区域条件性直接读数；≈0 ⇒ s 与指令所指区域无关",
  "rega_minus_regb_light": 0.005854126125758974,
  "paired_rega_vs_regb_light": {
   "paired_n": 212,
   "median_auc_rega": 0.6477738685868248,
   "median_auc_regb": 0.6419197424610659,
   "median_delta": 0.0005051675842751013,
   "mean_delta": 0.007802630156657993,
   "win_rate_rega_gt_regb": 0.5047169811320755,
   "frac_regb_gt_rega": 0.4858490566037736,
   "wilcoxon_p": 0.12060512555944468,
   "by_region_b_kind": {
    "background": {
     "n": 165,
     "frac_regb_gt_rega": 0.4727272727272727
    },
    "spatial": {
     "n": 47,
     "frac_regb_gt_rega": 0.5319148936170213
    }
   },
   "note": "s 是否随指令改变所指区域的**直接**配对检验；median_delta≈0 + win rate≈0.5 + wilcoxon 不显著 ⇒ 无区域条件性"
  }
 },
 "layer_scan": {
  "n_common_sources": 214,
  "n_common_shuffle": 37,
  "criterion": "判别力 sep(L) = ρ_syn(L) − ρ_region_opp(L)（同一批源、同一 valid-mask 口径）；可用读出层需 sep 显著 >0 且 ρ_syn 高、|ρ_Y| 低",
  "best_sep_layer": 20,
  "best_sep_value": 0.006796357061916836,
  "best_auc_layer": 22,
  "canonical_sep": -0.015485026314696837,
  "recommended_band": null,
  "recommendation": "**无层可用于指令条件读出**（sep 最大仅 0.007 < 0.1，全层 ρ_syn ≤ ρ_region_opp）。若 RO-9 降级为「图像驱动主体显著性」用途，按主体掩膜 AUC 偏离 0.5 最大的层选：[6, 11, 20, 21, 22, 23]（AUC 中位 [0.727, 0.812, 0.799, 0.804, 0.834, 0.751]）"
 },
 "band_scan": {
  "note": "候选区间 = canonical(L8-15) + 逐层曲线峰簇 + 全层兜底；区间内 head-mean logit 先按层平均再算指标（与 canonical 同口径）",
  "bands": [
   {
    "band": [
     8,
     15
    ],
    "rho_syn_median": 0.8669606945344244,
    "rho_opp_median": 0.8695731236897191,
    "rho_y_abs_median": 0.17706933278449188,
    "rho_region_opp_median": 0.8835876707193978,
    "sep_syn_minus_region": -0.01662697618497344,
    "auc_light_median": 0.6477738685868248,
    "auc_colortemp_median": 0.6492244493546577,
    "auc_colormixer_median": 0.6063903052528885
   },
   {
    "band": [
     0,
     23
    ],
    "rho_syn_median": 0.8285058714997127,
    "rho_opp_median": 0.8237980782692915,
    "rho_y_abs_median": 0.17826541077344132,
    "rho_region_opp_median": 0.8432563477031683,
    "sep_syn_minus_region": -0.014750476203455598,
    "auc_light_median": 0.6964540232367296,
    "auc_colortemp_median": 0.6601152244007509,
    "auc_colormixer_median": 0.6119510259937837
   },
   {
    "band": [
     2,
     9
    ],
    "rho_syn_median": 0.5705109088673146,
    "rho_opp_median": 0.5806706430156455,
    "rho_y_abs_median": 0.1344280507555897,
    "rho_region_opp_median": 0.6001873206117616,
    "sep_syn_minus_region": -0.029676411744447018,
    "auc_light_median": 0.6190977459359812,
    "auc_colortemp_median": 0.5936343008266853,
    "auc_colormixer_median": 0.5869600456002353
   },
   {
    "band": [
     6,
     11
    ],
    "rho_syn_median": 0.7926535770926546,
    "rho_opp_median": 0.805439432992278,
    "rho_y_abs_median": 0.17508003826828583,
    "rho_region_opp_median": 0.8131843026151707,
    "sep_syn_minus_region": -0.020530725522516113,
    "auc_light_median": 0.6708763050674815,
    "auc_colortemp_median": 0.6628888475470294,
    "auc_colormixer_median": 0.6289814467535826
   },
   {
    "band": [
     11,
     11
    ],
    "rho_syn_median": 0.9939142463134005,
    "rho_opp_median": 0.9939388060254826,
    "rho_y_abs_median": 0.21040731700817733,
    "rho_region_opp_median": 0.9948163901923259,
    "sep_syn_minus_region": -0.0009021438789253988,
    "auc_light_median": 0.8118977625683736,
    "auc_colortemp_median": 0.8322040887952971,
    "auc_colormixer_median": 0.7397090077375961
   },
   {
    "band": [
     16,
     23
    ],
    "rho_syn_median": 0.9544366802403861,
    "rho_opp_median": 0.9521591448619601,
    "rho_y_abs_median": 0.18817760505315223,
    "rho_region_opp_median": 0.9568827627111762,
    "sep_syn_minus_region": -0.002446082470790145,
    "auc_light_median": 0.7665596319828745,
    "auc_colortemp_median": 0.6757993382584784,
    "auc_colormixer_median": 0.6200243269780324
   },
   {
    "band": [
     19,
     23
    ],
    "rho_syn_median": 0.9487949816494776,
    "rho_opp_median": 0.9434017899236042,
    "rho_y_abs_median": 0.1998161016174467,
    "rho_region_opp_median": 0.950224304096994,
    "sep_syn_minus_region": -0.001429322447516368,
    "auc_light_median": 0.8083084683148622,
    "auc_colortemp_median": 0.7027768284347231,
    "auc_colormixer_median": 0.5742013270946527
   },
   {
    "band": [
     20,
     23
    ],
    "rho_syn_median": 0.9673344652400031,
    "rho_opp_median": 0.9619541695858695,
    "rho_y_abs_median": 0.20912478548940666,
    "rho_region_opp_median": 0.967499407572183,
    "sep_syn_minus_region": -0.00016494233217989596,
    "auc_light_median": 0.8161488884972685,
    "auc_colortemp_median": 0.7087413840639647,
    "auc_colormixer_median": 0.5797436971665588
   },
   {
    "band": [
     20,
     22
    ],
    "rho_syn_median": 0.9811874424056821,
    "rho_opp_median": 0.9735343936217904,
    "rho_y_abs_median": 0.20387829156967274,
    "rho_region_opp_median": 0.9780876501697675,
    "sep_syn_minus_region": 0.0030997922359146113,
    "auc_light_median": 0.8249058291245792,
    "auc_colortemp_median": 0.7076343141560533,
    "auc_colormixer_median": 0.5954131652661064
   },
   {
    "band": [
     22,
     22
    ],
    "rho_syn_median": 0.967240358523219,
    "rho_opp_median": 0.9621882027448492,
    "rho_y_abs_median": 0.2163226694091564,
    "rho_region_opp_median": 0.9666793509738499,
    "sep_syn_minus_region": 0.0005610075493690525,
    "auc_light_median": 0.8339766752892942,
    "auc_colortemp_median": 0.6783654847867995,
    "auc_colormixer_median": 0.4948705322156292
   }
  ],
  "canonical_band_row": {
   "band": [
    8,
    15
   ],
   "rho_syn_median": 0.8669606945344244,
   "rho_opp_median": 0.8695731236897191,
   "rho_y_abs_median": 0.17706933278449188,
   "rho_region_opp_median": 0.8835876707193978,
   "sep_syn_minus_region": -0.01662697618497344,
   "auc_light_median": 0.6477738685868248,
   "auc_colortemp_median": 0.6492244493546577,
   "auc_colormixer_median": 0.6063903052528885
  },
  "best_by_sep": {
   "band": [
    20,
    22
   ],
   "rho_syn_median": 0.9811874424056821,
   "rho_opp_median": 0.9735343936217904,
   "rho_y_abs_median": 0.20387829156967274,
   "rho_region_opp_median": 0.9780876501697675,
   "sep_syn_minus_region": 0.0030997922359146113,
   "auc_light_median": 0.8249058291245792,
   "auc_colortemp_median": 0.7076343141560533,
   "auc_colormixer_median": 0.5954131652661064
  },
  "best_by_subject_auc": {
   "band": [
    22,
    22
   ],
   "rho_syn_median": 0.967240358523219,
   "rho_opp_median": 0.9621882027448492,
   "rho_y_abs_median": 0.2163226694091564,
   "rho_region_opp_median": 0.9666793509738499,
   "sep_syn_minus_region": 0.0005610075493690525,
   "auc_light_median": 0.8339766752892942,
   "auc_colortemp_median": 0.6783654847867995,
   "auc_colormixer_median": 0.4948705322156292
  },
  "recommended_band": [
   22,
   22
  ],
  "recommendation": "判别力口径全线失效（各区间 sep ≤ 0.003，canonical L8-15 sep = -0.017）⇒ **没有任何区间支持指令条件读出**。若 RO-9 仅保留「图像驱动主体显著性」用途，推荐区间 = L22–22（AUC_light 中位 0.834，对比 canonical L8-15 的 0.648）"
 },
 "shuffle_control": {
  "n": 60,
  "rho_shuf_median": 0.8949936556056728,
  "paired_rho_syn_median": 0.841971576212819,
  "paired_rho_opp_median": 0.8921670869868654,
  "paired_delta_syn_minus_shuf": -0.015290930165162142,
  "paired_win_rate_syn_gt_shuf": 0.4,
  "paired_n": 60,
  "layer_median_curve": [
   -0.0073454947312287504,
   0.3272650968051839,
   0.7954527037135105,
   0.39142686869508025,
   0.2741741189292992,
   0.5604648067531861,
   0.6282745453246765,
   0.8989119659912874,
   0.418245835332104,
   0.9500185605773371,
   0.6244025762234932,
   0.9926105714641593,
   0.9241039627899892,
   0.8630776521806294,
   0.9875393250739486,
   0.7257162040284415,
   0.8613261051173207,
   0.9729344186120803,
   0.9673727492491891,
   0.6495515669863917,
   0.9509623041413668,
   0.9650505504805185,
   0.9550907360459437,
   0.8554518712138466
  ],
  "note": "≈rho_syn ⇒ s 无指令条件性（NOTES §六）"
 },
 "region_opposition": {
  "n": 214,
  "rho_region_opp_median": 0.8835807256925441,
  "rho_region_opp_sp_median": 0.7937616864031876,
  "rho_region_opp_allcells_median": 0.9459010942383516,
  "fallback_rate": 0.009345794392523364,
  "by_pool": {
   "unsplash": 0.8905227036473452,
   "awards": 0.8528023334413539,
   "ppr10k": 0.8936602765491751
  },
  "by_region_b_kind": {
   "background": {
    "n": 165,
    "median": 0.8873680316896561
   },
   "spatial": {
    "n": 49,
    "median": 0.8705414226430767
   }
  },
  "by_direction": {
   "brighten": 0.885968512651487,
   "darken": 0.8759157259970928
  },
  "by_conf": {
   "normal": {
    "n": 152,
    "median": 0.881438340725702
   },
   "low": {
    "n": 62,
    "median": 0.8921327982370786
   }
  },
  "rho_region_opp_q10_q90": [
   0.7146437207142333,
   0.9600632114547643
  ],
  "n_below_0.3": 0,
  "layer_median_curve": [
   0.04498739536899781,
   0.3302602085015247,
   0.8303493720637624,
   0.42562230842562593,
   0.2697671221203215,
   0.6082463623485088,
   0.6630541960596347,
   0.9197844873173839,
   0.41585960930346016,
   0.9533458730159212,
   0.619781745906351,
   0.9948163901923259,
   0.9160832484130608,
   0.8942721202405088,
   0.9876781625509279,
   0.7076006919580287,
   0.8569189325304105,
   0.9710679652399932,
   0.9754281560456772,
   0.6688794823880985,
   0.9439141074963916,
   0.9801633240280085,
   0.9666793509738499,
   0.8609074113560676
  ]
 }
}
viz: 12 cases -> experiments/G1_s_identifiability_20260803/viz
region viz: 12 cases -> experiments/G1_s_identifiability_20260803/viz
instr-blind viz: 3 cases (candidate pool=17, region batch=214) -> experiments/G1_s_identifiability_20260803/viz
