cache: 400 samples
embeddings (151936, 2560)  (2s)
pass 1: raw similarity fields
  400 samples with nouns + cache (5s)
  arm-wide dot: center=0.6269 scale=0.8149 domain=[-5.469, 10.363]
  arm-wide cosine: center=0.0214 scale=0.0248 domain=[-0.063, 0.141]
pass 2: project and decode
  prep [100/400] 8s
  prep [200/400] 12s
  prep [300/400] 16s
  prep [400/400] 19s
2b: 1200 fits on 40 workers (19s)
  fits done (335s)
2c: decode and score

=== E5 ===
n=400  oracle ceiling median 0.9737
random floor median  0.2582
centre prior median  0.5088
             dot: prior 0.4362 -> full_fit 0.4478 | ridge 0.2998 | bf1 0.2390 | hi 0.3664
          cosine: prior 0.3917 -> full_fit 0.3950 | ridge 0.3056 | bf1 0.2160 | hi 0.3495
    centre_prior: prior 0.5088 -> full_fit 0.5163 | ridge 0.2248 | bf1 0.2000 | hi 0.4555
VERDICT: {"best_arm_median_softiou16": 0.5163250172977953, "dot_median_softiou16": 0.44778502035013534, "refinement_problem_ge_0.70": false, "from_scratch_le_0.40": false}
done in 6.0 min -> experiments/Q3VL_metacanvas_where_what_20260804/where_b/amort_e5_20260810
