[grid] START fixed/naive/s0  2026-08-03T09:42:58+08:00
[fixed/naive/s0] [g3] train 400 pairs / 12000000 px; val 48 pairs; dataset=fixed
[fixed/naive/s0] [g3] arm=naive N=32 params=876
[fixed/naive/s0] [g3] step 0  sigma_s q50=0.1500  D_shuf=+0.000
[fixed/naive/s0] [g3] step   1000  loss 0.00161  sig_s q50 0.1474 max 0.1621  sens 0.00220  D_const +13.653  D_shuf +14.832  (39s)
[fixed/naive/s0] [g3] step   2000  loss 0.00163  sig_s q50 0.1462 max 0.1664  sens 0.00222  D_const +13.589  D_shuf +14.782  (75s)
[fixed/naive/s0] [g3] step   3000  loss 0.00148  sig_s q50 0.1436 max 0.1735  sens 0.00228  D_const +13.497  D_shuf +14.695  (111s)
[fixed/naive/s0] [g3] step   4000  loss 0.00145  sig_s q50 0.1424 max 0.1768  sens 0.00226  D_const +13.510  D_shuf +14.748  (147s)
[fixed/naive/s0] [g3] step   5000  loss 0.00130  sig_s q50 0.1426 max 0.1750  sens 0.00220  D_const +13.527  D_shuf +14.778  (183s)
[fixed/naive/s0] [g3] step   6000  loss 0.00150  sig_s q50 0.1420 max 0.1873  sens 0.00215  D_const +13.436  D_shuf +14.688  (219s)
[fixed/naive/s0] [g3] step   7000  loss 0.00142  sig_s q50 0.1416 max 0.1928  sens 0.00214  D_const +13.358  D_shuf +14.647  (255s)
[fixed/naive/s0] [g3] step   8000  loss 0.00141  sig_s q50 0.1415 max 0.1965  sens 0.00210  D_const +13.456  D_shuf +14.737  (291s)
[fixed/naive/s0] [g3] step   9000  loss 0.00114  sig_s q50 0.1416 max 0.1977  sens 0.00207  D_const +13.474  D_shuf +14.748  (327s)
[fixed/naive/s0] [g3] step  10000  loss 0.00121  sig_s q50 0.1417 max 0.1972  sens 0.00213  D_const +13.415  D_shuf +14.690  (365s)
[fixed/naive/s0] [g3] step  11000  loss 0.00108  sig_s q50 0.1406 max 0.1928  sens 0.00209  D_const +13.474  D_shuf +14.728  (402s)
[fixed/naive/s0] [g3] step  12000  loss 0.00105  sig_s q50 0.1408 max 0.1875  sens 0.00213  D_const +13.444  D_shuf +14.696  (439s)
[fixed/naive/s0] [g3] step  13000  loss 0.00102  sig_s q50 0.1406 max 0.1828  sens 0.00211  D_const +13.468  D_shuf +14.718  (476s)
[fixed/naive/s0] [g3] step  14000  loss 0.00099  sig_s q50 0.1405 max 0.1792  sens 0.00215  D_const +13.450  D_shuf +14.708  (514s)
[fixed/naive/s0] [g3] step  15000  loss 0.00096  sig_s q50 0.1402 max 0.1771  sens 0.00209  D_const +13.458  D_shuf +14.713  (551s)
[fixed/naive/s0] [g3] step  16000  loss 0.00094  sig_s q50 0.1402 max 0.1759  sens 0.00208  D_const +13.459  D_shuf +14.715  (588s)
[fixed/naive/s0] [g3] step  17000  loss 0.00091  sig_s q50 0.1403 max 0.1753  sens 0.00209  D_const +13.427  D_shuf +14.679  (625s)
[fixed/naive/s0] [g3] step  18000  loss 0.00090  sig_s q50 0.1400 max 0.1747  sens 0.00207  D_const +13.474  D_shuf +14.723  (662s)
[fixed/naive/s0] [g3] step  19000  loss 0.00088  sig_s q50 0.1400 max 0.1751  sens 0.00207  D_const +13.461  D_shuf +14.708  (699s)
