[grid] START fixed/naive/s0  2026-08-03T09:57:11+08:00
[fixed/naive/s0] [g3] train 400 pairs / 12000000 px; val 48 pairs; dataset=fixed
[fixed/naive/s0] [g3] arm=naive N=32 params=876
[fixed/naive/s0] [g3] step 0  sigma_s q50=0.1500  D_shuf=+0.000
[fixed/naive/s0] [g3] step   1000  loss 0.00161  sig_s q50 0.1474 max 0.1621  sens 0.00214  D_const +15.491  D_shuf +18.325  (40s)
[fixed/naive/s0] [g3] step   2000  loss 0.00163  sig_s q50 0.1462 max 0.1664  sens 0.00194  D_const +15.631  D_shuf +18.485  (76s)
[fixed/naive/s0] [g3] step   3000  loss 0.00148  sig_s q50 0.1436 max 0.1735  sens 0.00194  D_const +15.670  D_shuf +18.525  (112s)
[fixed/naive/s0] [g3] step   4000  loss 0.00145  sig_s q50 0.1424 max 0.1768  sens 0.00194  D_const +15.591  D_shuf +18.478  (148s)
[fixed/naive/s0] [g3] step   5000  loss 0.00130  sig_s q50 0.1426 max 0.1750  sens 0.00188  D_const +15.704  D_shuf +18.574  (184s)
[fixed/naive/s0] [g3] step   6000  loss 0.00150  sig_s q50 0.1420 max 0.1873  sens 0.00184  D_const +15.617  D_shuf +18.480  (220s)
[fixed/naive/s0] [g3] step   7000  loss 0.00142  sig_s q50 0.1416 max 0.1928  sens 0.00187  D_const +15.613  D_shuf +18.500  (257s)
[fixed/naive/s0] [g3] step   8000  loss 0.00141  sig_s q50 0.1415 max 0.1965  sens 0.00179  D_const +15.615  D_shuf +18.496  (294s)
[fixed/naive/s0] [g3] step   9000  loss 0.00114  sig_s q50 0.1416 max 0.1977  sens 0.00181  D_const +15.791  D_shuf +18.676  (333s)
[fixed/naive/s0] [g3] step  10000  loss 0.00121  sig_s q50 0.1417 max 0.1972  sens 0.00182  D_const +15.628  D_shuf +18.521  (370s)
[fixed/naive/s0] [g3] step  11000  loss 0.00108  sig_s q50 0.1406 max 0.1928  sens 0.00182  D_const +15.671  D_shuf +18.560  (406s)
[fixed/naive/s0] [g3] step  12000  loss 0.00105  sig_s q50 0.1408 max 0.1875  sens 0.00183  D_const +15.647  D_shuf +18.529  (441s)
[fixed/naive/s0] [g3] step  13000  loss 0.00102  sig_s q50 0.1406 max 0.1828  sens 0.00181  D_const +15.661  D_shuf +18.542  (477s)
[fixed/naive/s0] [g3] step  14000  loss 0.00099  sig_s q50 0.1405 max 0.1792  sens 0.00182  D_const +15.652  D_shuf +18.536  (512s)
[fixed/naive/s0] [g3] step  15000  loss 0.00096  sig_s q50 0.1402 max 0.1771  sens 0.00179  D_const +15.687  D_shuf +18.575  (547s)
[fixed/naive/s0] [g3] step  16000  loss 0.00094  sig_s q50 0.1402 max 0.1759  sens 0.00178  D_const +15.745  D_shuf +18.634  (582s)
[fixed/naive/s0] [g3] step  17000  loss 0.00091  sig_s q50 0.1403 max 0.1753  sens 0.00175  D_const +15.623  D_shuf +18.506  (617s)
[fixed/naive/s0] [g3] step  18000  loss 0.00090  sig_s q50 0.1400 max 0.1747  sens 0.00177  D_const +15.730  D_shuf +18.617  (652s)
[fixed/naive/s0] [g3] step  19000  loss 0.00088  sig_s q50 0.1400 max 0.1751  sens 0.00174  D_const +15.657  D_shuf +18.539  (690s)
[fixed/naive/s0] [g3] step  20000  loss 0.00086  sig_s q50 0.1399 max 0.1755  sens 0.00174  D_const +15.706  D_shuf +18.593  (727s)
[fixed/naive/s0] [g3] step  21000  loss 0.00085  sig_s q50 0.1399 max 0.1760  sens 0.00174  D_const +15.704  D_shuf +18.591  (765s)
[fixed/naive/s0] [g3] step  22000  loss 0.00084  sig_s q50 0.1399 max 0.1766  sens 0.00173  D_const +15.714  D_shuf +18.601  (803s)
[fixed/naive/s0] [g3] step  23000  loss 0.00083  sig_s q50 0.1399 max 0.1768  sens 0.00172  D_const +15.670  D_shuf +18.554  (842s)
[fixed/naive/s0] [g3] step  24000  loss 0.00083  sig_s q50 0.1399 max 0.1774  sens 0.00173  D_const +15.678  D_shuf +18.565  (879s)
[fixed/naive/s0] [g3] step  25000  loss 0.00083  sig_s q50 0.1398 max 0.1775  sens 0.00172  D_const +15.680  D_shuf +18.566  (917s)
[fixed/naive/s0] {
[fixed/naive/s0]  "arm": "naive",
[fixed/naive/s0]  "dataset": "fixed",
[fixed/naive/s0]  "verdict": "no_collapse"
[fixed/naive/s0] }
[fixed/naive/s0] [g3] D_shuffle=+18.203 dB  D_const=+15.266 dB  sigma_s q50=0.1398  verdict=no_collapse
[fixed/naive/s0] G3_RUN_DONE
[grid] END   fixed/naive/s0  2026-08-03T10:13:13+08:00
[grid] START fixed/anchored/s0  2026-08-03T10:13:13+08:00
[fixed/anchored/s0] [g3] train 400 pairs / 12000000 px; val 48 pairs; dataset=fixed
[fixed/anchored/s0] [g3] arm=anchored N=32 params=844
[fixed/anchored/s0] [g3] step 0  sigma_s q50=0.1500  D_shuf=+0.000
[fixed/anchored/s0] [g3] step   1000  loss 0.00154  sig_s q50 0.1538 max 0.2300  sens 0.00197  D_const +15.809  D_shuf +18.710  (39s)
[fixed/anchored/s0] [g3] step   2000  loss 0.00145  sig_s q50 0.1608 max 0.2451  sens 0.00186  D_const +15.609  D_shuf +18.527  (76s)
[fixed/anchored/s0] [g3] step   3000  loss 0.00126  sig_s q50 0.1608 max 0.2502  sens 0.00184  D_const +15.873  D_shuf +18.756  (114s)
[fixed/anchored/s0] [g3] step   4000  loss 0.00122  sig_s q50 0.1629 max 0.2534  sens 0.00188  D_const +15.859  D_shuf +18.730  (150s)
[fixed/anchored/s0] [g3] step   5000  loss 0.00120  sig_s q50 0.1639 max 0.2580  sens 0.00195  D_const +15.865  D_shuf +18.737  (186s)
[fixed/anchored/s0] [g3] step   6000  loss 0.00117  sig_s q50 0.1632 max 0.2611  sens 0.00191  D_const +15.874  D_shuf +18.743  (221s)
[fixed/anchored/s0] [g3] step   7000  loss 0.00117  sig_s q50 0.1641 max 0.2629  sens 0.00183  D_const +15.847  D_shuf +18.716  (257s)
[fixed/anchored/s0] [g3] step   8000  loss 0.00116  sig_s q50 0.1656 max 0.2640  sens 0.00187  D_const +15.702  D_shuf +18.572  (293s)
[fixed/anchored/s0] [g3] step   9000  loss 0.00110  sig_s q50 0.1664 max 0.2648  sens 0.00185  D_const +15.891  D_shuf +18.760  (327s)
[fixed/anchored/s0] [g3] step  10000  loss 0.00113  sig_s q50 0.1669 max 0.2657  sens 0.00189  D_const +15.719  D_shuf +18.574  (362s)
[fixed/anchored/s0] [g3] step  11000  loss 0.00109  sig_s q50 0.1685 max 0.2660  sens 0.00190  D_const +15.797  D_shuf +18.683  (397s)
[fixed/anchored/s0] [g3] step  12000  loss 0.00108  sig_s q50 0.1732 max 0.2665  sens 0.00181  D_const +15.739  D_shuf +18.606  (432s)
[fixed/anchored/s0] [g3] step  13000  loss 0.00106  sig_s q50 0.1742 max 0.2668  sens 0.00178  D_const +15.843  D_shuf +18.722  (467s)
[fixed/anchored/s0] [g3] step  14000  loss 0.00098  sig_s q50 0.1749 max 0.2672  sens 0.00179  D_const +15.816  D_shuf +18.694  (502s)
[fixed/anchored/s0] [g3] step  15000  loss 0.00099  sig_s q50 0.1752 max 0.2674  sens 0.00178  D_const +15.786  D_shuf +18.653  (537s)
[fixed/anchored/s0] [g3] step  16000  loss 0.00095  sig_s q50 0.1759 max 0.2675  sens 0.00177  D_const +15.880  D_shuf +18.757  (571s)
[fixed/anchored/s0] [g3] step  17000  loss 0.00095  sig_s q50 0.1762 max 0.2677  sens 0.00177  D_const +15.763  D_shuf +18.638  (606s)
[fixed/anchored/s0] [g3] step  18000  loss 0.00090  sig_s q50 0.1765 max 0.2677  sens 0.00177  D_const +15.863  D_shuf +18.739  (641s)
[fixed/anchored/s0] [g3] step  19000  loss 0.00089  sig_s q50 0.1765 max 0.2679  sens 0.00173  D_const +15.806  D_shuf +18.683  (676s)
[fixed/anchored/s0] [g3] step  20000  loss 0.00086  sig_s q50 0.1765 max 0.2679  sens 0.00175  D_const +15.802  D_shuf +18.679  (711s)
[fixed/anchored/s0] [g3] step  21000  loss 0.00083  sig_s q50 0.1766 max 0.2680  sens 0.00173  D_const +15.831  D_shuf +18.708  (746s)
[fixed/anchored/s0] [g3] step  22000  loss 0.00082  sig_s q50 0.1767 max 0.2680  sens 0.00173  D_const +15.812  D_shuf +18.689  (781s)
[fixed/anchored/s0] [g3] step  23000  loss 0.00081  sig_s q50 0.1768 max 0.2681  sens 0.00172  D_const +15.791  D_shuf +18.665  (817s)
[fixed/anchored/s0] [g3] step  24000  loss 0.00081  sig_s q50 0.1768 max 0.2681  sens 0.00172  D_const +15.804  D_shuf +18.680  (852s)
[fixed/anchored/s0] [g3] step  25000  loss 0.00080  sig_s q50 0.1768 max 0.2681  sens 0.00172  D_const +15.799  D_shuf +18.674  (887s)
[fixed/anchored/s0] {
[fixed/anchored/s0]  "arm": "anchored",
[fixed/anchored/s0]  "dataset": "fixed",
[fixed/anchored/s0]  "verdict": "no_collapse"
[fixed/anchored/s0] }
[fixed/anchored/s0] [g3] D_shuffle=+18.354 dB  D_const=+15.429 dB  sigma_s q50=0.1768  verdict=no_collapse
[fixed/anchored/s0] G3_RUN_DONE
[grid] END   fixed/anchored/s0  2026-08-03T10:28:45+08:00
[grid] START fixed/naive/s1  2026-08-03T10:28:45+08:00
[fixed/naive/s1] [g3] train 400 pairs / 12000000 px; val 48 pairs; dataset=fixed
[fixed/naive/s1] [g3] arm=naive N=32 params=876
[fixed/naive/s1] [g3] step 0  sigma_s q50=0.1500  D_shuf=+0.000
[fixed/naive/s1] [g3] step   1000  loss 0.00158  sig_s q50 0.1487 max 0.1680  sens 0.00185  D_const +15.487  D_shuf +17.432  (38s)
[fixed/naive/s1] [g3] step   2000  loss 0.00147  sig_s q50 0.1470 max 0.1716  sens 0.00170  D_const +15.714  D_shuf +17.631  (72s)
[fixed/naive/s1] [g3] step   3000  loss 0.00134  sig_s q50 0.1456 max 0.2022  sens 0.00166  D_const +15.838  D_shuf +17.765  (106s)
[fixed/naive/s1] [g3] step   4000  loss 0.00139  sig_s q50 0.1448 max 0.2018  sens 0.00166  D_const +15.821  D_shuf +17.723  (141s)
[fixed/naive/s1] [g3] step   5000  loss 0.00150  sig_s q50 0.1449 max 0.2052  sens 0.00164  D_const +15.642  D_shuf +17.550  (176s)
[fixed/naive/s1] [g3] step   6000  loss 0.00134  sig_s q50 0.1458 max 0.2029  sens 0.00162  D_const +15.859  D_shuf +17.782  (210s)
[fixed/naive/s1] [g3] step   7000  loss 0.00122  sig_s q50 0.1442 max 0.1991  sens 0.00168  D_const +15.805  D_shuf +17.724  (244s)
[fixed/naive/s1] [g3] step   8000  loss 0.00117  sig_s q50 0.1437 max 0.1940  sens 0.00167  D_const +15.753  D_shuf +17.688  (280s)
[fixed/naive/s1] [g3] step   9000  loss 0.00112  sig_s q50 0.1433 max 0.1898  sens 0.00163  D_const +15.775  D_shuf +17.698  (314s)
[fixed/naive/s1] [g3] step  10000  loss 0.00110  sig_s q50 0.1423 max 0.1869  sens 0.00163  D_const +15.812  D_shuf +17.743  (349s)
[fixed/naive/s1] [g3] step  11000  loss 0.00107  sig_s q50 0.1421 max 0.1842  sens 0.00165  D_const +15.750  D_shuf +17.685  (384s)
[fixed/naive/s1] [g3] step  12000  loss 0.00104  sig_s q50 0.1418 max 0.1862  sens 0.00163  D_const +15.832  D_shuf +17.759  (419s)
[fixed/naive/s1] [g3] step  13000  loss 0.00101  sig_s q50 0.1421 max 0.1866  sens 0.00161  D_const +15.792  D_shuf +17.720  (452s)
[fixed/naive/s1] [g3] step  14000  loss 0.00099  sig_s q50 0.1423 max 0.1873  sens 0.00161  D_const +15.828  D_shuf +17.761  (485s)
[fixed/naive/s1] [g3] step  15000  loss 0.00099  sig_s q50 0.1409 max 0.1877  sens 0.00160  D_const +15.796  D_shuf +17.728  (519s)
[fixed/naive/s1] [g3] step  16000  loss 0.00097  sig_s q50 0.1414 max 0.1872  sens 0.00159  D_const +15.798  D_shuf +17.731  (553s)
[fixed/naive/s1] [g3] step  17000  loss 0.00091  sig_s q50 0.1425 max 0.1864  sens 0.00159  D_const +15.816  D_shuf +17.752  (586s)
[fixed/naive/s1] [g3] step  18000  loss 0.00089  sig_s q50 0.1430 max 0.1858  sens 0.00158  D_const +15.800  D_shuf +17.737  (618s)
[fixed/naive/s1] [g3] step  19000  loss 0.00086  sig_s q50 0.1425 max 0.1846  sens 0.00158  D_const +15.800  D_shuf +17.736  (668s)
[fixed/naive/s1] [g3] step  20000  loss 0.00085  sig_s q50 0.1411 max 0.1840  sens 0.00157  D_const +15.804  D_shuf +17.737  (746s)
[fixed/naive/s1] [g3] step  21000  loss 0.00083  sig_s q50 0.1412 max 0.1834  sens 0.00157  D_const +15.813  D_shuf +17.746  (828s)
[fixed/naive/s1] [g3] step  22000  loss 0.00083  sig_s q50 0.1417 max 0.1829  sens 0.00157  D_const +15.792  D_shuf +17.728  (914s)
[fixed/naive/s1] [g3] step  23000  loss 0.00082  sig_s q50 0.1422 max 0.1826  sens 0.00156  D_const +15.790  D_shuf +17.724  (997s)
[fixed/naive/s1] [g3] step  24000  loss 0.00081  sig_s q50 0.1424 max 0.1823  sens 0.00156  D_const +15.800  D_shuf +17.734  (1081s)
[fixed/naive/s1] [g3] step  25000  loss 0.00081  sig_s q50 0.1425 max 0.1822  sens 0.00156  D_const +15.790  D_shuf +17.724  (1163s)
[fixed/naive/s1] {
[fixed/naive/s1]  "arm": "naive",
[fixed/naive/s1]  "dataset": "fixed",
[fixed/naive/s1]  "verdict": "no_collapse"
[fixed/naive/s1] }
[fixed/naive/s1] [g3] D_shuffle=+18.115 dB  D_const=+15.375 dB  sigma_s q50=0.1425  verdict=no_collapse
[fixed/naive/s1] G3_RUN_DONE
[grid] END   fixed/naive/s1  2026-08-03T10:49:54+08:00
[grid] START fixed/anchored/s1  2026-08-03T10:49:54+08:00
[fixed/anchored/s1] [g3] train 400 pairs / 12000000 px; val 48 pairs; dataset=fixed
[fixed/anchored/s1] [g3] arm=anchored N=32 params=844
[fixed/anchored/s1] [g3] step 0  sigma_s q50=0.1500  D_shuf=+0.000
[fixed/anchored/s1] [g3] step   1000  loss 0.00158  sig_s q50 0.1552 max 0.1930  sens 0.00178  D_const +15.682  D_shuf +17.604  (40s)
[fixed/anchored/s1] [g3] step   2000  loss 0.00152  sig_s q50 0.1609 max 0.2150  sens 0.00171  D_const +15.555  D_shuf +17.549  (77s)
[fixed/anchored/s1] [g3] step   3000  loss 0.00163  sig_s q50 0.1627 max 0.2346  sens 0.00174  D_const +15.712  D_shuf +17.664  (145s)
[fixed/anchored/s1] [g3] step   4000  loss 0.00144  sig_s q50 0.1637 max 0.2458  sens 0.00174  D_const +15.738  D_shuf +17.658  (261s)
[fixed/anchored/s1] [g3] step   5000  loss 0.00125  sig_s q50 0.1637 max 0.2530  sens 0.00174  D_const +15.679  D_shuf +17.629  (374s)
[fixed/anchored/s1] [g3] step   6000  loss 0.00130  sig_s q50 0.1660 max 0.2578  sens 0.00168  D_const +15.550  D_shuf +17.517  (489s)
[fixed/anchored/s1] [g3] step   7000  loss 0.00136  sig_s q50 0.1674 max 0.2605  sens 0.00165  D_const +15.799  D_shuf +17.719  (592s)
[fixed/anchored/s1] [g3] step   8000  loss 0.00121  sig_s q50 0.1687 max 0.2628  sens 0.00169  D_const +15.805  D_shuf +17.735  (706s)
[fixed/anchored/s1] [g3] step   9000  loss 0.00110  sig_s q50 0.1729 max 0.2649  sens 0.00162  D_const +15.808  D_shuf +17.740  (817s)
[fixed/anchored/s1] [g3] step  10000  loss 0.00126  sig_s q50 0.1758 max 0.2673  sens 0.00168  D_const +15.781  D_shuf +17.714  (956s)
[fixed/anchored/s1] [g3] step  11000  loss 0.00120  sig_s q50 0.1774 max 0.2700  sens 0.00166  D_const +15.805  D_shuf +17.734  (1074s)
[fixed/anchored/s1] [g3] step  12000  loss 0.00114  sig_s q50 0.1788 max 0.2725  sens 0.00164  D_const +15.848  D_shuf +17.776  (1180s)
[fixed/anchored/s1] [g3] step  13000  loss 0.00110  sig_s q50 0.1787 max 0.2743  sens 0.00162  D_const +15.799  D_shuf +17.707  (1302s)
[fixed/anchored/s1] [g3] step  14000  loss 0.00097  sig_s q50 0.1781 max 0.2760  sens 0.00164  D_const +15.789  D_shuf +17.723  (1414s)
[fixed/anchored/s1] [g3] step  15000  loss 0.00098  sig_s q50 0.1788 max 0.2774  sens 0.00159  D_const +15.893  D_shuf +17.818  (1515s)
[fixed/anchored/s1] [g3] step  16000  loss 0.00094  sig_s q50 0.1795 max 0.2785  sens 0.00159  D_const +15.809  D_shuf +17.748  (1569s)
[fixed/anchored/s1] [g3] step  17000  loss 0.00089  sig_s q50 0.1794 max 0.2794  sens 0.00158  D_const +15.868  D_shuf +17.799  (1605s)
[fixed/anchored/s1] [g3] step  18000  loss 0.00088  sig_s q50 0.1795 max 0.2802  sens 0.00158  D_const +15.797  D_shuf +17.740  (1641s)
[fixed/anchored/s1] [g3] step  19000  loss 0.00085  sig_s q50 0.1797 max 0.2807  sens 0.00155  D_const +15.858  D_shuf +17.793  (1679s)
[fixed/anchored/s1] [g3] step  20000  loss 0.00084  sig_s q50 0.1799 max 0.2812  sens 0.00155  D_const +15.815  D_shuf +17.747  (1717s)
[fixed/anchored/s1] [g3] step  21000  loss 0.00082  sig_s q50 0.1800 max 0.2815  sens 0.00155  D_const +15.821  D_shuf +17.754  (1753s)
[fixed/anchored/s1] [g3] step  22000  loss 0.00081  sig_s q50 0.1801 max 0.2818  sens 0.00155  D_const +15.810  D_shuf +17.743  (1789s)
[fixed/anchored/s1] [g3] step  23000  loss 0.00080  sig_s q50 0.1801 max 0.2820  sens 0.00154  D_const +15.834  D_shuf +17.767  (1826s)
[fixed/anchored/s1] [g3] step  24000  loss 0.00080  sig_s q50 0.1802 max 0.2821  sens 0.00154  D_const +15.843  D_shuf +17.775  (1862s)
[fixed/anchored/s1] [g3] step  25000  loss 0.00079  sig_s q50 0.1801 max 0.2821  sens 0.00154  D_const +15.843  D_shuf +17.775  (1899s)
[fixed/anchored/s1] {
[fixed/anchored/s1]  "arm": "anchored",
[fixed/anchored/s1]  "dataset": "fixed",
[fixed/anchored/s1]  "verdict": "no_collapse"
[fixed/anchored/s1] }
[fixed/anchored/s1] [g3] D_shuffle=+18.093 dB  D_const=+15.344 dB  sigma_s q50=0.1801  verdict=no_collapse
[fixed/anchored/s1] G3_RUN_DONE
[grid] END   fixed/anchored/s1  2026-08-03T11:22:28+08:00
[grid] START fixed/naive/s2  2026-08-03T11:22:28+08:00
[fixed/naive/s2] [g3] train 400 pairs / 12000000 px; val 48 pairs; dataset=fixed
[fixed/naive/s2] [g3] arm=naive N=32 params=876
[fixed/naive/s2] [g3] step 0  sigma_s q50=0.1500  D_shuf=+0.000
[fixed/naive/s2] [g3] step   1000  loss 0.00176  sig_s q50 0.1472 max 0.1664  sens 0.00181  D_const +15.533  D_shuf +17.794  (41s)
[fixed/naive/s2] [g3] step   2000  loss 0.00141  sig_s q50 0.1464 max 0.1780  sens 0.00174  D_const +15.433  D_shuf +17.711  (78s)
[fixed/naive/s2] [g3] step   3000  loss 0.00134  sig_s q50 0.1462 max 0.1861  sens 0.00188  D_const +15.439  D_shuf +17.713  (115s)
[fixed/naive/s2] [g3] step   4000  loss 0.00157  sig_s q50 0.1461 max 0.1914  sens 0.00173  D_const +15.635  D_shuf +17.933  (154s)
[fixed/naive/s2] [g3] step   5000  loss 0.00125  sig_s q50 0.1439 max 0.1906  sens 0.00175  D_const +15.741  D_shuf +18.026  (191s)
[fixed/naive/s2] [g3] step   6000  loss 0.00122  sig_s q50 0.1430 max 0.1920  sens 0.00173  D_const +15.622  D_shuf +17.897  (228s)
[fixed/naive/s2] [g3] step   7000  loss 0.00127  sig_s q50 0.1441 max 0.1957  sens 0.00175  D_const +15.721  D_shuf +17.997  (267s)
[fixed/naive/s2] [g3] step   8000  loss 0.00119  sig_s q50 0.1441 max 0.2001  sens 0.00168  D_const +15.685  D_shuf +17.975  (304s)
[fixed/naive/s2] [g3] step   9000  loss 0.00113  sig_s q50 0.1432 max 0.2043  sens 0.00172  D_const +15.588  D_shuf +17.890  (340s)
[fixed/naive/s2] [g3] step  10000  loss 0.00110  sig_s q50 0.1421 max 0.2181  sens 0.00169  D_const +15.620  D_shuf +17.904  (376s)
[fixed/naive/s2] [g3] step  11000  loss 0.00108  sig_s q50 0.1426 max 0.2303  sens 0.00167  D_const +15.606  D_shuf +17.896  (412s)
[fixed/naive/s2] [g3] step  12000  loss 0.00105  sig_s q50 0.1429 max 0.2489  sens 0.00169  D_const +15.577  D_shuf +17.865  (448s)
[fixed/naive/s2] [g3] step  13000  loss 0.00102  sig_s q50 0.1443 max 0.2506  sens 0.00163  D_const +15.700  D_shuf +17.996  (483s)
[fixed/naive/s2] [g3] step  14000  loss 0.00099  sig_s q50 0.1452 max 0.2566  sens 0.00160  D_const +15.663  D_shuf +17.949  (520s)
[fixed/naive/s2] [g3] step  15000  loss 0.00097  sig_s q50 0.1444 max 0.2580  sens 0.00162  D_const +15.629  D_shuf +17.916  (556s)
[fixed/naive/s2] [g3] step  16000  loss 0.00093  sig_s q50 0.1449 max 0.2548  sens 0.00160  D_const +15.657  D_shuf +17.948  (592s)
[fixed/naive/s2] [g3] step  17000  loss 0.00092  sig_s q50 0.1445 max 0.2515  sens 0.00158  D_const +15.675  D_shuf +17.964  (627s)
[fixed/naive/s2] [g3] step  18000  loss 0.00092  sig_s q50 0.1442 max 0.2493  sens 0.00157  D_const +15.651  D_shuf +17.935  (661s)
[fixed/naive/s2] [g3] step  19000  loss 0.00089  sig_s q50 0.1445 max 0.2481  sens 0.00158  D_const +15.650  D_shuf +17.939  (697s)
[fixed/naive/s2] [g3] step  20000  loss 0.00088  sig_s q50 0.1446 max 0.2469  sens 0.00157  D_const +15.661  D_shuf +17.940  (734s)
[fixed/naive/s2] [g3] step  21000  loss 0.00086  sig_s q50 0.1447 max 0.2461  sens 0.00156  D_const +15.634  D_shuf +17.919  (771s)
[fixed/naive/s2] [g3] step  22000  loss 0.00085  sig_s q50 0.1453 max 0.2454  sens 0.00156  D_const +15.647  D_shuf +17.931  (806s)
[fixed/naive/s2] [g3] step  23000  loss 0.00084  sig_s q50 0.1455 max 0.2450  sens 0.00156  D_const +15.618  D_shuf +17.903  (840s)
[fixed/naive/s2] [g3] step  24000  loss 0.00082  sig_s q50 0.1459 max 0.2447  sens 0.00156  D_const +15.624  D_shuf +17.907  (875s)
[fixed/naive/s2] [g3] step  25000  loss 0.00082  sig_s q50 0.1466 max 0.2445  sens 0.00156  D_const +15.629  D_shuf +17.913  (911s)
[fixed/naive/s2] {
[fixed/naive/s2]  "arm": "naive",
[fixed/naive/s2]  "dataset": "fixed",
[fixed/naive/s2]  "verdict": "no_collapse"
[fixed/naive/s2] }
[fixed/naive/s2] [g3] D_shuffle=+17.920 dB  D_const=+15.257 dB  sigma_s q50=0.1466  verdict=no_collapse
[fixed/naive/s2] G3_RUN_DONE
[grid] END   fixed/naive/s2  2026-08-03T11:38:24+08:00
[grid] START fixed/anchored/s2  2026-08-03T11:38:24+08:00
[fixed/anchored/s2] [g3] train 400 pairs / 12000000 px; val 48 pairs; dataset=fixed
[fixed/anchored/s2] [g3] arm=anchored N=32 params=844
[fixed/anchored/s2] [g3] step 0  sigma_s q50=0.1500  D_shuf=+0.000
[fixed/anchored/s2] [g3] step   1000  loss 0.00163  sig_s q50 0.1533 max 0.2229  sens 0.00172  D_const +15.575  D_shuf +17.888  (38s)
[fixed/anchored/s2] [g3] step   2000  loss 0.00151  sig_s q50 0.1556 max 0.2395  sens 0.00179  D_const +15.510  D_shuf +17.845  (73s)
[fixed/anchored/s2] [g3] step   3000  loss 0.00127  sig_s q50 0.1593 max 0.2457  sens 0.00175  D_const +15.703  D_shuf +17.991  (109s)
[fixed/anchored/s2] [g3] step   4000  loss 0.00124  sig_s q50 0.1613 max 0.2492  sens 0.00175  D_const +15.793  D_shuf +18.078  (144s)
[fixed/anchored/s2] [g3] step   5000  loss 0.00122  sig_s q50 0.1632 max 0.2519  sens 0.00177  D_const +15.705  D_shuf +17.996  (179s)
[fixed/anchored/s2] [g3] step   6000  loss 0.00123  sig_s q50 0.1659 max 0.2539  sens 0.00172  D_const +15.748  D_shuf +18.023  (214s)
[fixed/anchored/s2] [g3] step   7000  loss 0.00127  sig_s q50 0.1671 max 0.2565  sens 0.00166  D_const +15.785  D_shuf +18.047  (250s)
[fixed/anchored/s2] [g3] step   8000  loss 0.00131  sig_s q50 0.1674 max 0.2583  sens 0.00168  D_const +15.749  D_shuf +18.061  (285s)
[fixed/anchored/s2] [g3] step   9000  loss 0.00115  sig_s q50 0.1671 max 0.2597  sens 0.00164  D_const +15.809  D_shuf +18.102  (322s)
[fixed/anchored/s2] [g3] step  10000  loss 0.00118  sig_s q50 0.1671 max 0.2613  sens 0.00162  D_const +15.663  D_shuf +17.918  (357s)
[fixed/anchored/s2] [g3] step  11000  loss 0.00108  sig_s q50 0.1681 max 0.2628  sens 0.00164  D_const +15.653  D_shuf +17.935  (392s)
[fixed/anchored/s2] [g3] step  12000  loss 0.00105  sig_s q50 0.1692 max 0.2644  sens 0.00165  D_const +15.679  D_shuf +17.969  (428s)
[fixed/anchored/s2] [g3] step  13000  loss 0.00104  sig_s q50 0.1706 max 0.2659  sens 0.00162  D_const +15.719  D_shuf +18.014  (463s)
[fixed/anchored/s2] [g3] step  14000  loss 0.00104  sig_s q50 0.1721 max 0.2673  sens 0.00160  D_const +15.831  D_shuf +18.124  (499s)
[fixed/anchored/s2] [g3] step  15000  loss 0.00099  sig_s q50 0.1737 max 0.2682  sens 0.00162  D_const +15.724  D_shuf +18.008  (535s)
[fixed/anchored/s2] [g3] step  16000  loss 0.00091  sig_s q50 0.1750 max 0.2692  sens 0.00161  D_const +15.714  D_shuf +18.002  (569s)
[fixed/anchored/s2] [g3] step  17000  loss 0.00089  sig_s q50 0.1750 max 0.2703  sens 0.00159  D_const +15.788  D_shuf +18.076  (605s)
[fixed/anchored/s2] [g3] step  18000  loss 0.00088  sig_s q50 0.1749 max 0.2711  sens 0.00158  D_const +15.780  D_shuf +18.068  (640s)
[fixed/anchored/s2] [g3] step  19000  loss 0.00087  sig_s q50 0.1756 max 0.2716  sens 0.00158  D_const +15.800  D_shuf +18.090  (677s)
[fixed/anchored/s2] [g3] step  20000  loss 0.00084  sig_s q50 0.1759 max 0.2721  sens 0.00158  D_const +15.753  D_shuf +18.042  (713s)
[fixed/anchored/s2] [g3] step  21000  loss 0.00082  sig_s q50 0.1763 max 0.2726  sens 0.00158  D_const +15.716  D_shuf +18.004  (748s)
[fixed/anchored/s2] [g3] step  22000  loss 0.00081  sig_s q50 0.1765 max 0.2730  sens 0.00156  D_const +15.764  D_shuf +18.050  (783s)
[fixed/anchored/s2] [g3] step  23000  loss 0.00081  sig_s q50 0.1767 max 0.2732  sens 0.00156  D_const +15.758  D_shuf +18.045  (818s)
[fixed/anchored/s2] [g3] step  24000  loss 0.00079  sig_s q50 0.1768 max 0.2734  sens 0.00156  D_const +15.743  D_shuf +18.029  (853s)
[fixed/anchored/s2] [g3] step  25000  loss 0.00080  sig_s q50 0.1769 max 0.2735  sens 0.00156  D_const +15.751  D_shuf +18.037  (888s)
[fixed/anchored/s2] {
[fixed/anchored/s2]  "arm": "anchored",
[fixed/anchored/s2]  "dataset": "fixed",
[fixed/anchored/s2]  "verdict": "no_collapse"
[fixed/anchored/s2] }
[fixed/anchored/s2] [g3] D_shuffle=+17.942 dB  D_const=+15.270 dB  sigma_s q50=0.1769  verdict=no_collapse
[fixed/anchored/s2] G3_RUN_DONE
[grid] END   fixed/anchored/s2  2026-08-03T11:53:58+08:00
[grid] START tiered/naive/s0  2026-08-03T11:53:58+08:00
[tiered/naive/s0] [g3] train 400 pairs / 12000000 px; val 48 pairs; dataset=tiered
[tiered/naive/s0] [g3] arm=naive N=32 params=876
[tiered/naive/s0] [g3] step 0  sigma_s q50=0.1500  D_shuf=+0.000
[tiered/naive/s0] [g3] step   1000  loss 0.00912  sig_s q50 0.1493 max 0.1852  sens 0.00337  D_const +1.346  D_shuf +4.987  (38s)
[tiered/naive/s0] [g3] step   2000  loss 0.00877  sig_s q50 0.1483 max 0.1970  sens 0.00376  D_const +1.515  D_shuf +5.190  (73s)
[tiered/naive/s0] [g3] step   3000  loss 0.00863  sig_s q50 0.1453 max 0.2026  sens 0.00402  D_const +1.106  D_shuf +4.963  (109s)
[tiered/naive/s0] [g3] step   4000  loss 0.00880  sig_s q50 0.1467 max 0.2054  sens 0.00411  D_const +1.065  D_shuf +4.849  (143s)
[tiered/naive/s0] [g3] step   5000  loss 0.00848  sig_s q50 0.1503 max 0.2055  sens 0.00411  D_const +0.469  D_shuf +4.260  (175s)
[tiered/naive/s0] [g3] step   6000  loss 0.00850  sig_s q50 0.1516 max 0.2051  sens 0.00433  D_const +0.492  D_shuf +4.275  (207s)
[tiered/naive/s0] [g3] step   7000  loss 0.00842  sig_s q50 0.1517 max 0.2086  sens 0.00471  D_const +0.345  D_shuf +4.112  (240s)
[tiered/naive/s0] [g3] step   8000  loss 0.00852  sig_s q50 0.1524 max 0.2140  sens 0.00454  D_const +0.653  D_shuf +4.426  (274s)
[tiered/naive/s0] [g3] step   9000  loss 0.00833  sig_s q50 0.1524 max 0.2195  sens 0.00401  D_const +1.051  D_shuf +4.770  (307s)
[tiered/naive/s0] [g3] step  10000  loss 0.00827  sig_s q50 0.1513 max 0.2202  sens 0.00419  D_const +0.898  D_shuf +4.644  (341s)
[tiered/naive/s0] [g3] step  11000  loss 0.00823  sig_s q50 0.1521 max 0.2219  sens 0.00410  D_const +1.099  D_shuf +4.858  (374s)
[tiered/naive/s0] [g3] step  12000  loss 0.00815  sig_s q50 0.1522 max 0.2209  sens 0.00450  D_const +0.376  D_shuf +4.196  (408s)
[tiered/naive/s0] [g3] step  13000  loss 0.00805  sig_s q50 0.1523 max 0.2186  sens 0.00459  D_const +0.708  D_shuf +4.524  (441s)
[tiered/naive/s0] [g3] step  14000  loss 0.00809  sig_s q50 0.1507 max 0.2172  sens 0.00434  D_const +0.848  D_shuf +4.611  (477s)
[tiered/naive/s0] [g3] step  15000  loss 0.00809  sig_s q50 0.1501 max 0.2164  sens 0.00470  D_const +0.747  D_shuf +4.547  (510s)
[tiered/naive/s0] [g3] step  16000  loss 0.00800  sig_s q50 0.1495 max 0.2156  sens 0.00459  D_const +0.415  D_shuf +4.267  (544s)
[tiered/naive/s0] [g3] step  17000  loss 0.00794  sig_s q50 0.1491 max 0.2157  sens 0.00438  D_const +0.671  D_shuf +4.463  (578s)
[tiered/naive/s0] [g3] step  18000  loss 0.00795  sig_s q50 0.1528 max 0.2154  sens 0.00437  D_const +0.656  D_shuf +4.435  (612s)
[tiered/naive/s0] [g3] step  19000  loss 0.00793  sig_s q50 0.1523 max 0.2155  sens 0.00446  D_const +0.593  D_shuf +4.377  (646s)
[tiered/naive/s0] [g3] step  20000  loss 0.00789  sig_s q50 0.1523 max 0.2153  sens 0.00445  D_const +0.693  D_shuf +4.448  (680s)
[tiered/naive/s0] [g3] step  21000  loss 0.00788  sig_s q50 0.1523 max 0.2153  sens 0.00461  D_const +0.343  D_shuf +4.145  (714s)
[tiered/naive/s0] [g3] step  22000  loss 0.00785  sig_s q50 0.1527 max 0.2151  sens 0.00463  D_const +0.650  D_shuf +4.409  (747s)
[tiered/naive/s0] [g3] step  23000  loss 0.00783  sig_s q50 0.1527 max 0.2151  sens 0.00451  D_const +0.585  D_shuf +4.362  (781s)
[tiered/naive/s0] [g3] step  24000  loss 0.00781  sig_s q50 0.1524 max 0.2150  sens 0.00453  D_const +0.507  D_shuf +4.290  (815s)
[tiered/naive/s0] [g3] step  25000  loss 0.00782  sig_s q50 0.1523 max 0.2151  sens 0.00452  D_const +0.654  D_shuf +4.421  (849s)
[tiered/naive/s0] {
[tiered/naive/s0]  "arm": "naive",
[tiered/naive/s0]  "dataset": "tiered",
[tiered/naive/s0]  "verdict": "no_collapse"
[tiered/naive/s0] }
[tiered/naive/s0] [g3] D_shuffle=+6.044 dB  D_const=+2.404 dB  sigma_s q50=0.1523  verdict=no_collapse
[tiered/naive/s0] G3_RUN_DONE
[grid] END   tiered/naive/s0  2026-08-03T12:08:51+08:00
[grid] START tiered/anchored/s0  2026-08-03T12:08:51+08:00
[tiered/anchored/s0] [g3] train 400 pairs / 12000000 px; val 48 pairs; dataset=tiered
[tiered/anchored/s0] [g3] arm=anchored N=32 params=844
[tiered/anchored/s0] [g3] step 0  sigma_s q50=0.1500  D_shuf=+0.000
[tiered/anchored/s0] [g3] step   1000  loss 0.00903  sig_s q50 0.1545 max 0.1878  sens 0.00373  D_const +1.972  D_shuf +5.877  (38s)
[tiered/anchored/s0] [g3] step   2000  loss 0.00901  sig_s q50 0.1561 max 0.1905  sens 0.00384  D_const +1.040  D_shuf +4.916  (76s)
[tiered/anchored/s0] [g3] step   3000  loss 0.00873  sig_s q50 0.1554 max 0.1929  sens 0.00475  D_const +1.739  D_shuf +5.624  (113s)
[tiered/anchored/s0] [g3] step   4000  loss 0.00879  sig_s q50 0.1584 max 0.1945  sens 0.00421  D_const +0.424  D_shuf +4.379  (149s)
[tiered/anchored/s0] [g3] step   5000  loss 0.00874  sig_s q50 0.1596 max 0.1947  sens 0.00422  D_const +0.803  D_shuf +4.774  (186s)
[tiered/anchored/s0] [g3] step   6000  loss 0.00859  sig_s q50 0.1615 max 0.1957  sens 0.00368  D_const +1.065  D_shuf +4.921  (222s)
[tiered/anchored/s0] [g3] step   7000  loss 0.00841  sig_s q50 0.1642 max 0.1957  sens 0.00383  D_const +1.221  D_shuf +4.966  (258s)
[tiered/anchored/s0] [g3] step   8000  loss 0.00843  sig_s q50 0.1665 max 0.1963  sens 0.00427  D_const +0.558  D_shuf +4.370  (295s)
[tiered/anchored/s0] [g3] step   9000  loss 0.00844  sig_s q50 0.1672 max 0.1979  sens 0.00402  D_const +0.906  D_shuf +4.762  (331s)
[tiered/anchored/s0] [g3] step  10000  loss 0.00837  sig_s q50 0.1683 max 0.2002  sens 0.00407  D_const +0.654  D_shuf +4.509  (368s)
[tiered/anchored/s0] [g3] step  11000  loss 0.00829  sig_s q50 0.1698 max 0.2033  sens 0.00448  D_const +0.783  D_shuf +4.662  (406s)
[tiered/anchored/s0] [g3] step  12000  loss 0.00826  sig_s q50 0.1697 max 0.2063  sens 0.00429  D_const +0.826  D_shuf +4.664  (442s)
[tiered/anchored/s0] [g3] step  13000  loss 0.00820  sig_s q50 0.1689 max 0.2075  sens 0.00437  D_const +0.550  D_shuf +4.427  (479s)
[tiered/anchored/s0] [g3] step  14000  loss 0.00824  sig_s q50 0.1705 max 0.2087  sens 0.00424  D_const +0.538  D_shuf +4.416  (515s)
[tiered/anchored/s0] [g3] step  15000  loss 0.00813  sig_s q50 0.1715 max 0.2105  sens 0.00449  D_const +0.596  D_shuf +4.485  (551s)
[tiered/anchored/s0] [g3] step  16000  loss 0.00806  sig_s q50 0.1718 max 0.2121  sens 0.00459  D_const +0.320  D_shuf +4.286  (588s)
[tiered/anchored/s0] [g3] step  17000  loss 0.00799  sig_s q50 0.1718 max 0.2130  sens 0.00457  D_const +0.385  D_shuf +4.387  (624s)
[tiered/anchored/s0] [g3] step  18000  loss 0.00802  sig_s q50 0.1717 max 0.2140  sens 0.00453  D_const +0.497  D_shuf +4.461  (661s)
[tiered/anchored/s0] [g3] step  19000  loss 0.00801  sig_s q50 0.1717 max 0.2155  sens 0.00440  D_const +0.572  D_shuf +4.578  (698s)
[tiered/anchored/s0] [g3] step  20000  loss 0.00796  sig_s q50 0.1725 max 0.2162  sens 0.00464  D_const +0.425  D_shuf +4.445  (734s)
[tiered/anchored/s0] [g3] step  21000  loss 0.00795  sig_s q50 0.1730 max 0.2169  sens 0.00479  D_const +0.361  D_shuf +4.367  (771s)
[tiered/anchored/s0] [g3] step  22000  loss 0.00792  sig_s q50 0.1731 max 0.2174  sens 0.00463  D_const +0.425  D_shuf +4.432  (808s)
[tiered/anchored/s0] [g3] step  23000  loss 0.00791  sig_s q50 0.1731 max 0.2176  sens 0.00469  D_const +0.436  D_shuf +4.456  (844s)
[tiered/anchored/s0] [g3] step  24000  loss 0.00789  sig_s q50 0.1731 max 0.2178  sens 0.00466  D_const +0.400  D_shuf +4.427  (882s)
[tiered/anchored/s0] [g3] step  25000  loss 0.00790  sig_s q50 0.1731 max 0.2179  sens 0.00464  D_const +0.428  D_shuf +4.460  (918s)
[tiered/anchored/s0] {
[tiered/anchored/s0]  "arm": "anchored",
[tiered/anchored/s0]  "dataset": "tiered",
[tiered/anchored/s0]  "verdict": "no_collapse"
[tiered/anchored/s0] }
[tiered/anchored/s0] [g3] D_shuffle=+5.845 dB  D_const=+2.192 dB  sigma_s q50=0.1731  verdict=no_collapse
[tiered/anchored/s0] G3_RUN_DONE
[grid] END   tiered/anchored/s0  2026-08-03T12:24:54+08:00
[grid] START mixed/naive/s0  2026-08-03T12:24:54+08:00
[mixed/naive/s0] [g3] train 400 pairs / 12000000 px; val 48 pairs; dataset=mixed
[mixed/naive/s0] [g3] arm=naive N=32 params=876
[mixed/naive/s0] [g3] step 0  sigma_s q50=0.1500  D_shuf=+0.000
[mixed/naive/s0] [g3] step   1000  loss 0.01022  sig_s q50 0.1509 max 0.1783  sens 0.00042  D_const -0.073  D_shuf +2.176  (37s)
[mixed/naive/s0] [g3] step   2000  loss 0.01024  sig_s q50 0.1535 max 0.1778  sens 0.00042  D_const -0.124  D_shuf +1.853  (73s)
[mixed/naive/s0] [g3] step   3000  loss 0.01025  sig_s q50 0.1560 max 0.1933  sens 0.00045  D_const -0.169  D_shuf +1.638  (108s)
[mixed/naive/s0] [g3] step   4000  loss 0.01017  sig_s q50 0.1579 max 0.2029  sens 0.00031  D_const -0.223  D_shuf +1.877  (143s)
[mixed/naive/s0] [g3] step   5000  loss 0.01027  sig_s q50 0.1580 max 0.2073  sens 0.00036  D_const -0.060  D_shuf +2.008  (178s)
[mixed/naive/s0] [g3] step   6000  loss 0.01009  sig_s q50 0.1618 max 0.2078  sens 0.00035  D_const -0.141  D_shuf +2.121  (213s)
[mixed/naive/s0] [g3] step   7000  loss 0.00999  sig_s q50 0.1625 max 0.2096  sens 0.00039  D_const -0.144  D_shuf +2.298  (248s)
[mixed/naive/s0] [g3] step   8000  loss 0.00994  sig_s q50 0.1663 max 0.2142  sens 0.00035  D_const -0.078  D_shuf +2.179  (283s)
[mixed/naive/s0] [g3] step   9000  loss 0.00995  sig_s q50 0.1686 max 0.2328  sens 0.00031  D_const -0.183  D_shuf +2.319  (318s)
[mixed/naive/s0] [g3] step  10000  loss 0.00993  sig_s q50 0.1722 max 0.2282  sens 0.00038  D_const -0.190  D_shuf +2.387  (355s)
[mixed/naive/s0] [g3] step  11000  loss 0.00990  sig_s q50 0.1724 max 0.2245  sens 0.00040  D_const -0.196  D_shuf +2.495  (389s)
[mixed/naive/s0] [g3] step  12000  loss 0.00972  sig_s q50 0.1725 max 0.2269  sens 0.00039  D_const -0.187  D_shuf +2.526  (424s)
[mixed/naive/s0] [g3] step  13000  loss 0.00961  sig_s q50 0.1758 max 0.2285  sens 0.00039  D_const -0.236  D_shuf +2.530  (458s)
[mixed/naive/s0] [g3] step  14000  loss 0.00960  sig_s q50 0.1759 max 0.2312  sens 0.00032  D_const -0.200  D_shuf +2.523  (492s)
[mixed/naive/s0] [g3] step  15000  loss 0.00952  sig_s q50 0.1755 max 0.2329  sens 0.00047  D_const -0.346  D_shuf +2.316  (526s)
[mixed/naive/s0] [g3] step  16000  loss 0.00948  sig_s q50 0.1745 max 0.2342  sens 0.00032  D_const -0.228  D_shuf +2.446  (560s)
[mixed/naive/s0] [g3] step  17000  loss 0.00940  sig_s q50 0.1757 max 0.2348  sens 0.00045  D_const -0.288  D_shuf +2.337  (595s)
[mixed/naive/s0] [g3] step  18000  loss 0.00944  sig_s q50 0.1757 max 0.2358  sens 0.00041  D_const -0.297  D_shuf +2.409  (629s)
[mixed/naive/s0] [g3] step  19000  loss 0.00936  sig_s q50 0.1747 max 0.2366  sens 0.00036  D_const -0.304  D_shuf +2.360  (664s)
[mixed/naive/s0] [g3] step  20000  loss 0.00930  sig_s q50 0.1737 max 0.2373  sens 0.00036  D_const -0.321  D_shuf +2.398  (698s)
[mixed/naive/s0] [g3] step  21000  loss 0.00934  sig_s q50 0.1760 max 0.2376  sens 0.00040  D_const -0.338  D_shuf +2.343  (733s)
[mixed/naive/s0] [g3] step  22000  loss 0.00927  sig_s q50 0.1776 max 0.2377  sens 0.00036  D_const -0.333  D_shuf +2.323  (770s)
[mixed/naive/s0] [g3] step  23000  loss 0.00928  sig_s q50 0.1774 max 0.2379  sens 0.00033  D_const -0.274  D_shuf +2.396  (805s)
[mixed/naive/s0] [g3] step  24000  loss 0.00927  sig_s q50 0.1773 max 0.2380  sens 0.00034  D_const -0.311  D_shuf +2.372  (840s)
[mixed/naive/s0] [g3] step  25000  loss 0.00921  sig_s q50 0.1773 max 0.2381  sens 0.00033  D_const -0.303  D_shuf +2.357  (875s)
[mixed/naive/s0] {
[mixed/naive/s0]  "arm": "naive",
[mixed/naive/s0]  "dataset": "mixed",
[mixed/naive/s0]  "verdict": "inconclusive"
[mixed/naive/s0] }
[mixed/naive/s0] [g3] D_shuffle=+0.585 dB  D_const=-1.286 dB  sigma_s q50=0.1773  verdict=inconclusive
[mixed/naive/s0] G3_RUN_DONE
[grid] END   mixed/naive/s0  2026-08-03T12:40:09+08:00
[grid] START mixed/anchored/s0  2026-08-03T12:40:09+08:00
[mixed/anchored/s0] [g3] train 400 pairs / 12000000 px; val 48 pairs; dataset=mixed
[mixed/anchored/s0] [g3] arm=anchored N=32 params=844
[mixed/anchored/s0] [g3] step 0  sigma_s q50=0.1500  D_shuf=+0.000
[mixed/anchored/s0] [g3] step   1000  loss 0.01030  sig_s q50 0.1553 max 0.1932  sens 0.00104  D_const -0.005  D_shuf +2.073  (39s)
[mixed/anchored/s0] [g3] step   2000  loss 0.01011  sig_s q50 0.1598 max 0.2110  sens 0.00092  D_const -0.061  D_shuf +2.681  (74s)
[mixed/anchored/s0] [g3] step   3000  loss 0.01031  sig_s q50 0.1658 max 0.2227  sens 0.00093  D_const -0.081  D_shuf +2.505  (109s)
[mixed/anchored/s0] [g3] step   4000  loss 0.01000  sig_s q50 0.1711 max 0.2403  sens 0.00095  D_const +0.014  D_shuf +2.722  (145s)
[mixed/anchored/s0] [g3] step   5000  loss 0.00981  sig_s q50 0.1786 max 0.2544  sens 0.00080  D_const +0.032  D_shuf +2.444  (180s)
[mixed/anchored/s0] [g3] step   6000  loss 0.00976  sig_s q50 0.1828 max 0.2596  sens 0.00056  D_const +0.141  D_shuf +2.149  (216s)
[mixed/anchored/s0] [g3] step   7000  loss 0.00988  sig_s q50 0.1884 max 0.2625  sens 0.00070  D_const -0.007  D_shuf +1.856  (251s)
[mixed/anchored/s0] [g3] step   8000  loss 0.00993  sig_s q50 0.1907 max 0.2644  sens 0.00061  D_const +0.226  D_shuf +1.774  (290s)
[mixed/anchored/s0] [g3] step   9000  loss 0.00986  sig_s q50 0.1910 max 0.2658  sens 0.00074  D_const +0.322  D_shuf +1.693  (325s)
[mixed/anchored/s0] [g3] step  10000  loss 0.00973  sig_s q50 0.1911 max 0.2669  sens 0.00075  D_const +0.075  D_shuf +1.841  (360s)
[mixed/anchored/s0] [g3] step  11000  loss 0.00971  sig_s q50 0.1950 max 0.2682  sens 0.00068  D_const -0.302  D_shuf +1.679  (401s)
[mixed/anchored/s0] [g3] step  12000  loss 0.00962  sig_s q50 0.1961 max 0.2694  sens 0.00077  D_const -0.154  D_shuf +1.895  (442s)
[mixed/anchored/s0] [g3] step  13000  loss 0.00965  sig_s q50 0.1976 max 0.2703  sens 0.00072  D_const -0.287  D_shuf +1.957  (477s)
[mixed/anchored/s0] [g3] step  14000  loss 0.00961  sig_s q50 0.1987 max 0.2711  sens 0.00062  D_const -0.268  D_shuf +1.872  (513s)
[mixed/anchored/s0] [g3] step  15000  loss 0.00955  sig_s q50 0.2000 max 0.2755  sens 0.00068  D_const -0.347  D_shuf +1.839  (548s)
[mixed/anchored/s0] [g3] step  16000  loss 0.00947  sig_s q50 0.2028 max 0.2800  sens 0.00065  D_const -0.347  D_shuf +1.850  (586s)
[mixed/anchored/s0] [g3] step  17000  loss 0.00940  sig_s q50 0.2043 max 0.2834  sens 0.00068  D_const -0.466  D_shuf +1.817  (621s)
[mixed/anchored/s0] [g3] step  18000  loss 0.00938  sig_s q50 0.2050 max 0.2860  sens 0.00066  D_const -0.427  D_shuf +1.829  (656s)
[mixed/anchored/s0] [g3] step  19000  loss 0.00933  sig_s q50 0.2057 max 0.2878  sens 0.00068  D_const -0.472  D_shuf +1.850  (691s)
[mixed/anchored/s0] [g3] step  20000  loss 0.00930  sig_s q50 0.2062 max 0.2890  sens 0.00064  D_const -0.427  D_shuf +1.891  (726s)
[mixed/anchored/s0] [g3] step  21000  loss 0.00932  sig_s q50 0.2065 max 0.2898  sens 0.00064  D_const -0.444  D_shuf +1.891  (761s)
[mixed/anchored/s0] [g3] step  22000  loss 0.00925  sig_s q50 0.2067 max 0.2903  sens 0.00065  D_const -0.438  D_shuf +1.907  (796s)
[mixed/anchored/s0] [g3] step  23000  loss 0.00925  sig_s q50 0.2068 max 0.2906  sens 0.00064  D_const -0.449  D_shuf +1.873  (831s)
[mixed/anchored/s0] [g3] step  24000  loss 0.00924  sig_s q50 0.2069 max 0.2907  sens 0.00062  D_const -0.450  D_shuf +1.886  (867s)
[mixed/anchored/s0] [g3] step  25000  loss 0.00918  sig_s q50 0.2070 max 0.2908  sens 0.00062  D_const -0.420  D_shuf +1.921  (902s)
[mixed/anchored/s0] {
[mixed/anchored/s0]  "arm": "anchored",
[mixed/anchored/s0]  "dataset": "mixed",
[mixed/anchored/s0]  "verdict": "inconclusive"
[mixed/anchored/s0] }
[mixed/anchored/s0] [g3] D_shuffle=+0.325 dB  D_const=-1.354 dB  sigma_s q50=0.2070  verdict=inconclusive
[mixed/anchored/s0] G3_RUN_DONE
[grid] END   mixed/anchored/s0  2026-08-03T12:55:51+08:00
[grid] all runs finished, analysing 2026-08-03T12:55:51+08:00
[g3] 10 runs: ['fixed_anchored_s0', 'fixed_anchored_s1', 'fixed_anchored_s2', 'fixed_naive_s0', 'fixed_naive_s1', 'fixed_naive_s2', 'mixed_anchored_s0', 'mixed_naive_s0', 'tiered_anchored_s0', 'tiered_naive_s0']
[g3] figures written
[g3] 24 rendered examples
  fixed   anchored  n=3 D_shuf +18.130 sig_s q50 0.1779 max 0.2746 sens 0.00161 psnr_in 44.68 (21.28) {'no_collapse'}
  fixed   naive     n=3 D_shuf +18.080 sig_s q50 0.1430 max 0.2014 sens 0.00161 psnr_in 44.49 (21.28) {'no_collapse'}
  mixed   anchored  n=1 D_shuf  +0.325 sig_s q50 0.2070 max 0.2908 sens 0.00062 psnr_in 28.55 (30.03) {'inconclusive'}
  mixed   naive     n=1 D_shuf  +0.585 sig_s q50 0.1773 max 0.2381 sens 0.00033 psnr_in 28.71 (30.03) {'inconclusive'}
  tiered  anchored  n=1 D_shuf  +5.845 sig_s q50 0.1731 max 0.2179 sens 0.00464 psnr_in 26.77 (24.32) {'no_collapse'}
  tiered  naive     n=1 D_shuf  +6.044 sig_s q50 0.1523 max 0.2151 sens 0.00452 psnr_in 26.99 (24.32) {'no_collapse'}
G3_ANALYZE_DONE
G3_FULL_DONE
